Component: ARM Compiler 5.06 update 1 (build 61) Tool: armlink [4d35a8]

==============================================================================

Section Cross References

    startup_stm32f413xx.o(RESET) refers to startup_stm32f413xx.o(STACK) for __initial_sp
    startup_stm32f413xx.o(RESET) refers to startup_stm32f413xx.o(.text) for Reset_Handler
    startup_stm32f413xx.o(RESET) refers to stm32f4xx_it.o(i.NMI_Handler) for NMI_Handler
    startup_stm32f413xx.o(RESET) refers to stm32f4xx_it.o(i.HardFault_Handler) for HardFault_Handler
    startup_stm32f413xx.o(RESET) refers to stm32f4xx_it.o(i.MemManage_Handler) for MemManage_Handler
    startup_stm32f413xx.o(RESET) refers to stm32f4xx_it.o(i.BusFault_Handler) for BusFault_Handler
    startup_stm32f413xx.o(RESET) refers to stm32f4xx_it.o(i.UsageFault_Handler) for UsageFault_Handler
    startup_stm32f413xx.o(RESET) refers to port.o(.emb_text) for SVC_Handler
    startup_stm32f413xx.o(RESET) refers to stm32f4xx_it.o(i.DebugMon_Handler) for DebugMon_Handler
    startup_stm32f413xx.o(RESET) refers to stm32f4xx_it.o(i.SysTick_Handler) for SysTick_Handler
    startup_stm32f413xx.o(RESET) refers to stm32f4xx_it.o(i.DMA1_Stream0_IRQHandler) for DMA1_Stream0_IRQHandler
    startup_stm32f413xx.o(RESET) refers to stm32f4xx_it.o(i.DMA1_Stream1_IRQHandler) for DMA1_Stream1_IRQHandler
    startup_stm32f413xx.o(RESET) refers to stm32f4xx_it.o(i.DMA1_Stream5_IRQHandler) for DMA1_Stream5_IRQHandler
    startup_stm32f413xx.o(RESET) refers to stm32f4xx_it.o(i.CAN1_RX0_IRQHandler) for CAN1_RX0_IRQHandler
    startup_stm32f413xx.o(RESET) refers to stm32f4xx_it.o(i.TIM4_IRQHandler) for TIM4_IRQHandler
    startup_stm32f413xx.o(RESET) refers to stm32f4xx_it.o(i.USART1_IRQHandler) for USART1_IRQHandler
    startup_stm32f413xx.o(RESET) refers to stm32f4xx_it.o(i.USART2_IRQHandler) for USART2_IRQHandler
    startup_stm32f413xx.o(RESET) refers to stm32f4xx_it.o(i.USART3_IRQHandler) for USART3_IRQHandler
    startup_stm32f413xx.o(RESET) refers to stm32f4xx_it.o(i.UART5_IRQHandler) for UART5_IRQHandler
    startup_stm32f413xx.o(RESET) refers to stm32f4xx_it.o(i.DMA2_Stream2_IRQHandler) for DMA2_Stream2_IRQHandler
    startup_stm32f413xx.o(RESET) refers to stm32f4xx_it.o(i.CAN2_RX0_IRQHandler) for CAN2_RX0_IRQHandler
    startup_stm32f413xx.o(RESET) refers to stm32f4xx_it.o(i.CAN3_RX0_IRQHandler) for CAN3_RX0_IRQHandler
    startup_stm32f413xx.o(.text) refers to system_stm32f4xx.o(i.SystemInit) for SystemInit
    startup_stm32f413xx.o(.text) refers to entry.o(.ARM.Collect$$$$00000000) for __main
    adas.o(i.CalADASData) refers to dfltui.o(.text) for __aeabi_ui2d
    adas.o(i.CalADASData) refers to dmul.o(.text) for __aeabi_dmul
    adas.o(i.CalADASData) refers to d2f.o(.text) for __aeabi_d2f
    internalflash.o(i.FlashErase) refers to stm32f4xx_hal_flash_ex.o(i.HAL_FLASHEx_Erase) for HAL_FLASHEx_Erase
    internalflash.o(i.FlashWrite_Uint32) refers to stm32f4xx_hal_flash.o(i.HAL_FLASH_Unlock) for HAL_FLASH_Unlock
    internalflash.o(i.FlashWrite_Uint32) refers to internalflash.o(i.FlashErase) for FlashErase
    internalflash.o(i.FlashWrite_Uint32) refers to stm32f4xx_hal_flash.o(i.HAL_FLASH_Program) for HAL_FLASH_Program
    internalflash.o(i.FlashWrite_Uint32) refers to stm32f4xx_hal_flash.o(i.HAL_FLASH_Lock) for HAL_FLASH_Lock
    wtn6040.o(i.WTN6_Broadcast) refers to stm32f4xx_hal_gpio.o(i.HAL_GPIO_ReadPin) for HAL_GPIO_ReadPin
    wtn6040.o(i.WTN6_Broadcast) refers to stm32f4xx_hal_gpio.o(i.HAL_GPIO_WritePin) for HAL_GPIO_WritePin
    wtn6040.o(i.WTN6_Broadcast) refers to delay.o(i.Delay_ms) for Delay_ms
    wtn6040.o(i.WTN6_Broadcast) refers to delay.o(i.Delay_us) for Delay_us
    delay.o(i.Delay_ms) refers to delay.o(i.Delay_us) for Delay_us
    delay.o(i.Delay_us) refers to delay.o(.data) for .data
    delay.o(i.delay_init) refers to stm32f4xx_hal_cortex.o(i.HAL_SYSTICK_CLKSourceConfig) for HAL_SYSTICK_CLKSourceConfig
    delay.o(i.delay_init) refers to delay.o(.data) for .data
    ars408.o(i.ARS_ConfigFilter) refers to stm32f4xx_hal_can.o(i.HAL_CAN_AddTxMessage) for HAL_CAN_AddTxMessage
    ars408.o(i.ARS_ConfigFilter) refers to main.o(.data) for RadarFilterConfig
    ars408.o(i.ARS_ConfigFilter) refers to ars408.o(.data) for .data
    ars408.o(i.ARS_ConfigRadar) refers to stm32f4xx_hal_can.o(i.HAL_CAN_AddTxMessage) for HAL_CAN_AddTxMessage
    ars408.o(i.ARS_ConfigRadar) refers to main.o(.bss) for RadarConfig
    ars408.o(i.ARS_ConfigRadar) refers to ars408.o(.data) for .data
    ars408.o(i.ARS_GetRadarObjStatus) refers to main.o(.data) for RadarObjStatus
    ars408.o(i.ARS_Init) refers to memcpya.o(.text) for __aeabi_memcpy4
    ars408.o(i.ARS_Init) refers to stm32f4xx_hal_can.o(i.HAL_CAN_ConfigFilter) for HAL_CAN_ConfigFilter
    ars408.o(i.ARS_Init) refers to stm32f4xx_hal_can.o(i.HAL_CAN_Start) for HAL_CAN_Start
[...]
    .ARM.Collect$$$$00000001                 0x080001d8   Section        4  entry2.o(.ARM.Collect$$$$00000001)
    .ARM.Collect$$$$00000004                 0x080001dc   Section        4  entry5.o(.ARM.Collect$$$$00000004)
    .ARM.Collect$$$$00000008                 0x080001e0   Section        0  entry7b.o(.ARM.Collect$$$$00000008)
    .ARM.Collect$$$$0000000A                 0x080001e0   Section        0  entry8b.o(.ARM.Collect$$$$0000000A)
    .ARM.Collect$$$$0000000B                 0x080001e0   Section        8  entry9a.o(.ARM.Collect$$$$0000000B)
    .ARM.Collect$$$$0000000D                 0x080001e8   Section        0  entry10a.o(.ARM.Collect$$$$0000000D)
    .ARM.Collect$$$$0000000F                 0x080001e8   Section        0  entry11a.o(.ARM.Collect$$$$0000000F)
    .ARM.Collect$$$$00002712                 0x080001e8   Section        4  entry2.o(.ARM.Collect$$$$00002712)
    __lit__00000000                          0x080001e8   Data           4  entry2.o(.ARM.Collect$$$$00002712)
    .emb_text                                0x080001ec   Section      186  port.o(.emb_text)
    $v0                                      0x080001ec   Number         0  port.o(.emb_text)
    .text                                    0x080002a8   Section       36  startup_stm32f413xx.o(.text)
    $v0                                      0x080002a8   Number         0  startup_stm32f413xx.o(.text)
    .text                                    0x080002cc   Section        0  uldiv.o(.text)
    .text                                    0x0800032e   Section        0  memcpya.o(.text)
    .text                                    0x08000352   Section        0  dmul.o(.text)
    .text                                    0x08000436   Section        0  dfltui.o(.text)
    .text                                    0x08000450   Section        0  d2f.o(.text)
    .text                                    0x08000488   Section        0  llshl.o(.text)
    .text                                    0x080004a6   Section        0  llushr.o(.text)
    .text                                    0x080004c6   Section        0  fepilogue.o(.text)
    .text                                    0x080004c6   Section        0  iusefp.o(.text)
    .text                                    0x08000534   Section        0  depilogue.o(.text)
    .text                                    0x080005f0   Section       36  init.o(.text)
    i.ARS_GetRadarObjGeneral                 0x08000614   Section        0  ars408.o(i.ARS_GetRadarObjGeneral)
    i.ARS_Init                               0x080006a8   Section        0  ars408.o(i.ARS_Init)
    i.BusFault_Handler                       0x080006d8   Section        0  stm32f4xx_it.o(i.BusFault_Handler)
    i.CAN1_RX0_IRQHandler                    0x080006dc   Section        0  stm32f4xx_it.o(i.CAN1_RX0_IRQHandler)
    i.CAN2_RX0_IRQHandler                    0x080006e8   Section        0  stm32f4xx_it.o(i.CAN2_RX0_IRQHandler)
    i.CAN3_RX0_IRQHandler                    0x080006f4   Section        0  stm32f4xx_it.o(i.CAN3_RX0_IRQHandler)
    i.CalADASData                            0x08000700   Section        0  adas.o(i.CalADASData)
    i.DMA1_Stream0_IRQHandler                0x080007bc   Section        0  stm32f4xx_it.o(i.DMA1_Stream0_IRQHandler)
    i.DMA1_Stream1_IRQHandler                0x080007c8   Section        0  stm32f4xx_it.o(i.DMA1_Stream1_IRQHandler)
    i.DMA1_Stream5_IRQHandler                0x080007d4   Section        0  stm32f4xx_it.o(i.DMA1_Stream5_IRQHandler)
    i.DMA2_Stream2_IRQHandler                0x080007e0   Section        0  stm32f4xx_it.o(i.DMA2_Stream2_IRQHandler)
    i.DMA_CalcBaseAndBitshift                0x080007ec   Section        0  stm32f4xx_hal_dma.o(i.DMA_CalcBaseAndBitshift)
    DMA_CalcBaseAndBitshift                  0x080007ed   Thumb Code    34  stm32f4xx_hal_dma.o(i.DMA_CalcBaseAndBitshift)
    i.DMA_CheckFifoParam                     0x08000814   Section        0  stm32f4xx_hal_dma.o(i.DMA_CheckFifoParam)
    DMA_CheckFifoParam                       0x08000815   Thumb Code    84  stm32f4xx_hal_dma.o(i.DMA_CheckFifoParam)
    i.DebugMon_Handler                       0x08000868   Section        0  stm32f4xx_it.o(i.DebugMon_Handler)
    i.HAL_CAN_ActivateNotification           0x0800086a   Section        0  stm32f4xx_hal_can.o(i.HAL_CAN_ActivateNotification)
    i.HAL_CAN_ConfigFilter                   0x08000894   Section        0  stm32f4xx_hal_can.o(i.HAL_CAN_ConfigFilter)
    i.HAL_CAN_ErrorCallback                  0x080009b4   Section        0  stm32f4xx_hal_can.o(i.HAL_CAN_ErrorCallback)
    i.HAL_CAN_GetRxMessage                   0x080009b6   Section        0  stm32f4xx_hal_can.o(i.HAL_CAN_GetRxMessage)
    i.HAL_CAN_IRQHandler                     0x08000ab0   Section        0  stm32f4xx_hal_can.o(i.HAL_CAN_IRQHandler)
    i.HAL_CAN_Init                           0x08000cac   Section        0  stm32f4xx_hal_can.o(i.HAL_CAN_Init)
    i.HAL_CAN_MspInit                        0x08000dc8   Section        0  stm32f4xx_hal_msp.o(i.HAL_CAN_MspInit)
    i.HAL_CAN_RxFifo0FullCallback            0x08000ea4   Section        0  main.o(i.HAL_CAN_RxFifo0FullCallback)
    i.HAL_CAN_RxFifo0MsgPendingCallback      0x08000ecc   Section        0  stm32f4xx_hal_can.o(i.HAL_CAN_RxFifo0MsgPendingCallback)
    i.HAL_CAN_RxFifo1FullCallback            0x08000ece   Section        0  stm32f4xx_hal_can.o(i.HAL_CAN_RxFifo1FullCallback)
    i.HAL_CAN_RxFifo1MsgPendingCallback      0x08000ed0   Section        0  stm32f4xx_hal_can.o(i.HAL_CAN_RxFifo1MsgPendingCallback)
    i.HAL_CAN_SleepCallback                  0x08000ed2   Section        0  stm32f4xx_hal_can.o(i.HAL_CAN_SleepCallback)
    i.HAL_CAN_Start                          0x08000ed4   Section        0  stm32f4xx_hal_can.o(i.HAL_CAN_Start)
    i.HAL_CAN_TxMailbox0AbortCallback        0x08000f2c   Section        0  stm32f4xx_hal_can.o(i.HAL_CAN_TxMailbox0AbortCallback)
    i.HAL_CAN_TxMailbox0CompleteCallback     0x08000f2e   Section        0  stm32f4xx_hal_can.o(i.HAL_CAN_TxMailbox0CompleteCallback)
    i.HAL_CAN_TxMailbox1AbortCallback        0x08000f30   Section        0  stm32f4xx_hal_can.o(i.HAL_CAN_TxMailbox1AbortCallback)
    i.HAL_CAN_TxMailbox1CompleteCallback     0x08000f32   Section        0  stm32f4xx_hal_can.o(i.HAL_CAN_TxMailbox1CompleteCallback)
    i.HAL_CAN_TxMailbox2AbortCallback        0x08000f34   Section        0  stm32f4xx_hal_can.o(i.HAL_CAN_TxMailbox2AbortCallback)
    i.HAL_CAN_TxMailbox2CompleteCallback     0x08000f36   Section        0  stm32f4xx_hal_can.o(i.HAL_CAN_TxMailbox2CompleteCallback)
    i.HAL_CAN_WakeUpFromRxMsgCallback        0x08000f38   Section        0  stm32f4xx_hal_can.o(i.HAL_CAN_WakeUpFromRxMsgCallback)
    i.HAL_CRC_Init                           0x08000f3a   Section        0  stm32f4xx_hal_crc.o(i.HAL_CRC_Init)
    i.HAL_CRC_MspInit                        0x08000f60   Section        0  stm32f4xx_hal_msp.o(i.HAL_CRC_MspInit)
    i.HAL_DMA_Abort                          0x08000f88   Section        0  stm32f4xx_hal_dma.o(i.HAL_DMA_Abort)
    i.HAL_DMA_Abort_IT                       0x08001016   Section        0  stm32f4xx_hal_dma.o(i.HAL_DMA_Abort_IT)
    i.HAL_DMA_IRQHandler                     0x0800103c   Section        0  stm32f4xx_hal_dma.o(i.HAL_DMA_IRQHandler)
    i.HAL_DMA_Init                           0x080011dc   Section        0  stm32f4xx_hal_dma.o(i.HAL_DMA_Init)
    i.HAL_GPIO_Init                          0x080012b0   Section        0  stm32f4xx_hal_gpio.o(i.HAL_GPIO_Init)
    i.HAL_GPIO_TogglePin                     0x08001454   Section        0  stm32f4xx_hal_gpio.o(i.HAL_GPIO_TogglePin)
    i.HAL_GPIO_WritePin                      0x0800145c   Section        0  stm32f4xx_hal_gpio.o(i.HAL_GPIO_WritePin)
    i.HAL_GetTick                            0x08001468   Section        0  stm32f4xx_hal.o(i.HAL_GetTick)
    i.HAL_IncTick                            0x08001474   Section        0  stm32f4xx_hal.o(i.HAL_IncTick)
    i.HAL_Init                               0x08001484   Section        0  stm32f4xx_hal.o(i.HAL_Init)
    i.HAL_InitTick                           0x080014b8   Section        0  stm32f4xx_hal_timebase_tim.o(i.HAL_InitTick)
    i.HAL_MspInit                            0x0800152c   Section        0  stm32f4xx_hal_msp.o(i.HAL_MspInit)
    i.HAL_NVIC_EnableIRQ                     0x0800159c   Section        0  stm32f4xx_hal_cortex.o(i.HAL_NVIC_EnableIRQ)
    i.HAL_NVIC_SetPriority                   0x080015b4   Section        0  stm32f4xx_hal_cortex.o(i.HAL_NVIC_SetPriority)
    i.HAL_NVIC_SetPriorityGrouping           0x080015f4   Section        0  stm32f4xx_hal_cortex.o(i.HAL_NVIC_SetPriorityGrouping)
    i.HAL_RCC_ClockConfig                    0x08001618   Section        0  stm32f4xx_hal_rcc.o(i.HAL_RCC_ClockConfig)
    i.HAL_RCC_GetClockConfig                 0x08001748   Section        0  stm32f4xx_hal_rcc.o(i.HAL_RCC_GetClockConfig)
    i.HAL_RCC_GetHCLKFreq                    0x08001788   Section        0  stm32f4xx_hal_rcc.o(i.HAL_RCC_GetHCLKFreq)
    i.HAL_RCC_GetPCLK1Freq                   0x08001794   Section        0  stm32f4xx_hal_rcc.o(i.HAL_RCC_GetPCLK1Freq)
    i.HAL_RCC_GetPCLK2Freq                   0x080017b4   Section        0  stm32f4xx_hal_rcc.o(i.HAL_RCC_GetPCLK2Freq)
    i.HAL_RCC_GetSysClockFreq                0x080017d4   Section        0  stm32f4xx_hal_rcc.o(i.HAL_RCC_GetSysClockFreq)
    i.HAL_RCC_OscConfig                      0x08001834   Section        0  stm32f4xx_hal_rcc_ex.o(i.HAL_RCC_OscConfig)
    i.HAL_SYSTICK_CLKSourceConfig            0x08001b58   Section        0  stm32f4xx_hal_cortex.o(i.HAL_SYSTICK_CLKSourceConfig)
    i.HAL_SYSTICK_Config                     0x08001b70   Section        0  stm32f4xx_hal_cortex.o(i.HAL_SYSTICK_Config)
    i.HAL_TIMEx_BreakCallback                0x08001b98   Section        0  stm32f4xx_hal_tim_ex.o(i.HAL_TIMEx_BreakCallback)
    i.HAL_TIMEx_CommutationCallback          0x08001b9a   Section        0  stm32f4xx_hal_tim_ex.o(i.HAL_TIMEx_CommutationCallback)
    i.HAL_TIMEx_MasterConfigSynchronization  0x08001b9c   Section        0  stm32f4xx_hal_tim_ex.o(i.HAL_TIMEx_MasterConfigSynchronization)
    i.HAL_TIM_Base_Init                      0x08001bec   Section        0  stm32f4xx_hal_tim.o(i.HAL_TIM_Base_Init)
    i.HAL_TIM_Base_MspInit                   0x08001c24   Section        0  stm32f4xx_hal_msp.o(i.HAL_TIM_Base_MspInit)
    i.HAL_TIM_Base_Start_IT                  0x08001c60   Section        0  stm32f4xx_hal_tim.o(i.HAL_TIM_Base_Start_IT)
    i.HAL_TIM_ConfigClockSource              0x08001c78   Section        0  stm32f4xx_hal_tim.o(i.HAL_TIM_ConfigClockSource)
    i.HAL_TIM_IC_CaptureCallback             0x08001d6a   Section        0  stm32f4xx_hal_tim.o(i.HAL_TIM_IC_CaptureCallback)
    i.HAL_TIM_IRQHandler                     0x08001d6c   Section        0  stm32f4xx_hal_tim.o(i.HAL_TIM_IRQHandler)
    i.HAL_TIM_OC_DelayElapsedCallback        0x08001ed2   Section        0  stm32f4xx_hal_tim.o(i.HAL_TIM_OC_DelayElapsedCallback)
    i.HAL_TIM_PWM_PulseFinishedCallback      0x08001ed4   Section        0  stm32f4xx_hal_tim.o(i.HAL_TIM_PWM_PulseFinishedCallback)
    i.HAL_TIM_PeriodElapsedCallback          0x08001ed8   Section        0  main.o(i.HAL_TIM_PeriodElapsedCallback)
    i.HAL_TIM_TriggerCallback                0x08001eec   Section        0  stm32f4xx_hal_tim.o(i.HAL_TIM_TriggerCallback)
    i.HAL_UART_DMAStop                       0x08001eee   Section        0  stm32f4xx_hal_uart.o(i.HAL_UART_DMAStop)
    i.HAL_UART_ErrorCallback                 0x08001f46   Section        0  stm32f4xx_hal_uart.o(i.HAL_UART_ErrorCallback)
    i.HAL_UART_IRQHandler                    0x08001f48   Section        0  stm32f4xx_hal_uart.o(i.HAL_UART_IRQHandler)
    i.HAL_UART_Init                          0x08002058   Section        0  stm32f4xx_hal_uart.o(i.HAL_UART_Init)
    i.HAL_UART_MspInit                       0x080020bc   Section        0  stm32f4xx_hal_msp.o(i.HAL_UART_MspInit)
    i.HAL_UART_RxCpltCallback                0x0800237c   Section        0  stm32f4xx_hal_uart.o(i.HAL_UART_RxCpltCallback)
    i.HAL_UART_TxCpltCallback                0x0800237e   Section        0  stm32f4xx_hal_uart.o(i.HAL_UART_TxCpltCallback)
    i.HardFault_Handler                      0x08002380   Section        0  stm32f4xx_it.o(i.HardFault_Handler)
    i.MX_CAN1_Init                           0x08002384   Section        0  main.o(i.MX_CAN1_Init)
    MX_CAN1_Init                             0x08002385   Thumb Code    54  main.o(i.MX_CAN1_Init)
    i.MX_CAN2_Init                           0x080023c4   Section        0  main.o(i.MX_CAN2_Init)
    MX_CAN2_Init                             0x080023c5   Thumb Code    54  main.o(i.MX_CAN2_Init)
    i.MX_CAN3_Init                           0x08002404   Section        0  main.o(i.MX_CAN3_Init)
    MX_CAN3_Init                             0x08002405   Thumb Code    54  main.o(i.MX_CAN3_Init)
    i.MX_DMA_Init                            0x08002444   Section        0  main.o(i.MX_DMA_Init)
    MX_DMA_Init                              0x08002445   Thumb Code   104  main.o(i.MX_DMA_Init)
    i.MX_GPIO_Init                           0x080024b0   Section        0  main.o(i.MX_GPIO_Init)
    MX_GPIO_Init                             0x080024b1   Thumb Code   242  main.o(i.MX_GPIO_Init)
    i.MX_TIM2_Init                           0x080025b8   Section        0  main.o(i.MX_TIM2_Init)
    MX_TIM2_Init                             0x080025b9   Thumb Code    70  main.o(i.MX_TIM2_Init)
    i.MX_TIM3_Init                           0x08002604   Section        0  main.o(i.MX_TIM3_Init)
    MX_TIM3_Init                             0x08002605   Thumb Code    68  main.o(i.MX_TIM3_Init)
    i.MemManage_Handler                      0x08002650   Section        0  stm32f4xx_it.o(i.MemManage_Handler)
    i.NMI_Handler                            0x08002652   Section        0  stm32f4xx_it.o(i.NMI_Handler)
    i.NVIC_SetPriority                       0x08002654   Section        0  stm32f4xx_hal_cortex.o(i.NVIC_SetPriority)
    NVIC_SetPriority                         0x08002655   Thumb Code    32  stm32f4xx_hal_cortex.o(i.NVIC_SetPriority)
    i.StartADASCommTask                      0x08002674   Section        0  main.o(i.StartADASCommTask)
    i.StartCANSpeedReadTask                  0x080026a8   Section        0  main.o(i.StartCANSpeedReadTask)
    i.StartDefaultTask                       0x080026b0   Section        0  main.o(i.StartDefaultTask)
    i.StartLightWarningTask                  0x080026b8   Section        0  main.o(i.StartLightWarningTask)
    i.StartRadarCommTask                     0x080026c0   Section        0  main.o(i.StartRadarCommTask)
    i.StartSoundWarningTask                  0x08002704   Section        0  main.o(i.StartSoundWarningTask)
    i.SysTick_Handler                        0x0800275c   Section        0  stm32f4xx_it.o(i.SysTick_Handler)
    i.SystemClock_Config                     0x08002760   Section        0  main.o(i.SystemClock_Config)
    i.SystemInit                             0x080027fc   Section        0  system_stm32f4xx.o(i.SystemInit)
    i.TIM4_IRQHandler                        0x08002850   Section        0  stm32f4xx_it.o(i.TIM4_IRQHandler)
    i.TIM_Base_SetConfig                     0x0800285c   Section        0  stm32f4xx_hal_tim.o(i.TIM_Base_SetConfig)
    i.TIM_ETR_SetConfig                      0x0800291c   Section        0  stm32f4xx_hal_tim.o(i.TIM_ETR_SetConfig)
    TIM_ETR_SetConfig                        0x0800291d   Thumb Code    20  stm32f4xx_hal_tim.o(i.TIM_ETR_SetConfig)
    i.TIM_ITRx_SetConfig                     0x08002930   Section        0  stm32f4xx_hal_tim.o(i.TIM_ITRx_SetConfig)
    TIM_ITRx_SetConfig                       0x08002931   Thumb Code    16  stm32f4xx_hal_tim.o(i.TIM_ITRx_SetConfig)
    i.TIM_TI1_ConfigInputStage               0x08002940   Section        0  stm32f4xx_hal_tim.o(i.TIM_TI1_ConfigInputStage)
    TIM_TI1_ConfigInputStage                 0x08002941   Thumb Code    34  stm32f4xx_hal_tim.o(i.TIM_TI1_ConfigInputStage)
    i.TIM_TI2_ConfigInputStage               0x08002962   Section        0  stm32f4xx_hal_tim.o(i.TIM_TI2_ConfigInputStage)
    TIM_TI2_ConfigInputStage                 0x08002963   Thumb Code    36  stm32f4xx_hal_tim.o(i.TIM_TI2_ConfigInputStage)
    i.UART5_IRQHandler                       0x08002988   Section        0  stm32f4xx_it.o(i.UART5_IRQHandler)
    i.UART_DMAAbortOnError                   0x08002994   Section        0  stm32f4xx_hal_uart.o(i.UART_DMAAbortOnError)
    UART_DMAAbortOnError                     0x08002995   Thumb Code    16  stm32f4xx_hal_uart.o(i.UART_DMAAbortOnError)
    i.UART_EndRxTransfer                     0x080029a4   Section        0  stm32f4xx_hal_uart.o(i.UART_EndRxTransfer)
    UART_EndRxTransfer                       0x080029a5   Thumb Code    28  stm32f4xx_hal_uart.o(i.UART_EndRxTransfer)
    i.UART_EndTxTransfer                     0x080029c0   Section        0  stm32f4xx_hal_uart.o(i.UART_EndTxTransfer)
    UART_EndTxTransfer                       0x080029c1   Thumb Code    18  stm32f4xx_hal_uart.o(i.UART_EndTxTransfer)
    i.UART_Receive_IT                        0x080029d2   Section        0  stm32f4xx_hal_uart.o(i.UART_Receive_IT)
    UART_Receive_IT                          0x080029d3   Thumb Code   140  stm32f4xx_hal_uart.o(i.UART_Receive_IT)
    i.UART_SetConfig                         0x08002a60   Section        0  stm32f4xx_hal_uart.o(i.UART_SetConfig)
    UART_SetConfig                           0x08002a61   Thumb Code   676  stm32f4xx_hal_uart.o(i.UART_SetConfig)
    i.UART_Transmit_IT                       0x08002d0c   Section        0  stm32f4xx_hal_uart.o(i.UART_Transmit_IT)
    UART_Transmit_IT                         0x08002d0d   Thumb Code    98  stm32f4xx_hal_uart.o(i.UART_Transmit_IT)
    i.USART1_IRQHandler                      0x08002d70   Section        0  stm32f4xx_it.o(i.USART1_IRQHandler)
    i.USART2_IRQHandler                      0x08002d7c   Section        0  stm32f4xx_it.o(i.USART2_IRQHandler)
    i.USART3_IRQHandler                      0x08002d88   Section        0  stm32f4xx_it.o(i.USART3_IRQHandler)
    i.UsageFault_Handler                     0x08002db8   Section        0  stm32f4xx_it.o(i.UsageFault_Handler)
    i._Error_Handler                         0x08002dba   Section        0  main.o(i._Error_Handler)
    i.__scatterload_copy                     0x08002dbc   Section       14  handlers.o(i.__scatterload_copy)
    i.__scatterload_null                     0x08002dca   Section        2  handlers.o(i.__scatterload_null)
    i.__scatterload_zeroinit                 0x08002dcc   Section       14  handlers.o(i.__scatterload_zeroinit)
    i.inHandlerMode                          0x08002dda   Section        0  cmsis_os.o(i.inHandlerMode)
    inHandlerMode                            0x08002ddb   Thumb Code    12  cmsis_os.o(i.inHandlerMode)
    i.main                                   0x08002de8   Section        0  main.o(i.main)
    i.makeFreeRtosPriority                   0x08002fd4   Section        0  cmsis_os.o(i.makeFreeRtosPriority)
    makeFreeRtosPriority                     0x08002fd5   Thumb Code    12  cmsis_os.o(i.makeFreeRtosPriority)
    i.osDelay                                0x08002fe0   Section        0  cmsis_os.o(i.osDelay)
    i.osKernelStart                          0x08002fee   Section        0  cmsis_os.o(i.osKernelStart)
    i.osSemaphoreCreate                      0x08002ff8   Section        0  cmsis_os.o(i.osSemaphoreCreate)
    i.osSemaphoreRelease                     0x08003020   Section        0  cmsis_os.o(i.osSemaphoreRelease)
    i.osSemaphoreWait                        0x08003070   Section        0  cmsis_os.o(i.osSemaphoreWait)
    i.osSystickHandler                       0x080030d8   Section        0  cmsis_os.o(i.osSystickHandler)
    i.osThreadCreate                         0x080030ec   Section        0  cmsis_os.o(i.osThreadCreate)
    i.prvAddCurrentTaskToDelayedList         0x0800311c   Section        0  tasks.o(i.prvAddCurrentTaskToDelayedList)
    prvAddCurrentTaskToDelayedList           0x0800311d   Thumb Code   102  tasks.o(i.prvAddCurrentTaskToDelayedList)
    i.prvAddNewTaskToReadyList               0x0800318c   Section        0  tasks.o(i.prvAddNewTaskToReadyList)
    prvAddNewTaskToReadyList                 0x0800318d   Thumb Code   194  tasks.o(i.prvAddNewTaskToReadyList)
    i.prvCheckTasksWaitingTermination        0x0800325c   Section        0  tasks.o(i.prvCheckTasksWaitingTermination)
    prvCheckTasksWaitingTermination          0x0800325d   Thumb Code    70  tasks.o(i.prvCheckTasksWaitingTermination)
    i.prvCopyDataFromQueue                   0x080032ac   Section        0  queue.o(i.prvCopyDataFromQueue)
    prvCopyDataFromQueue                     0x080032ad   Thumb Code    38  queue.o(i.prvCopyDataFromQueue)
    i.prvCopyDataToQueue                     0x080032d2   Section        0  queue.o(i.prvCopyDataToQueue)
    prvCopyDataToQueue                       0x080032d3   Thumb Code   108  queue.o(i.prvCopyDataToQueue)
    i.prvDeleteTCB                           0x0800333e   Section        0  tasks.o(i.prvDeleteTCB)
    prvDeleteTCB                             0x0800333f   Thumb Code    20  tasks.o(i.prvDeleteTCB)
    i.prvHeapInit                            0x08003354   Section        0  heap_4.o(i.prvHeapInit)
    prvHeapInit                              0x08003355   Thumb Code    66  heap_4.o(i.prvHeapInit)
    i.prvIdleTask                            0x080033a0   Section        0  tasks.o(i.prvIdleTask)
    prvIdleTask                              0x080033a1   Thumb Code    30  tasks.o(i.prvIdleTask)
    i.prvInitialiseNewTask                   0x080033c8   Section        0  tasks.o(i.prvInitialiseNewTask)
    prvInitialiseNewTask                     0x080033c9   Thumb Code   142  tasks.o(i.prvInitialiseNewTask)
    i.prvInsertBlockIntoFreeList             0x08003458   Section        0  heap_4.o(i.prvInsertBlockIntoFreeList)
    prvInsertBlockIntoFreeList               0x08003459   Thumb Code    72  heap_4.o(i.prvInsertBlockIntoFreeList)
    i.prvIsQueueEmpty                        0x080034a4   Section        0  queue.o(i.prvIsQueueEmpty)
    prvIsQueueEmpty                          0x080034a5   Thumb Code    28  queue.o(i.prvIsQueueEmpty)
    i.prvResetNextTaskUnblockTime            0x080034c0   Section        0  tasks.o(i.prvResetNextTaskUnblockTime)
    prvResetNextTaskUnblockTime              0x080034c1   Thumb Code    26  tasks.o(i.prvResetNextTaskUnblockTime)
    i.prvTaskExitError                       0x080034e0   Section        0  port.o(i.prvTaskExitError)
    prvTaskExitError                         0x080034e1   Thumb Code    36  port.o(i.prvTaskExitError)
    i.prvUnlockQueue                         0x08003508   Section        0  queue.o(i.prvUnlockQueue)
    prvUnlockQueue                           0x08003509   Thumb Code   106  queue.o(i.prvUnlockQueue)
    i.pvPortMalloc                           0x08003574   Section        0  heap_4.o(i.pvPortMalloc)
    i.pvTaskIncrementMutexHeldCount          0x0800364c   Section        0  tasks.o(i.pvTaskIncrementMutexHeldCount)
    i.pxPortInitialiseStack                  0x08003664   Section        0  port.o(i.pxPortInitialiseStack)
    i.uxListRemove                           0x08003690   Section        0  list.o(i.uxListRemove)
    i.vListInitialise                        0x080036b4   Section        0  list.o(i.vListInitialise)
    i.vListInitialiseItem                    0x080036ca   Section        0  list.o(i.vListInitialiseItem)
    i.vListInsert                            0x080036d0   Section        0  list.o(i.vListInsert)
    i.vListInsertEnd                         0x08003700   Section        0  list.o(i.vListInsertEnd)
    i.vPortEnterCritical                     0x08003718   Section        0  port.o(i.vPortEnterCritical)
    i.vPortExitCritical                      0x08003758   Section        0  port.o(i.vPortExitCritical)
    i.vPortFree                              0x08003780   Section        0  heap_4.o(i.vPortFree)
    i.vPortSetupTimerInterrupt               0x080037dc   Section        0  port.o(i.vPortSetupTimerInterrupt)
    i.vPortValidateInterruptPriority         0x080037fc   Section        0  port.o(i.vPortValidateInterruptPriority)
    i.vTaskDelay                             0x08003850   Section        0  tasks.o(i.vTaskDelay)
    i.vTaskMissedYield                       0x0800389c   Section        0  tasks.o(i.vTaskMissedYield)
    i.vTaskPlaceOnEventList                  0x080038a8   Section        0  tasks.o(i.vTaskPlaceOnEventList)
    i.vTaskPriorityInherit                   0x080038d8   Section        0  tasks.o(i.vTaskPriorityInherit)
    i.vTaskSetTimeOutState                   0x0800395c   Section        0  tasks.o(i.vTaskSetTimeOutState)
    i.vTaskStartScheduler                    0x08003980   Section        0  tasks.o(i.vTaskStartScheduler)
    i.vTaskSuspendAll                        0x080039e8   Section        0  tasks.o(i.vTaskSuspendAll)
    i.vTaskSwitchContext                     0x080039f8   Section        0  tasks.o(i.vTaskSwitchContext)
    i.xPortStartScheduler                    0x08003a54   Section        0  port.o(i.xPortStartScheduler)
    i.xPortSysTickHandler                    0x08003b34   Section        0  port.o(i.xPortSysTickHandler)
    i.xQueueGenericCreate                    0x08003b60   Section        0  queue.o(i.xQueueGenericCreate)
    i.xQueueGenericReceive                   0x08003ba8   Section        0  queue.o(i.xQueueGenericReceive)
    i.xQueueGenericReset                     0x08003d14   Section        0  queue.o(i.xQueueGenericReset)
    i.xQueueGenericSend                      0x08003d9c   Section        0  queue.o(i.xQueueGenericSend)
    i.xQueueGiveFromISR                      0x08003efc   Section        0  queue.o(i.xQueueGiveFromISR)
    i.xQueueReceiveFromISR                   0x08003f98   Section        0  queue.o(i.xQueueReceiveFromISR)
    i.xTaskCheckForTimeOut                   0x08004034   Section        0  tasks.o(i.xTaskCheckForTimeOut)
    i.xTaskCreate                            0x080040a0   Section        0  tasks.o(i.xTaskCreate)
    i.xTaskGetSchedulerState                 0x080040f8   Section        0  tasks.o(i.xTaskGetSchedulerState)
    i.xTaskIncrementTick                     0x08004114   Section        0  tasks.o(i.xTaskIncrementTick)
    i.xTaskPriorityDisinherit                0x080041dc   Section        0  tasks.o(i.xTaskPriorityDisinherit)
    i.xTaskRemoveFromEventList               0x08004274   Section        0  tasks.o(i.xTaskRemoveFromEventList)
    i.xTaskResumeAll                         0x080042e8   Section        0  tasks.o(i.xTaskResumeAll)
    .constdata                               0x080043ac   Section       40  ars408.o(.constdata)
    .constdata                               0x080043d4   Section      120  main.o(.constdata)
    .constdata                               0x0800444c   Section        8  stm32f4xx_hal_dma.o(.constdata)
    flagBitshiftOffset                       0x0800444c   Data           8  stm32f4xx_hal_dma.o(.constdata)
    .constdata                               0x08004454   Section       16  system_stm32f4xx.o(.constdata)
    .constdata                               0x08004464   Section        8  system_stm32f4xx.o(.constdata)
    .conststring                             0x0800446c   Section       82  main.o(.conststring)
    .data                                    0x20000000   Section       68  main.o(.data)
    .data                                    0x20000044   Section       24  heap_4.o(.data)
    pxEnd                                    0x20000044   Data           4  heap_4.o(.data)
    xFreeBytesRemaining                      0x20000048   Data           4  heap_4.o(.data)
    xMinimumEverFreeBytesRemaining           0x2000004c   Data           4  heap_4.o(.data)
    xBlockAllocatedBit                       0x20000050   Data           4  heap_4.o(.data)
    xStart                                   0x20000054   Data           8  heap_4.o(.data)
    .data                                    0x2000005c   Section       12  port.o(.data)
    ucMaxSysCallPriority                     0x2000005c   Data           1  port.o(.data)
    uxCriticalNesting                        0x20000060   Data           4  port.o(.data)
    ulMaxPRIGROUPValue                       0x20000064   Data           4  port.o(.data)
    .data                                    0x20000068   Section       60  tasks.o(.data)
    uxDeletedTasksWaitingCleanUp             0x2000006c   Data           4  tasks.o(.data)
    uxCurrentNumberOfTasks                   0x20000070   Data           4  tasks.o(.data)
    xTickCount                               0x20000074   Data           4  tasks.o(.data)
    uxTopReadyPriority                       0x20000078   Data           4  tasks.o(.data)
    xSchedulerRunning                        0x2000007c   Data           4  tasks.o(.data)
    uxPendedTicks                            0x20000080   Data           4  tasks.o(.data)
    xYieldPending                            0x20000084   Data           4  tasks.o(.data)
    xNumOfOverflows                          0x20000088   Data           4  tasks.o(.data)
    uxTaskNumber                             0x2000008c   Data           4  tasks.o(.data)
    xNextTaskUnblockTime                     0x20000090   Data           4  tasks.o(.data)
    xIdleTaskHandle                          0x20000094   Data           4  tasks.o(.data)
    uxSchedulerSuspended                     0x20000098   Data           4  tasks.o(.data)
    pxDelayedTaskList                        0x2000009c   Data           4  tasks.o(.data)
    pxOverflowDelayedTaskList                0x200000a0   Data           4  tasks.o(.data)
    .data                                    0x200000a4   Section       12  stm32f4xx_hal.o(.data)
    .data                                    0x200000b0   Section        4  system_stm32f4xx.o(.data)
    .bss                                     0x200000b4   Section       60  stm32f4xx_hal_timebase_tim.o(.bss)
    .bss                                     0x200000f0   Section      804  main.o(.bss)
    .bss                                     0x20000414   Section       96  main.o(.bss)
    .bss                                     0x20000474   Section       96  main.o(.bss)
    .bss                                     0x200004d4   Section       96  main.o(.bss)
    .bss                                     0x20000534   Section       96  main.o(.bss)
    .bss                                     0x20000594   Section    15360  heap_4.o(.bss)
    ucHeap                                   0x20000594   Data       15360  heap_4.o(.bss)
    .bss                                     0x20004194   Section      240  tasks.o(.bss)
    pxReadyTasksLists                        0x20004194   Data         140  tasks.o(.bss)
    xDelayedTaskList1                        0x20004220   Data          20  tasks.o(.bss)
    xDelayedTaskList2                        0x20004234   Data          20  tasks.o(.bss)
    xPendingReadyList                        0x20004248   Data          20  tasks.o(.bss)
    xTasksWaitingTermination                 0x2000425c   Data          20  tasks.o(.bss)
    xSuspendedTaskList                       0x20004270   Data          20  tasks.o(.bss)
    STACK                                    0x20004288   Section     4096  startup_stm32f413xx.o(STACK)

    Global Symbols

    Symbol Name                              Value     Ov Type        Size  Object(Section)

    BuildAttributes$$THM_ISAv4$E$P$D$K$B$S$7EM$VFPi3$EXTD16$VFPS$VFMA$PE$A:L22UL41UL21$X:L11$S22US41US21$IEEE1$IW$USESV6$~STKCKD$USESV7$~SHL$OTIME$ROPI$EBA8$MICROLIB$REQ8$PRES8$EABIv2 0x00000000   Number         0  anon$$obj.o ABSOLUTE
    __ARM_use_no_argv                        0x00000000   Number         0  main.o ABSOLUTE
    __cpp_initialize__aeabi_                  - Undefined Weak Reference
    __cxa_finalize                            - Undefined Weak Reference
    __decompress                              - Undefined Weak Reference
    _clock_init                               - Undefined Weak Reference
    _microlib_exit                            - Undefined Weak Reference
    __Vectors_Size                           0x000001d8   Number         0  startup_stm32f413xx.o ABSOLUTE
    __Vectors                                0x08000000   Data           4  startup_stm32f413xx.o(RESET)
    __Vectors_End                            0x080001d8   Data           0  startup_stm32f413xx.o(RESET)
    __main                                   0x080001d9   Thumb Code     0  entry.o(.ARM.Collect$$$$00000000)
    _main_stk                                0x080001d9   Thumb Code     0  entry2.o(.ARM.Collect$$$$00000001)
    _main_scatterload                        0x080001dd   Thumb Code     0  entry5.o(.ARM.Collect$$$$00000004)
    __main_after_scatterload                 0x080001e1   Thumb Code     0  entry5.o(.ARM.Collect$$$$00000004)
    _main_clock                              0x080001e1   Thumb Code     0  entry7b.o(.ARM.Collect$$$$00000008)
    _main_cpp_init                           0x080001e1   Thumb Code     0  entry8b.o(.ARM.Collect$$$$0000000A)
    _main_init                               0x080001e1   Thumb Code     0  entry9a.o(.ARM.Collect$$$$0000000B)
    __rt_final_cpp                           0x080001e9   Thumb Code     0  entry10a.o(.ARM.Collect$$$$0000000D)
    __rt_final_exit                          0x080001e9   Thumb Code     0  entry11a.o(.ARM.Collect$$$$0000000F)
    SVC_Handler                              0x080001ed   Thumb Code    28  port.o(.emb_text)
    __asm___6_port_c_39a90d8d__prvStartFirstTask 0x0800020d   Thumb Code    28  port.o(.emb_text)
    __asm___6_port_c_39a90d8d__prvEnableVFP  0x0800022d   Thumb Code    16  port.o(.emb_text)
    PendSV_Handler                           0x08000241   Thumb Code    92  port.o(.emb_text)
    vPortGetIPSR                             0x080002a1   Thumb Code     6  port.o(.emb_text)
    Reset_Handler                            0x080002a9   Thumb Code     8  startup_stm32f413xx.o(.text)
    ADC_IRQHandler                           0x080002c3   Thumb Code     0  startup_stm32f413xx.o(.text)
    CAN1_RX1_IRQHandler                      0x080002c3   Thumb Code     0  startup_stm32f413xx.o(.text)
    CAN1_SCE_IRQHandler                      0x080002c3   Thumb Code     0  startup_stm32f413xx.o(.text)
    CAN1_TX_IRQHandler                       0x080002c3   Thumb Code     0  startup_stm32f413xx.o(.text)
    CAN2_RX1_IRQHandler                      0x080002c3   Thumb Code     0  startup_stm32f413xx.o(.text)
    CAN2_SCE_IRQHandler                      0x080002c3   Thumb Code     0  startup_stm32f413xx.o(.text)
    CAN2_TX_IRQHandler                       0x080002c3   Thumb Code     0  startup_stm32f413xx.o(.text)
    CAN3_RX1_IRQHandler                      0x080002c3   Thumb Code     0  startup_stm32f413xx.o(.text)
    CAN3_SCE_IRQHandler                      0x080002c3   Thumb Code     0  startup_stm32f413xx.o(.text)
    CAN3_TX_IRQHandler                       0x080002c3   Thumb Code     0  startup_stm32f413xx.o(.text)
    DFSDM1_FLT0_IRQHandler                   0x080002c3   Thumb Code     0  startup_stm32f413xx.o(.text)
    DFSDM1_FLT1_IRQHandler                   0x080002c3   Thumb Code     0  startup_stm32f413xx.o(.text)
    DFSDM2_FLT0_IRQHandler                   0x080002c3   Thumb Code     0  startup_stm32f413xx.o(.text)
    DFSDM2_FLT1_IRQHandler                   0x080002c3   Thumb Code     0  startup_stm32f413xx.o(.text)
    DFSDM2_FLT2_IRQHandler                   0x080002c3   Thumb Code     0  startup_stm32f413xx.o(.text)
    DFSDM2_FLT3_IRQHandler                   0x080002c3   Thumb Code     0  startup_stm32f413xx.o(.text)
    DMA1_Stream2_IRQHandler                  0x080002c3   Thumb Code     0  startup_stm32f413xx.o(.text)
    DMA1_Stream3_IRQHandler                  0x080002c3   Thumb Code     0  startup_stm32f413xx.o(.text)
    DMA1_Stream4_IRQHandler                  0x080002c3   Thumb Code     0  startup_stm32f413xx.o(.text)
    DMA1_Stream6_IRQHandler                  0x080002c3   Thumb Code     0  startup_stm32f413xx.o(.text)
    DMA1_Stream7_IRQHandler                  0x080002c3   Thumb Code     0  startup_stm32f413xx.o(.text)
    DMA2_Stream0_IRQHandler                  0x080002c3   Thumb Code     0  startup_stm32f413xx.o(.text)
    DMA2_Stream1_IRQHandler                  0x080002c3   Thumb Code     0  startup_stm32f413xx.o(.text)
    DMA2_Stream3_IRQHandler                  0x080002c3   Thumb Code     0  startup_stm32f413xx.o(.text)
    DMA2_Stream4_IRQHandler                  0x080002c3   Thumb Code     0  startup_stm32f413xx.o(.text)
    DMA2_Stream5_IRQHandler                  0x080002c3   Thumb Code     0  startup_stm32f413xx.o(.text)
    DMA2_Stream6_IRQHandler                  0x080002c3   Thumb Code     0  startup_stm32f413xx.o(.text)
    DMA2_Stream7_IRQHandler                  0x080002c3   Thumb Code     0  startup_stm32f413xx.o(.text)
    EXTI0_IRQHandler                         0x080002c3   Thumb Code     0  startup_stm32f413xx.o(.text)
    EXTI15_10_IRQHandler                     0x080002c3   Thumb Code     0  startup_stm32f413xx.o(.text)
    EXTI1_IRQHandler                         0x080002c3   Thumb Code     0  startup_stm32f413xx.o(.text)
    EXTI2_IRQHandler                         0x080002c3   Thumb Code     0  startup_stm32f413xx.o(.text)
    EXTI3_IRQHandler                         0x080002c3   Thumb Code     0  startup_stm32f413xx.o(.text)
    EXTI4_IRQHandler                         0x080002c3   Thumb Code     0  startup_stm32f413xx.o(.text)
    EXTI9_5_IRQHandler                       0x080002c3   Thumb Code     0  startup_stm32f413xx.o(.text)
    FLASH_IRQHandler                         0x080002c3   Thumb Code     0  startup_stm32f413xx.o(.text)
    FMPI2C1_ER_IRQHandler                    0x080002c3   Thumb Code     0  startup_stm32f413xx.o(.text)
    FMPI2C1_EV_IRQHandler                    0x080002c3   Thumb Code     0  startup_stm32f413xx.o(.text)
    FPU_IRQHandler                           0x080002c3   Thumb Code     0  startup_stm32f413xx.o(.text)
    FSMC_IRQHandler                          0x080002c3   Thumb Code     0  startup_stm32f413xx.o(.text)
    I2C1_ER_IRQHandler                       0x080002c3   Thumb Code     0  startup_stm32f413xx.o(.text)
    I2C1_EV_IRQHandler                       0x080002c3   Thumb Code     0  startup_stm32f413xx.o(.text)
    I2C2_ER_IRQHandler                       0x080002c3   Thumb Code     0  startup_stm32f413xx.o(.text)
    I2C2_EV_IRQHandler                       0x080002c3   Thumb Code     0  startup_stm32f413xx.o(.text)
    I2C3_ER_IRQHandler                       0x080002c3   Thumb Code     0  startup_stm32f413xx.o(.text)
    I2C3_EV_IRQHandler                       0x080002c3   Thumb Code     0  startup_stm32f413xx.o(.text)
    LPTIM1_IRQHandler                        0x080002c3   Thumb Code     0  startup_stm32f413xx.o(.text)
    OTG_FS_IRQHandler                        0x080002c3   Thumb Code     0  startup_stm32f413xx.o(.text)
    OTG_FS_WKUP_IRQHandler                   0x080002c3   Thumb Code     0  startup_stm32f413xx.o(.text)
    PVD_IRQHandler                           0x080002c3   Thumb Code     0  startup_stm32f413xx.o(.text)
    QUADSPI_IRQHandler                       0x080002c3   Thumb Code     0  startup_stm32f413xx.o(.text)
    RCC_IRQHandler                           0x080002c3   Thumb Code     0  startup_stm32f413xx.o(.text)
    RNG_IRQHandler                           0x080002c3   Thumb Code     0  startup_stm32f413xx.o(.text)
    RTC_Alarm_IRQHandler                     0x080002c3   Thumb Code     0  startup_stm32f413xx.o(.text)
    RTC_WKUP_IRQHandler                      0x080002c3   Thumb Code     0  startup_stm32f413xx.o(.text)
    SAI1_IRQHandler                          0x080002c3   Thumb Code     0  startup_stm32f413xx.o(.text)
    SDIO_IRQHandler                          0x080002c3   Thumb Code     0  startup_stm32f413xx.o(.text)
    SPI1_IRQHandler                          0x080002c3   Thumb Code     0  startup_stm32f413xx.o(.text)
    SPI2_IRQHandler                          0x080002c3   Thumb Code     0  startup_stm32f413xx.o(.text)
    SPI3_IRQHandler                          0x080002c3   Thumb Code     0  startup_stm32f413xx.o(.text)
    SPI4_IRQHandler                          0x080002c3   Thumb Code     0  startup_stm32f413xx.o(.text)
    SPI5_IRQHandler                          0x080002c3   Thumb Code     0  startup_stm32f413xx.o(.text)
    TAMP_STAMP_IRQHandler                    0x080002c3   Thumb Code     0  startup_stm32f413xx.o(.text)
    TIM1_BRK_TIM9_IRQHandler                 0x080002c3   Thumb Code     0  startup_stm32f413xx.o(.text)
    TIM1_CC_IRQHandler                       0x080002c3   Thumb Code     0  startup_stm32f413xx.o(.text)
    TIM1_TRG_COM_TIM11_IRQHandler            0x080002c3   Thumb Code     0  startup_stm32f413xx.o(.text)
    TIM1_UP_TIM10_IRQHandler                 0x080002c3   Thumb Code     0  startup_stm32f413xx.o(.text)
    TIM2_IRQHandler                          0x080002c3   Thumb Code     0  startup_stm32f413xx.o(.text)
    TIM3_IRQHandler                          0x080002c3   Thumb Code     0  startup_stm32f413xx.o(.text)
    TIM5_IRQHandler                          0x080002c3   Thumb Code     0  startup_stm32f413xx.o(.text)
    TIM6_DAC_IRQHandler                      0x080002c3   Thumb Code     0  startup_stm32f413xx.o(.text)
    TIM7_IRQHandler                          0x080002c3   Thumb Code     0  startup_stm32f413xx.o(.text)
    TIM8_BRK_TIM12_IRQHandler                0x080002c3   Thumb Code     0  startup_stm32f413xx.o(.text)
    TIM8_CC_IRQHandler                       0x080002c3   Thumb Code     0  startup_stm32f413xx.o(.text)
    TIM8_TRG_COM_TIM14_IRQHandler            0x080002c3   Thumb Code     0  startup_stm32f413xx.o(.text)
    TIM8_UP_TIM13_IRQHandler                 0x080002c3   Thumb Code     0  startup_stm32f413xx.o(.text)
    UART10_IRQHandler                        0x080002c3   Thumb Code     0  startup_stm32f413xx.o(.text)
    UART4_IRQHandler                         0x080002c3   Thumb Code     0  startup_stm32f413xx.o(.text)
    UART7_IRQHandler                         0x080002c3   Thumb Code     0  startup_stm32f413xx.o(.text)
    UART8_IRQHandler                         0x080002c3   Thumb Code     0  startup_stm32f413xx.o(.text)
    UART9_IRQHandler                         0x080002c3   Thumb Code     0  startup_stm32f413xx.o(.text)
    USART6_IRQHandler                        0x080002c3   Thumb Code     0  startup_stm32f413xx.o(.text)
    WWDG_IRQHandler                          0x080002c3   Thumb Code     0  startup_stm32f413xx.o(.text)
    __aeabi_uldivmod                         0x080002cd   Thumb Code    98  uldiv.o(.text)
    __aeabi_memcpy                           0x0800032f   Thumb Code    36  memcpya.o(.text)
    __aeabi_memcpy4                          0x0800032f   Thumb Code     0  memcpya.o(.text)
    __aeabi_memcpy8                          0x0800032f   Thumb Code     0  memcpya.o(.text)
    __aeabi_dmul                             0x08000353   Thumb Code   228  dmul.o(.text)
    __aeabi_ui2d                             0x08000437   Thumb Code    26  dfltui.o(.text)
    __aeabi_d2f                              0x08000451   Thumb Code    56  d2f.o(.text)
    __aeabi_llsl                             0x08000489   Thumb Code    30  llshl.o(.text)
    _ll_shift_l                              0x08000489   Thumb Code     0  llshl.o(.text)
    __aeabi_llsr                             0x080004a7   Thumb Code    32  llushr.o(.text)
    _ll_ushift_r                             0x080004a7   Thumb Code     0  llushr.o(.text)
    __I$use$fp                               0x080004c7   Thumb Code     0  iusefp.o(.text)
    _float_round                             0x080004c7   Thumb Code    18  fepilogue.o(.text)
    _float_epilogue                          0x080004d9   Thumb Code    92  fepilogue.o(.text)
    _double_round                            0x08000535   Thumb Code    30  depilogue.o(.text)
    _double_epilogue                         0x08000553   Thumb Code   156  depilogue.o(.text)
    __scatterload                            0x080005f1   Thumb Code    28  init.o(.text)
    __scatterload_rt2                        0x080005f1   Thumb Code     0  init.o(.text)
    ARS_GetRadarObjGeneral                   0x08000615   Thumb Code   146  ars408.o(i.ARS_GetRadarObjGeneral)
    ARS_Init                                 0x080006a9   Thumb Code    44  ars408.o(i.ARS_Init)
    BusFault_Handler                         0x080006d9   Thumb Code     2  stm32f4xx_it.o(i.BusFault_Handler)
    CAN1_RX0_IRQHandler                      0x080006dd   Thumb Code     6  stm32f4xx_it.o(i.CAN1_RX0_IRQHandler)
    CAN2_RX0_IRQHandler                      0x080006e9   Thumb Code     6  stm32f4xx_it.o(i.CAN2_RX0_IRQHandler)
    CAN3_RX0_IRQHandler                      0x080006f5   Thumb Code     6  stm32f4xx_it.o(i.CAN3_RX0_IRQHandler)
    CalADASData                              0x08000701   Thumb Code   180  adas.o(i.CalADASData)
    DMA1_Stream0_IRQHandler                  0x080007bd   Thumb Code     6  stm32f4xx_it.o(i.DMA1_Stream0_IRQHandler)
    DMA1_Stream1_IRQHandler                  0x080007c9   Thumb Code     6  stm32f4xx_it.o(i.DMA1_Stream1_IRQHandler)
    DMA1_Stream5_IRQHandler                  0x080007d5   Thumb Code     6  stm32f4xx_it.o(i.DMA1_Stream5_IRQHandler)
    DMA2_Stream2_IRQHandler                  0x080007e1   Thumb Code     6  stm32f4xx_it.o(i.DMA2_Stream2_IRQHandler)
    DebugMon_Handler                         0x08000869   Thumb Code     2  stm32f4xx_it.o(i.DebugMon_Handler)
    HAL_CAN_ActivateNotification             0x0800086b   Thumb Code    40  stm32f4xx_hal_can.o(i.HAL_CAN_ActivateNotification)
    HAL_CAN_ConfigFilter                     0x08000895   Thumb Code   278  stm32f4xx_hal_can.o(i.HAL_CAN_ConfigFilter)
    HAL_CAN_ErrorCallback                    0x080009b5   Thumb Code     2  stm32f4xx_hal_can.o(i.HAL_CAN_ErrorCallback)
    HAL_CAN_GetRxMessage                     0x080009b7   Thumb Code   250  stm32f4xx_hal_can.o(i.HAL_CAN_GetRxMessage)
    HAL_CAN_IRQHandler                       0x08000ab1   Thumb Code   508  stm32f4xx_hal_can.o(i.HAL_CAN_IRQHandler)
    HAL_CAN_Init                             0x08000cad   Thumb Code   282  stm32f4xx_hal_can.o(i.HAL_CAN_Init)
    HAL_CAN_MspInit                          0x08000dc9   Thumb Code   194  stm32f4xx_hal_msp.o(i.HAL_CAN_MspInit)
    HAL_CAN_RxFifo0FullCallback              0x08000ea5   Thumb Code    30  main.o(i.HAL_CAN_RxFifo0FullCallback)
    HAL_CAN_RxFifo0MsgPendingCallback        0x08000ecd   Thumb Code     2  stm32f4xx_hal_can.o(i.HAL_CAN_RxFifo0MsgPendingCallback)
    HAL_CAN_RxFifo1FullCallback              0x08000ecf   Thumb Code     2  stm32f4xx_hal_can.o(i.HAL_CAN_RxFifo1FullCallback)
    HAL_CAN_RxFifo1MsgPendingCallback        0x08000ed1   Thumb Code     2  stm32f4xx_hal_can.o(i.HAL_CAN_RxFifo1MsgPendingCallback)
    HAL_CAN_SleepCallback                    0x08000ed3   Thumb Code     2  stm32f4xx_hal_can.o(i.HAL_CAN_SleepCallback)
    HAL_CAN_Start                            0x08000ed5   Thumb Code    88  stm32f4xx_hal_can.o(i.HAL_CAN_Start)
    HAL_CAN_TxMailbox0AbortCallback          0x08000f2d   Thumb Code     2  stm32f4xx_hal_can.o(i.HAL_CAN_TxMailbox0AbortCallback)
    HAL_CAN_TxMailbox0CompleteCallback       0x08000f2f   Thumb Code     2  stm32f4xx_hal_can.o(i.HAL_CAN_TxMailbox0CompleteCallback)
    HAL_CAN_TxMailbox1AbortCallback          0x08000f31   Thumb Code     2  stm32f4xx_hal_can.o(i.HAL_CAN_TxMailbox1AbortCallback)
    HAL_CAN_TxMailbox1CompleteCallback       0x08000f33   Thumb Code     2  stm32f4xx_hal_can.o(i.HAL_CAN_TxMailbox1CompleteCallback)
    HAL_CAN_TxMailbox2AbortCallback          0x08000f35   Thumb Code     2  stm32f4xx_hal_can.o(i.HAL_CAN_TxMailbox2AbortCallback)
    HAL_CAN_TxMailbox2CompleteCallback       0x08000f37   Thumb Code     2  stm32f4xx_hal_can.o(i.HAL_CAN_TxMailbox2CompleteCallback)
    HAL_CAN_WakeUpFromRxMsgCallback          0x08000f39   Thumb Code     2  stm32f4xx_hal_can.o(i.HAL_CAN_WakeUpFromRxMsgCallback)
    HAL_CRC_Init                             0x08000f3b   Thumb Code    38  stm32f4xx_hal_crc.o(i.HAL_CRC_Init)
    HAL_CRC_MspInit                          0x08000f61   Thumb Code    30  stm32f4xx_hal_msp.o(i.HAL_CRC_MspInit)
    HAL_DMA_Abort                            0x08000f89   Thumb Code   142  stm32f4xx_hal_dma.o(i.HAL_DMA_Abort)
    HAL_DMA_Abort_IT                         0x08001017   Thumb Code    36  stm32f4xx_hal_dma.o(i.HAL_DMA_Abort_IT)
    HAL_DMA_IRQHandler                       0x0800103d   Thumb Code   412  stm32f4xx_hal_dma.o(i.HAL_DMA_IRQHandler)
    HAL_DMA_Init                             0x080011dd   Thumb Code   206  stm32f4xx_hal_dma.o(i.HAL_DMA_Init)
    HAL_GPIO_Init                            0x080012b1   Thumb Code   378  stm32f4xx_hal_gpio.o(i.HAL_GPIO_Init)
    HAL_GPIO_TogglePin                       0x08001455   Thumb Code     8  stm32f4xx_hal_gpio.o(i.HAL_GPIO_TogglePin)
    HAL_GPIO_WritePin                        0x0800145d   Thumb Code    10  stm32f4xx_hal_gpio.o(i.HAL_GPIO_WritePin)
    HAL_GetTick                              0x08001469   Thumb Code     6  stm32f4xx_hal.o(i.HAL_GetTick)
    HAL_IncTick                              0x08001475   Thumb Code    12  stm32f4xx_hal.o(i.HAL_IncTick)
    HAL_Init                                 0x08001485   Thumb Code    48  stm32f4xx_hal.o(i.HAL_Init)
    HAL_InitTick                             0x080014b9   Thumb Code   100  stm32f4xx_hal_timebase_tim.o(i.HAL_InitTick)
    HAL_MspInit                              0x0800152d   Thumb Code   106  stm32f4xx_hal_msp.o(i.HAL_MspInit)
    HAL_NVIC_EnableIRQ                       0x0800159d   Thumb Code    22  stm32f4xx_hal_cortex.o(i.HAL_NVIC_EnableIRQ)
    HAL_NVIC_SetPriority                     0x080015b5   Thumb Code    60  stm32f4xx_hal_cortex.o(i.HAL_NVIC_SetPriority)
    HAL_NVIC_SetPriorityGrouping             0x080015f5   Thumb Code    26  stm32f4xx_hal_cortex.o(i.HAL_NVIC_SetPriorityGrouping)
    HAL_RCC_ClockConfig                      0x08001619   Thumb Code   286  stm32f4xx_hal_rcc.o(i.HAL_RCC_ClockConfig)
    HAL_RCC_GetClockConfig                   0x08001749   Thumb Code    54  stm32f4xx_hal_rcc.o(i.HAL_RCC_GetClockConfig)
    HAL_RCC_GetHCLKFreq                      0x08001789   Thumb Code     6  stm32f4xx_hal_rcc.o(i.HAL_RCC_GetHCLKFreq)
    HAL_RCC_GetPCLK1Freq                     0x08001795   Thumb Code    20  stm32f4xx_hal_rcc.o(i.HAL_RCC_GetPCLK1Freq)
    HAL_RCC_GetPCLK2Freq                     0x080017b5   Thumb Code    20  stm32f4xx_hal_rcc.o(i.HAL_RCC_GetPCLK2Freq)
    HAL_RCC_GetSysClockFreq                  0x080017d5   Thumb Code    88  stm32f4xx_hal_rcc.o(i.HAL_RCC_GetSysClockFreq)
    HAL_RCC_OscConfig                        0x08001835   Thumb Code   778  stm32f4xx_hal_rcc_ex.o(i.HAL_RCC_OscConfig)
    HAL_SYSTICK_CLKSourceConfig              0x08001b59   Thumb Code    24  stm32f4xx_hal_cortex.o(i.HAL_SYSTICK_CLKSourceConfig)
    HAL_SYSTICK_Config                       0x08001b71   Thumb Code    40  stm32f4xx_hal_cortex.o(i.HAL_SYSTICK_Config)
    HAL_TIMEx_BreakCallback                  0x08001b99   Thumb Code     2  stm32f4xx_hal_tim_ex.o(i.HAL_TIMEx_BreakCallback)
    HAL_TIMEx_CommutationCallback            0x08001b9b   Thumb Code     2  stm32f4xx_hal_tim_ex.o(i.HAL_TIMEx_CommutationCallback)
    HAL_TIMEx_MasterConfigSynchronization    0x08001b9d   Thumb Code    80  stm32f4xx_hal_tim_ex.o(i.HAL_TIMEx_MasterConfigSynchronization)
    HAL_TIM_Base_Init                        0x08001bed   Thumb Code    54  stm32f4xx_hal_tim.o(i.HAL_TIM_Base_Init)
    HAL_TIM_Base_MspInit                     0x08001c25   Thumb Code    52  stm32f4xx_hal_msp.o(i.HAL_TIM_Base_MspInit)
    HAL_TIM_Base_Start_IT                    0x08001c61   Thumb Code    24  stm32f4xx_hal_tim.o(i.HAL_TIM_Base_Start_IT)
    HAL_TIM_ConfigClockSource                0x08001c79   Thumb Code   242  stm32f4xx_hal_tim.o(i.HAL_TIM_ConfigClockSource)
    HAL_TIM_IC_CaptureCallback               0x08001d6b   Thumb Code     2  stm32f4xx_hal_tim.o(i.HAL_TIM_IC_CaptureCallback)
    HAL_TIM_IRQHandler                       0x08001d6d   Thumb Code   358  stm32f4xx_hal_tim.o(i.HAL_TIM_IRQHandler)
    HAL_TIM_OC_DelayElapsedCallback          0x08001ed3   Thumb Code     2  stm32f4xx_hal_tim.o(i.HAL_TIM_OC_DelayElapsedCallback)
    HAL_TIM_PWM_PulseFinishedCallback        0x08001ed5   Thumb Code     2  stm32f4xx_hal_tim.o(i.HAL_TIM_PWM_PulseFinishedCallback)
    HAL_TIM_PeriodElapsedCallback            0x08001ed9   Thumb Code    14  main.o(i.HAL_TIM_PeriodElapsedCallback)
    HAL_TIM_TriggerCallback                  0x08001eed   Thumb Code     2  stm32f4xx_hal_tim.o(i.HAL_TIM_TriggerCallback)
    HAL_UART_DMAStop                         0x08001eef   Thumb Code    88  stm32f4xx_hal_uart.o(i.HAL_UART_DMAStop)
    HAL_UART_ErrorCallback                   0x08001f47   Thumb Code     2  stm32f4xx_hal_uart.o(i.HAL_UART_ErrorCallback)
    HAL_UART_IRQHandler                      0x08001f49   Thumb Code   266  stm32f4xx_hal_uart.o(i.HAL_UART_IRQHandler)
    HAL_UART_Init                            0x08002059   Thumb Code    98  stm32f4xx_hal_uart.o(i.HAL_UART_Init)
    HAL_UART_MspInit                         0x080020bd   Thumb Code   614  stm32f4xx_hal_msp.o(i.HAL_UART_MspInit)
    HAL_UART_RxCpltCallback                  0x0800237d   Thumb Code     2  stm32f4xx_hal_uart.o(i.HAL_UART_RxCpltCallback)
    HAL_UART_TxCpltCallback                  0x0800237f   Thumb Code     2  stm32f4xx_hal_uart.o(i.HAL_UART_TxCpltCallback)
    HardFault_Handler                        0x08002381   Thumb Code     2  stm32f4xx_it.o(i.HardFault_Handler)
    MemManage_Handler                        0x08002651   Thumb Code     2  stm32f4xx_it.o(i.MemManage_Handler)
    NMI_Handler                              0x08002653   Thumb Code     2  stm32f4xx_it.o(i.NMI_Handler)
    StartADASCommTask                        0x08002675   Thumb Code    40  main.o(i.StartADASCommTask)
    StartCANSpeedReadTask                    0x080026a9   Thumb Code     8  main.o(i.StartCANSpeedReadTask)
    StartDefaultTask                         0x080026b1   Thumb Code     8  main.o(i.StartDefaultTask)
    StartLightWarningTask                    0x080026b9   Thumb Code     8  main.o(i.StartLightWarningTask)
    StartRadarCommTask                       0x080026c1   Thumb Code    56  main.o(i.StartRadarCommTask)
    StartSoundWarningTask                    0x08002705   Thumb Code    76  main.o(i.StartSoundWarningTask)
    SysTick_Handler                          0x0800275d   Thumb Code     4  stm32f4xx_it.o(i.SysTick_Handler)
    SystemClock_Config                       0x08002761   Thumb Code   146  main.o(i.SystemClock_Config)
    SystemInit                               0x080027fd   Thumb Code    66  system_stm32f4xx.o(i.SystemInit)
    TIM4_IRQHandler                          0x08002851   Thumb Code     6  stm32f4xx_it.o(i.TIM4_IRQHandler)
    TIM_Base_SetConfig                       0x0800285d   Thumb Code   148  stm32f4xx_hal_tim.o(i.TIM_Base_SetConfig)
    UART5_IRQHandler                         0x08002989   Thumb Code     6  stm32f4xx_it.o(i.UART5_IRQHandler)
    USART1_IRQHandler                        0x08002d71   Thumb Code     6  stm32f4xx_it.o(i.USART1_IRQHandler)
    USART2_IRQHandler                        0x08002d7d   Thumb Code     6  stm32f4xx_it.o(i.USART2_IRQHandler)
    USART3_IRQHandler                        0x08002d89   Thumb Code    40  stm32f4xx_it.o(i.USART3_IRQHandler)
    UsageFault_Handler                       0x08002db9   Thumb Code     2  stm32f4xx_it.o(i.UsageFault_Handler)
    _Error_Handler                           0x08002dbb   Thumb Code     2  main.o(i._Error_Handler)
    __scatterload_copy                       0x08002dbd   Thumb Code    14  handlers.o(i.__scatterload_copy)
    __scatterload_null                       0x08002dcb   Thumb Code     2  handlers.o(i.__scatterload_null)
    __scatterload_zeroinit                   0x08002dcd   Thumb Code    14  handlers.o(i.__scatterload_zeroinit)
    main                                     0x08002de9   Thumb Code   454  main.o(i.main)
    osDelay                                  0x08002fe1   Thumb Code    14  cmsis_os.o(i.osDelay)
    osKernelStart                            0x08002fef   Thumb Code    10  cmsis_os.o(i.osKernelStart)
    osSemaphoreCreate                        0x08002ff9   Thumb Code    38  cmsis_os.o(i.osSemaphoreCreate)
    osSemaphoreRelease                       0x08003021   Thumb Code    74  cmsis_os.o(i.osSemaphoreRelease)
    osSemaphoreWait                          0x08003071   Thumb Code   100  cmsis_os.o(i.osSemaphoreWait)
    osSystickHandler                         0x080030d9   Thumb Code    20  cmsis_os.o(i.osSystickHandler)
    osThreadCreate                           0x080030ed   Thumb Code    46  cmsis_os.o(i.osThreadCreate)
    pvPortMalloc                             0x08003575   Thumb Code   210  heap_4.o(i.pvPortMalloc)
    pvTaskIncrementMutexHeldCount            0x0800364d   Thumb Code    18  tasks.o(i.pvTaskIncrementMutexHeldCount)
    pxPortInitialiseStack                    0x08003665   Thumb Code    40  port.o(i.pxPortInitialiseStack)
    uxListRemove                             0x08003691   Thumb Code    36  list.o(i.uxListRemove)
    vListInitialise                          0x080036b5   Thumb Code    22  list.o(i.vListInitialise)
    vListInitialiseItem                      0x080036cb   Thumb Code     6  list.o(i.vListInitialiseItem)
    vListInsert                              0x080036d1   Thumb Code    48  list.o(i.vListInsert)
    vListInsertEnd                           0x08003701   Thumb Code    24  list.o(i.vListInsertEnd)
    vPortEnterCritical                       0x08003719   Thumb Code    54  port.o(i.vPortEnterCritical)
    vPortExitCritical                        0x08003759   Thumb Code    34  port.o(i.vPortExitCritical)
    vPortFree                                0x08003781   Thumb Code    88  heap_4.o(i.vPortFree)
    vPortSetupTimerInterrupt                 0x080037dd   Thumb Code    26  port.o(i.vPortSetupTimerInterrupt)
    vPortValidateInterruptPriority           0x080037fd   Thumb Code    74  port.o(i.vPortValidateInterruptPriority)
    vTaskDelay                               0x08003851   Thumb Code    66  tasks.o(i.vTaskDelay)
    vTaskMissedYield                         0x0800389d   Thumb Code     8  tasks.o(i.vTaskMissedYield)
    vTaskPlaceOnEventList                    0x080038a9   Thumb Code    44  tasks.o(i.vTaskPlaceOnEventList)
    vTaskPriorityInherit                     0x080038d9   Thumb Code   124  tasks.o(i.vTaskPriorityInherit)
    vTaskSetTimeOutState                     0x0800395d   Thumb Code    30  tasks.o(i.vTaskSetTimeOutState)
    vTaskStartScheduler                      0x08003981   Thumb Code    86  tasks.o(i.vTaskStartScheduler)
    vTaskSuspendAll                          0x080039e9   Thumb Code    10  tasks.o(i.vTaskSuspendAll)
    vTaskSwitchContext                       0x080039f9   Thumb Code    82  tasks.o(i.vTaskSwitchContext)
    xPortStartScheduler                      0x08003a55   Thumb Code   202  port.o(i.xPortStartScheduler)
    xPortSysTickHandler                      0x08003b35   Thumb Code    38  port.o(i.xPortSysTickHandler)
    xQueueGenericCreate                      0x08003b61   Thumb Code    72  queue.o(i.xQueueGenericCreate)
    xQueueGenericReceive                     0x08003ba9   Thumb Code   360  queue.o(i.xQueueGenericReceive)
    xQueueGenericReset                       0x08003d15   Thumb Code   132  queue.o(i.xQueueGenericReset)
    xQueueGenericSend                        0x08003d9d   Thumb Code   346  queue.o(i.xQueueGenericSend)
    xQueueGiveFromISR                        0x08003efd   Thumb Code   156  queue.o(i.xQueueGiveFromISR)
    xQueueReceiveFromISR                     0x08003f99   Thumb Code   154  queue.o(i.xQueueReceiveFromISR)
    xTaskCheckForTimeOut                     0x08004035   Thumb Code   102  tasks.o(i.xTaskCheckForTimeOut)
    xTaskCreate                              0x080040a1   Thumb Code    86  tasks.o(i.xTaskCreate)
    xTaskGetSchedulerState                   0x080040f9   Thumb Code    22  tasks.o(i.xTaskGetSchedulerState)
    xTaskIncrementTick                       0x08004115   Thumb Code   192  tasks.o(i.xTaskIncrementTick)
    xTaskPriorityDisinherit                  0x080041dd   Thumb Code   144  tasks.o(i.xTaskPriorityDisinherit)
    xTaskRemoveFromEventList                 0x08004275   Thumb Code   108  tasks.o(i.xTaskRemoveFromEventList)
    xTaskResumeAll                           0x080042e9   Thumb Code   182  tasks.o(i.xTaskResumeAll)
    AHBPrescTable                            0x08004454   Data          16  system_stm32f4xx.o(.constdata)
    APBPrescTable                            0x08004464   Data           8  system_stm32f4xx.o(.constdata)
    Region$$Table$$Base                      0x080044c0   Number         0  anon$$obj.o(Region$$Table)
    Region$$Table$$Limit                     0x080044e0   Number         0  anon$$obj.o(Region$$Table)
    ADASRxComplete                           0x20000000   Data           1  main.o(.data)
    CrashWarningLv                           0x20000001   Data           1  main.o(.data)
    defaultTaskHandle                        0x20000004   Data           4  main.o(.data)
    RadarCommHandle                          0x20000008   Data           4  main.o(.data)
    ADASCommHandle                           0x2000000c   Data           4  main.o(.data)
    SoundWarningHandle                       0x20000010   Data           4  main.o(.data)
    LightWarningHandle                       0x20000014   Data           4  main.o(.data)
    CANSpeedReadHandle                       0x20000018   Data           4  main.o(.data)
    bSemRadarCANRxSigHandle                  0x2000001c   Data           4  main.o(.data)
    bSemADASRxSigHandle                      0x20000020   Data           4  main.o(.data)
    bSemSoundWarningSigHandle                0x20000024   Data           4  main.o(.data)
    bSemLightWarningSigHandle                0x20000028   Data           4  main.o(.data)
    bSemSpeedRxSigHandle                     0x2000002c   Data           4  main.o(.data)
    bSemCalculateSigHandle                   0x20000030   Data           4  main.o(.data)
    RadarCANRxBuf                            0x20000034   Data           8  main.o(.data)
    hcrc                                     0x2000003c   Data           8  main.o(.data)
    pxCurrentTCB                             0x20000068   Data           4  tasks.o(.data)
    uwTickFreq                               0x200000a4   Data           1  stm32f4xx_hal.o(.data)
    uwTickPrio                               0x200000a8   Data           4  stm32f4xx_hal.o(.data)
    uwTick                                   0x200000ac   Data           4  stm32f4xx_hal.o(.data)
    SystemCoreClock                          0x200000b0   Data           4  system_stm32f4xx.o(.data)
    htim4                                    0x200000b4   Data          60  stm32f4xx_hal_timebase_tim.o(.bss)
    ADASRxBuf                                0x200000f0   Data          32  main.o(.bss)
    hcan1                                    0x20000110   Data          40  main.o(.bss)
    hcan2                                    0x20000138   Data          40  main.o(.bss)
    hcan3                                    0x20000160   Data          40  main.o(.bss)
    htim2                                    0x20000188   Data          60  main.o(.bss)
    htim3                                    0x200001c4   Data          60  main.o(.bss)
    huart5                                   0x20000200   Data          64  main.o(.bss)
    huart1                                   0x20000240   Data          64  main.o(.bss)
    huart2                                   0x20000280   Data          64  main.o(.bss)
    huart3                                   0x200002c0   Data          64  main.o(.bss)
    RadarGeneral                             0x20000300   Data         224  main.o(.bss)
    RadarCANRxHeader                         0x200003e0   Data          28  main.o(.bss)
    ADAS_dev                                 0x200003fc   Data          24  main.o(.bss)
    hdma_uart5_rx                            0x20000414   Data          96  main.o(.bss)
    hdma_usart1_rx                           0x20000474   Data          96  main.o(.bss)
    hdma_usart2_rx                           0x200004d4   Data          96  main.o(.bss)
    hdma_usart3_rx                           0x20000534   Data          96  main.o(.bss)
    __initial_sp                             0x20005288   Data           0  startup_stm32f413xx.o(STACK)



==============================================================================

Memory Map of the image

  Image Entry point : 0x080001d9

  Load Region LR_IROM1 (Base: 0x08000000, Size: 0x00004594, Max: 0x00080000, ABSOLUTE)

    Execution Region ER_IROM1 (Base: 0x08000000, Size: 0x000044e0, Max: 0x00080000, ABSOLUTE)

    Base Addr    Size         Type   Attr      Idx    E Section Name        Object

    0x08000000   0x000001d8   Data   RO            3    RESET               startup_stm32f413xx.o
    0x080001d8   0x00000000   Code   RO         4474  * .ARM.Collect$$$$00000000  mc_w.l(entry.o)
    0x080001d8   0x00000004   Code   RO         4489    .ARM.Collect$$$$00000001  mc_w.l(entry2.o)
    0x080001dc   0x00000004   Code   RO         4492    .ARM.Collect$$$$00000004  mc_w.l(entry5.o)
    0x080001e0   0x00000000   Code   RO         4494    .ARM.Collect$$$$00000008  mc_w.l(entry7b.o)
    0x080001e0   0x00000000   Code   RO         4496    .ARM.Collect$$$$0000000A  mc_w.l(entry8b.o)
    0x080001e0   0x00000008   Code   RO         4497    .ARM.Collect$$$$0000000B  mc_w.l(entry9a.o)
    0x080001e8   0x00000000   Code   RO         4499    .ARM.Collect$$$$0000000D  mc_w.l(entry10a.o)
    0x080001e8   0x00000000   Code   RO         4501    .ARM.Collect$$$$0000000F  mc_w.l(entry11a.o)
    0x080001e8   0x00000004   Code   RO         4490    .ARM.Collect$$$$00002712  mc_w.l(entry2.o)
    0x080001ec   0x000000ba   Code   RO         1442    .emb_text           port.o
    0x080002a6   0x00000002   PAD
    0x080002a8   0x00000024   Code   RO            4    .text               startup_stm32f413xx.o
    0x080002cc   0x00000062   Code   RO         4477    .text               mc_w.l(uldiv.o)
    0x0800032e   0x00000024   Code   RO         4479    .text               mc_w.l(memcpya.o)
    0x08000352   0x000000e4   Code   RO         4483    .text               mf_w.l(dmul.o)
    0x08000436   0x0000001a   Code   RO         4485    .text               mf_w.l(dfltui.o)
    0x08000450   0x00000038   Code   RO         4487    .text               mf_w.l(d2f.o)
    0x08000488   0x0000001e   Code   RO         4503    .text               mc_w.l(llshl.o)
    0x080004a6   0x00000020   Code   RO         4505    .text               mc_w.l(llushr.o)
    0x080004c6   0x00000000   Code   RO         4507    .text               mc_w.l(iusefp.o)
    0x080004c6   0x0000006e   Code   RO         4508    .text               mf_w.l(fepilogue.o)
    0x08000534   0x000000ba   Code   RO         4510    .text               mf_w.l(depilogue.o)
    0x080005ee   0x00000002   PAD
    0x080005f0   0x00000024   Code   RO         4512    .text               mc_w.l(init.o)
    0x08000614   0x00000092   Code   RO          261    i.ARS_GetRadarObjGeneral  ars408.o
    0x080006a6   0x00000002   PAD
    0x080006a8   0x00000030   Code   RO          263    i.ARS_Init          ars408.o
    0x080006d8   0x00000002   Code   RO          353    i.BusFault_Handler  stm32f4xx_it.o
    0x080006da   0x00000002   PAD
    0x080006dc   0x0000000c   Code   RO          354    i.CAN1_RX0_IRQHandler  stm32f4xx_it.o
    0x080006e8   0x0000000c   Code   RO          355    i.CAN2_RX0_IRQHandler  stm32f4xx_it.o
    0x080006f4   0x0000000c   Code   RO          356    i.CAN3_RX0_IRQHandler  stm32f4xx_it.o
    0x08000700   0x000000bc   Code   RO           13    i.CalADASData       adas.o
    0x080007bc   0x0000000c   Code   RO          357    i.DMA1_Stream0_IRQHandler  stm32f4xx_it.o
    0x080007c8   0x0000000c   Code   RO          358    i.DMA1_Stream1_IRQHandler  stm32f4xx_it.o
    0x080007d4   0x0000000c   Code   RO          359    i.DMA1_Stream5_IRQHandler  stm32f4xx_it.o
    0x080007e0   0x0000000c   Code   RO          360    i.DMA2_Stream2_IRQHandler  stm32f4xx_it.o
    0x080007ec   0x00000028   Code   RO         3662    i.DMA_CalcBaseAndBitshift  stm32f4xx_hal_dma.o
    0x08000814   0x00000054   Code   RO         3663    i.DMA_CheckFifoParam  stm32f4xx_hal_dma.o
    0x08000868   0x00000002   Code   RO          361    i.DebugMon_Handler  stm32f4xx_it.o
    0x0800086a   0x00000028   Code   RO         3769    i.HAL_CAN_ActivateNotification  stm32f4xx_hal_can.o
    0x08000892   0x00000002   PAD
    0x08000894   0x00000120   Code   RO         3771    i.HAL_CAN_ConfigFilter  stm32f4xx_hal_can.o
    0x080009b4   0x00000002   Code   RO         3774    i.HAL_CAN_ErrorCallback  stm32f4xx_hal_can.o
    0x080009b6   0x000000fa   Code   RO         3777    i.HAL_CAN_GetRxMessage  stm32f4xx_hal_can.o
    0x08000ab0   0x000001fc   Code   RO         3781    i.HAL_CAN_IRQHandler  stm32f4xx_hal_can.o
    0x08000cac   0x0000011a   Code   RO         3782    i.HAL_CAN_Init      stm32f4xx_hal_can.o
    0x08000dc6   0x00000002   PAD
    0x08000dc8   0x000000dc   Code   RO          554    i.HAL_CAN_MspInit   stm32f4xx_hal_msp.o
    0x08000ea4   0x00000028   Code   RO          626    i.HAL_CAN_RxFifo0FullCallback  main.o
    0x08000ecc   0x00000002   Code   RO         3790    i.HAL_CAN_RxFifo0MsgPendingCallback  stm32f4xx_hal_can.o
    0x08000ece   0x00000002   Code   RO         3791    i.HAL_CAN_RxFifo1FullCallback  stm32f4xx_hal_can.o
    0x08000ed0   0x00000002   Code   RO         3792    i.HAL_CAN_RxFifo1MsgPendingCallback  stm32f4xx_hal_can.o
    0x08000ed2   0x00000002   Code   RO         3793    i.HAL_CAN_SleepCallback  stm32f4xx_hal_can.o
    0x08000ed4   0x00000058   Code   RO         3794    i.HAL_CAN_Start     stm32f4xx_hal_can.o
    0x08000f2c   0x00000002   Code   RO         3796    i.HAL_CAN_TxMailbox0AbortCallback  stm32f4xx_hal_can.o
    0x08000f2e   0x00000002   Code   RO         3797    i.HAL_CAN_TxMailbox0CompleteCallback  stm32f4xx_hal_can.o
    0x08000f30   0x00000002   Code   RO         3798    i.HAL_CAN_TxMailbox1AbortCallback  stm32f4xx_hal_can.o
    0x08000f32   0x00000002   Code   RO         3799    i.HAL_CAN_TxMailbox1CompleteCallback  stm32f4xx_hal_can.o
    0x08000f34   0x00000002   Code   RO         3800    i.HAL_CAN_TxMailbox2AbortCallback  stm32f4xx_hal_can.o
    0x08000f36   0x00000002   Code   RO         3801    i.HAL_CAN_TxMailbox2CompleteCallback  stm32f4xx_hal_can.o
    0x08000f38   0x00000002   Code   RO         3803    i.HAL_CAN_WakeUpFromRxMsgCallback  stm32f4xx_hal_can.o
    0x08000f3a   0x00000026   Code   RO         3540    i.HAL_CRC_Init      stm32f4xx_hal_crc.o
    0x08000f60   0x00000028   Code   RO          556    i.HAL_CRC_MspInit   stm32f4xx_hal_msp.o
    0x08000f88   0x0000008e   Code   RO         3665    i.HAL_DMA_Abort     stm32f4xx_hal_dma.o
    0x08001016   0x00000024   Code   RO         3666    i.HAL_DMA_Abort_IT  stm32f4xx_hal_dma.o
    0x0800103a   0x00000002   PAD
    0x0800103c   0x000001a0   Code   RO         3670    i.HAL_DMA_IRQHandler  stm32f4xx_hal_dma.o
    0x080011dc   0x000000d4   Code   RO         3671    i.HAL_DMA_Init      stm32f4xx_hal_dma.o
    0x080012b0   0x000001a4   Code   RO         3599    i.HAL_GPIO_Init     stm32f4xx_hal_gpio.o
    0x08001454   0x00000008   Code   RO         3602    i.HAL_GPIO_TogglePin  stm32f4xx_hal_gpio.o
    0x0800145c   0x0000000a   Code   RO         3603    i.HAL_GPIO_WritePin  stm32f4xx_hal_gpio.o
    0x08001466   0x00000002   PAD
    0x08001468   0x0000000c   Code   RO         1969    i.HAL_GetTick       stm32f4xx_hal.o
    0x08001474   0x00000010   Code   RO         1973    i.HAL_IncTick       stm32f4xx_hal.o
    0x08001484   0x00000034   Code   RO         1974    i.HAL_Init          stm32f4xx_hal.o
    0x080014b8   0x00000074   Code   RO          513    i.HAL_InitTick      stm32f4xx_hal_timebase_tim.o
    0x0800152c   0x00000070   Code   RO          557    i.HAL_MspInit       stm32f4xx_hal_msp.o
    0x0800159c   0x00000016   Code   RO         2252    i.HAL_NVIC_EnableIRQ  stm32f4xx_hal_cortex.o
    0x080015b2   0x00000002   PAD
    0x080015b4   0x00000040   Code   RO         2258    i.HAL_NVIC_SetPriority  stm32f4xx_hal_cortex.o
    0x080015f4   0x00000024   Code   RO         2259    i.HAL_NVIC_SetPriorityGrouping  stm32f4xx_hal_cortex.o
    0x08001618   0x00000130   Code   RO         4338    i.HAL_RCC_ClockConfig  stm32f4xx_hal_rcc.o
    0x08001748   0x00000040   Code   RO         4342    i.HAL_RCC_GetClockConfig  stm32f4xx_hal_rcc.o
    0x08001788   0x0000000c   Code   RO         4343    i.HAL_RCC_GetHCLKFreq  stm32f4xx_hal_rcc.o
    0x08001794   0x00000020   Code   RO         4345    i.HAL_RCC_GetPCLK1Freq  stm32f4xx_hal_rcc.o
    0x080017b4   0x00000020   Code   RO         4346    i.HAL_RCC_GetPCLK2Freq  stm32f4xx_hal_rcc.o
    0x080017d4   0x00000060   Code   RO         4347    i.HAL_RCC_GetSysClockFreq  stm32f4xx_hal_rcc.o
    0x08001834   0x00000324   Code   RO         3146    i.HAL_RCC_OscConfig  stm32f4xx_hal_rcc_ex.o
    0x08001b58   0x00000018   Code   RO         2261    i.HAL_SYSTICK_CLKSourceConfig  stm32f4xx_hal_cortex.o
    0x08001b70   0x00000028   Code   RO         2263    i.HAL_SYSTICK_Config  stm32f4xx_hal_cortex.o
    0x08001b98   0x00000002   Code   RO         4080    i.HAL_TIMEx_BreakCallback  stm32f4xx_hal_tim_ex.o
    0x08001b9a   0x00000002   Code   RO         4081    i.HAL_TIMEx_CommutationCallback  stm32f4xx_hal_tim_ex.o
    0x08001b9c   0x00000050   Code   RO         4097    i.HAL_TIMEx_MasterConfigSynchronization  stm32f4xx_hal_tim_ex.o
    0x08001bec   0x00000036   Code   RO         2384    i.HAL_TIM_Base_Init  stm32f4xx_hal_tim.o
    0x08001c22   0x00000002   PAD
    0x08001c24   0x0000003c   Code   RO          559    i.HAL_TIM_Base_MspInit  stm32f4xx_hal_msp.o
    0x08001c60   0x00000018   Code   RO         2389    i.HAL_TIM_Base_Start_IT  stm32f4xx_hal_tim.o
    0x08001c78   0x000000f2   Code   RO         2393    i.HAL_TIM_ConfigClockSource  stm32f4xx_hal_tim.o
    0x08001d6a   0x00000002   Code   RO         2413    i.HAL_TIM_IC_CaptureCallback  stm32f4xx_hal_tim.o
    0x08001d6c   0x00000166   Code   RO         2426    i.HAL_TIM_IRQHandler  stm32f4xx_hal_tim.o
    0x08001ed2   0x00000002   Code   RO         2429    i.HAL_TIM_OC_DelayElapsedCallback  stm32f4xx_hal_tim.o
    0x08001ed4   0x00000002   Code   RO         2456    i.HAL_TIM_PWM_PulseFinishedCallback  stm32f4xx_hal_tim.o
    0x08001ed6   0x00000002   PAD
    0x08001ed8   0x00000014   Code   RO          627    i.HAL_TIM_PeriodElapsedCallback  main.o
    0x08001eec   0x00000002   Code   RO         2467    i.HAL_TIM_TriggerCallback  stm32f4xx_hal_tim.o
    0x08001eee   0x00000058   Code   RO         3229    i.HAL_UART_DMAStop  stm32f4xx_hal_uart.o
    0x08001f46   0x00000002   Code   RO         3231    i.HAL_UART_ErrorCallback  stm32f4xx_hal_uart.o
    0x08001f48   0x00000110   Code   RO         3234    i.HAL_UART_IRQHandler  stm32f4xx_hal_uart.o
    0x08002058   0x00000062   Code   RO         3235    i.HAL_UART_Init     stm32f4xx_hal_uart.o
    0x080020ba   0x00000002   PAD
    0x080020bc   0x000002c0   Code   RO          561    i.HAL_UART_MspInit  stm32f4xx_hal_msp.o
    0x0800237c   0x00000002   Code   RO         3241    i.HAL_UART_RxCpltCallback  stm32f4xx_hal_uart.o
    0x0800237e   0x00000002   Code   RO         3246    i.HAL_UART_TxCpltCallback  stm32f4xx_hal_uart.o
    0x08002380   0x00000002   Code   RO          362    i.HardFault_Handler  stm32f4xx_it.o
    0x08002382   0x00000002   PAD
    0x08002384   0x00000040   Code   RO          628    i.MX_CAN1_Init      main.o
    0x080023c4   0x00000040   Code   RO          629    i.MX_CAN2_Init      main.o
    0x08002404   0x00000040   Code   RO          630    i.MX_CAN3_Init      main.o
    0x08002444   0x0000006c   Code   RO          631    i.MX_DMA_Init       main.o
    0x080024b0   0x00000108   Code   RO          632    i.MX_GPIO_Init      main.o
    0x080025b8   0x0000004c   Code   RO          633    i.MX_TIM2_Init      main.o
    0x08002604   0x0000004c   Code   RO          634    i.MX_TIM3_Init      main.o
    0x08002650   0x00000002   Code   RO          363    i.MemManage_Handler  stm32f4xx_it.o
    0x08002652   0x00000002   Code   RO          364    i.NMI_Handler       stm32f4xx_it.o
    0x08002654   0x00000020   Code   RO         2265    i.NVIC_SetPriority  stm32f4xx_hal_cortex.o
    0x08002674   0x00000034   Code   RO          635    i.StartADASCommTask  main.o
    0x080026a8   0x00000008   Code   RO          636    i.StartCANSpeedReadTask  main.o
    0x080026b0   0x00000008   Code   RO          637    i.StartDefaultTask  main.o
    0x080026b8   0x00000008   Code   RO          638    i.StartLightWarningTask  main.o
    0x080026c0   0x00000044   Code   RO          639    i.StartRadarCommTask  main.o
    0x08002704   0x00000058   Code   RO          640    i.StartSoundWarningTask  main.o
    0x0800275c   0x00000004   Code   RO          365    i.SysTick_Handler   stm32f4xx_it.o
    0x08002760   0x0000009c   Code   RO          641    i.SystemClock_Config  main.o
    0x080027fc   0x00000054   Code   RO         4440    i.SystemInit        system_stm32f4xx.o
    0x08002850   0x0000000c   Code   RO          366    i.TIM4_IRQHandler   stm32f4xx_it.o
    0x0800285c   0x000000c0   Code   RO         2468    i.TIM_Base_SetConfig  stm32f4xx_hal_tim.o
    0x0800291c   0x00000014   Code   RO         2475    i.TIM_ETR_SetConfig  stm32f4xx_hal_tim.o
    0x08002930   0x00000010   Code   RO         2476    i.TIM_ITRx_SetConfig  stm32f4xx_hal_tim.o
    0x08002940   0x00000022   Code   RO         2482    i.TIM_TI1_ConfigInputStage  stm32f4xx_hal_tim.o
    0x08002962   0x00000024   Code   RO         2484    i.TIM_TI2_ConfigInputStage  stm32f4xx_hal_tim.o
    0x08002986   0x00000002   PAD
    0x08002988   0x0000000c   Code   RO          367    i.UART5_IRQHandler  stm32f4xx_it.o
    0x08002994   0x00000010   Code   RO         3248    i.UART_DMAAbortOnError  stm32f4xx_hal_uart.o
    0x080029a4   0x0000001c   Code   RO         3258    i.UART_EndRxTransfer  stm32f4xx_hal_uart.o
    0x080029c0   0x00000012   Code   RO         3259    i.UART_EndTxTransfer  stm32f4xx_hal_uart.o
    0x080029d2   0x0000008c   Code   RO         3260    i.UART_Receive_IT   stm32f4xx_hal_uart.o
    0x08002a5e   0x00000002   PAD
    0x08002a60   0x000002ac   Code   RO         3261    i.UART_SetConfig    stm32f4xx_hal_uart.o
    0x08002d0c   0x00000062   Code   RO         3262    i.UART_Transmit_IT  stm32f4xx_hal_uart.o
    0x08002d6e   0x00000002   PAD
    0x08002d70   0x0000000c   Code   RO          368    i.USART1_IRQHandler  stm32f4xx_it.o
    0x08002d7c   0x0000000c   Code   RO          369    i.USART2_IRQHandler  stm32f4xx_it.o
    0x08002d88   0x00000030   Code   RO          370    i.USART3_IRQHandler  stm32f4xx_it.o
    0x08002db8   0x00000002   Code   RO          371    i.UsageFault_Handler  stm32f4xx_it.o
    0x08002dba   0x00000002   Code   RO          642    i._Error_Handler    main.o
    0x08002dbc   0x0000000e   Code   RO         4516    i.__scatterload_copy  mc_w.l(handlers.o)
    0x08002dca   0x00000002   Code   RO         4517    i.__scatterload_null  mc_w.l(handlers.o)
    0x08002dcc   0x0000000e   Code   RO         4518    i.__scatterload_zeroinit  mc_w.l(handlers.o)
    0x08002dda   0x0000000c   Code   RO          993    i.inHandlerMode     cmsis_os.o
    0x08002de6   0x00000002   PAD
    0x08002de8   0x000001ec   Code   RO          643    i.main              main.o
    0x08002fd4   0x0000000c   Code   RO          995    i.makeFreeRtosPriority  cmsis_os.o
    0x08002fe0   0x0000000e   Code   RO          997    i.osDelay           cmsis_os.o
    0x08002fee   0x0000000a   Code   RO         1000    i.osKernelStart     cmsis_os.o
    0x08002ff8   0x00000026   Code   RO         1026    i.osSemaphoreCreate  cmsis_os.o
    0x0800301e   0x00000002   PAD
    0x08003020   0x00000050   Code   RO         1029    i.osSemaphoreRelease  cmsis_os.o
    0x08003070   0x00000068   Code   RO         1030    i.osSemaphoreWait   cmsis_os.o
    0x080030d8   0x00000014   Code   RO         1033    i.osSystickHandler  cmsis_os.o
    0x080030ec   0x0000002e   Code   RO         1034    i.osThreadCreate    cmsis_os.o
    0x0800311a   0x00000002   PAD
    0x0800311c   0x00000070   Code   RO         1520    i.prvAddCurrentTaskToDelayedList  tasks.o
    0x0800318c   0x000000d0   Code   RO         1521    i.prvAddNewTaskToReadyList  tasks.o
    0x0800325c   0x00000050   Code   RO         1522    i.prvCheckTasksWaitingTermination  tasks.o
    0x080032ac   0x00000026   Code   RO          831    i.prvCopyDataFromQueue  queue.o
    0x080032d2   0x0000006c   Code   RO          832    i.prvCopyDataToQueue  queue.o
    0x0800333e   0x00000014   Code   RO         1523    i.prvDeleteTCB      tasks.o
    0x08003352   0x00000002   PAD
    0x08003354   0x0000004c   Code   RO          760    i.prvHeapInit       heap_4.o
    0x080033a0   0x00000028   Code   RO         1524    i.prvIdleTask       tasks.o
    0x080033c8   0x0000008e   Code   RO         1525    i.prvInitialiseNewTask  tasks.o
    0x08003456   0x00000002   PAD
    0x08003458   0x0000004c   Code   RO          761    i.prvInsertBlockIntoFreeList  heap_4.o
    0x080034a4   0x0000001c   Code   RO          833    i.prvIsQueueEmpty   queue.o
    0x080034c0   0x00000020   Code   RO         1526    i.prvResetNextTaskUnblockTime  tasks.o
    0x080034e0   0x00000028   Code   RO         1443    i.prvTaskExitError  port.o
    0x08003508   0x0000006a   Code   RO          834    i.prvUnlockQueue    queue.o
    0x08003572   0x00000002   PAD
    0x08003574   0x000000d8   Code   RO          762    i.pvPortMalloc      heap_4.o
    0x0800364c   0x00000018   Code   RO         1528    i.pvTaskIncrementMutexHeldCount  tasks.o
    0x08003664   0x0000002c   Code   RO         1444    i.pxPortInitialiseStack  port.o
    0x08003690   0x00000024   Code   RO         1799    i.uxListRemove      list.o
    0x080036b4   0x00000016   Code   RO         1800    i.vListInitialise   list.o
    0x080036ca   0x00000006   Code   RO         1801    i.vListInitialiseItem  list.o
    0x080036d0   0x00000030   Code   RO         1802    i.vListInsert       list.o
    0x08003700   0x00000018   Code   RO         1803    i.vListInsertEnd    list.o
    0x08003718   0x00000040   Code   RO         1446    i.vPortEnterCritical  port.o
    0x08003758   0x00000028   Code   RO         1447    i.vPortExitCritical  port.o
    0x08003780   0x0000005c   Code   RO          763    i.vPortFree         heap_4.o
    0x080037dc   0x00000020   Code   RO         1448    i.vPortSetupTimerInterrupt  port.o
    0x080037fc   0x00000054   Code   RO         1449    i.vPortValidateInterruptPriority  port.o
    0x08003850   0x0000004c   Code   RO         1534    i.vTaskDelay        tasks.o
    0x0800389c   0x0000000c   Code   RO         1537    i.vTaskMissedYield  tasks.o
    0x080038a8   0x00000030   Code   RO         1539    i.vTaskPlaceOnEventList  tasks.o
    0x080038d8   0x00000084   Code   RO         1541    i.vTaskPriorityInherit  tasks.o
    0x0800395c   0x00000024   Code   RO         1544    i.vTaskSetTimeOutState  tasks.o
    0x08003980   0x00000068   Code   RO         1545    i.vTaskStartScheduler  tasks.o
    0x080039e8   0x00000010   Code   RO         1547    i.vTaskSuspendAll   tasks.o
    0x080039f8   0x0000005c   Code   RO         1548    i.vTaskSwitchContext  tasks.o
    0x08003a54   0x000000e0   Code   RO         1450    i.xPortStartScheduler  port.o
    0x08003b34   0x0000002c   Code   RO         1451    i.xPortSysTickHandler  port.o
    0x08003b60   0x00000048   Code   RO          842    i.xQueueGenericCreate  queue.o
    0x08003ba8   0x0000016c   Code   RO          843    i.xQueueGenericReceive  queue.o
    0x08003d14   0x00000088   Code   RO          844    i.xQueueGenericReset  queue.o
    0x08003d9c   0x00000160   Code   RO          845    i.xQueueGenericSend  queue.o
    0x08003efc   0x0000009c   Code   RO          847    i.xQueueGiveFromISR  queue.o
    0x08003f98   0x0000009a   Code   RO          851    i.xQueueReceiveFromISR  queue.o
    0x08004032   0x00000002   PAD
    0x08004034   0x0000006c   Code   RO         1549    i.xTaskCheckForTimeOut  tasks.o
    0x080040a0   0x00000056   Code   RO         1550    i.xTaskCreate       tasks.o
    0x080040f6   0x00000002   PAD
    0x080040f8   0x0000001c   Code   RO         1554    i.xTaskGetSchedulerState  tasks.o
    0x08004114   0x000000c8   Code   RO         1557    i.xTaskIncrementTick  tasks.o
    0x080041dc   0x00000098   Code   RO         1560    i.xTaskPriorityDisinherit  tasks.o
    0x08004274   0x00000074   Code   RO         1561    i.xTaskRemoveFromEventList  tasks.o
    0x080042e8   0x000000c4   Code   RO         1563    i.xTaskResumeAll    tasks.o
    0x080043ac   0x00000028   Data   RO          265    .constdata          ars408.o
    0x080043d4   0x00000078   Data   RO          650    .constdata          main.o
    0x0800444c   0x00000008   Data   RO         3677    .constdata          stm32f4xx_hal_dma.o
    0x08004454   0x00000010   Data   RO         4441    .constdata          system_stm32f4xx.o
    0x08004464   0x00000008   Data   RO         4442    .constdata          system_stm32f4xx.o
    0x0800446c   0x00000052   Data   RO          651    .conststring        main.o
    0x080044be   0x00000002   PAD
    0x080044c0   0x00000020   Data   RO         4514    Region$$Table       anon$$obj.o


    Execution Region RW_IRAM1 (Base: 0x20000000, Size: 0x00005288, Max: 0x00020000, ABSOLUTE)

    Base Addr    Size         Type   Attr      Idx    E Section Name        Object

    0x20000000   0x00000044   Data   RW          653    .data               main.o
    0x20000044   0x00000018   Data   RW          768    .data               heap_4.o
    0x2000005c   0x0000000c   Data   RW         1452    .data               port.o
    0x20000068   0x0000003c   Data   RW         1566    .data               tasks.o
    0x200000a4   0x0000000c   Data   RW         1981    .data               stm32f4xx_hal.o
    0x200000b0   0x00000004   Data   RW         4443    .data               system_stm32f4xx.o
    0x200000b4   0x0000003c   Zero   RW          516    .bss                stm32f4xx_hal_timebase_tim.o
    0x200000f0   0x00000324   Zero   RW          644    .bss                main.o
    0x20000414   0x00000060   Zero   RW          645    .bss                main.o
    0x20000474   0x00000060   Zero   RW          646    .bss                main.o
    0x200004d4   0x00000060   Zero   RW          647    .bss                main.o
    0x20000534   0x00000060   Zero   RW          648    .bss                main.o
    0x20000594   0x00003c00   Zero   RW          767    .bss                heap_4.o
    0x20004194   0x000000f0   Zero   RW         1565    .bss                tasks.o
    0x20004284   0x00000004   PAD
    0x20004288   0x00001000   Zero   RW            1    STACK               startup_stm32f413xx.o


==============================================================================

Image component sizes


      Code (inc. data)   RO Data    RW Data    ZI Data      Debug   Object Name

       188          8          0          0          0     688458   adas.o
       194          4         40          0          0       6311   ars408.o
       336         10          0          0          0      17779   cmsis_os.o
         0          0          0          0          0      10192   freertos.o
       460         24          0         24      15360       8787   heap_4.o
       136          0          0          0          0       3522   list.o
      1658        170        202         68       1188      18330   main.o
       758         84          0         12          0      11857   port.o
      1514         14          0          0          0      21625   queue.o
        36          8        472          0       4096        832   startup_stm32f413xx.o
        80         14          0         12          0       3238   stm32f4xx_hal.o
      1480         10          0          0          0      12950   stm32f4xx_hal_can.o
       218         14          0          0          0      31013   stm32f4xx_hal_cortex.o
        38          0          0          0          0       1047   stm32f4xx_hal_crc.o
       930         16          8          0          0       5603   stm32f4xx_hal_dma.o
       438         42          0          0          0       3013   stm32f4xx_hal_gpio.o
      1136        140          0          0          0       4329   stm32f4xx_hal_msp.o
       540         66          0          0          0       4813   stm32f4xx_hal_rcc.o
       804         26          0          0          0       1844   stm32f4xx_hal_rcc_ex.o
       984         44          0          0          0       9815   stm32f4xx_hal_tim.o
        84          0          0          0          0       2406   stm32f4xx_hal_tim_ex.o
       116         16          0          0         60       1440   stm32f4xx_hal_timebase_tim.o
      1448         14          0          0          0       8654   stm32f4xx_hal_uart.o
       196         74          0          0          0      19990   stm32f4xx_it.o
        84         18         24          4          0       1147   system_stm32f4xx.o
      2060        172          0         60        240      22305   tasks.o

    ----------------------------------------------------------------------
     15962        988        780        180      20948     921300   Object Totals
         0          0         32          0          0          0   (incl. Generated)
        46          0          2          0          4          0   (incl. Padding)

    ----------------------------------------------------------------------

      Code (inc. data)   RO Data    RW Data    ZI Data      Debug   Library Member Name

         0          0          0          0          0          0   entry.o
         0          0          0          0          0          0   entry10a.o
         0          0          0          0          0          0   entry11a.o
         8          4          0          0          0          0   entry2.o
         4          0          0          0          0          0   entry5.o
         0          0          0          0          0          0   entry7b.o
         0          0          0          0          0          0   entry8b.o
         8          4          0          0          0          0   entry9a.o
        30          0          0          0          0          0   handlers.o
        36          8          0          0          0         68   init.o
         0          0          0          0          0          0   iusefp.o
        30          0          0          0          0         68   llshl.o
        32          0          0          0          0         68   llushr.o
        36          0          0          0          0         68   memcpya.o
        98          0          0          0          0         92   uldiv.o
        56          0          0          0          0         88   d2f.o
       186          0          0          0          0        176   depilogue.o
        26          0          0          0          0         76   dfltui.o
       228          0          0          0          0         96   dmul.o
       110          0          0          0          0        168   fepilogue.o

    ----------------------------------------------------------------------
       890         16          0          0          0        968   Library Totals
         2          0          0          0          0          0   (incl. Padding)

    ----------------------------------------------------------------------

      Code (inc. data)   RO Data    RW Data    ZI Data      Debug   Library Name

       282         16          0          0          0        364   mc_w.l
       606          0          0          0          0        604   mf_w.l

    ----------------------------------------------------------------------
       890         16          0          0          0        968   Library Totals

    ----------------------------------------------------------------------

==============================================================================


      Code (inc. data)   RO Data    RW Data    ZI Data      Debug   

     16852       1004        780        180      20948     904956   Grand Totals
     16852       1004        780        180      20948     904956   ELF Image Totals
     16852       1004        780        180          0          0   ROM Totals

==============================================================================

    Total RO  Size (Code + RO Data)                17632 (  17.22kB)
    Total RW  Size (RW Data + ZI Data)             21128 (  20.63kB)
    Total ROM Size (Code + RO Data + RW Data)      17812 (  17.39kB)

==============================================================================

