<html>
<body>
<pre>
<h1>µVision Build Log</h1>
<h2>Tool Versions:</h2>
IDE-Version: ¦ÌVision V5.17.0.0
Copyright (C) 2015 ARM Ltd and ARM Germany GmbH. All rights reserved.
License Information: e Microsoft, Microsoft, LIC=IC9MM-XUN25-GM999-4VRBL-EUBX7-Y74RC
 
Tool Versions:
Toolchain:       MDK-ARM Professional  Version: 5.17
Toolchain Path:  C:\Keil_v5\ARM\ARMCC\Bin
C Compiler:      Armcc.exe V5.06 update 1 (build 61)
Assembler:       Armasm.exe V5.06 update 1 (build 61)
Linker/Locator:  ArmLink.exe V5.06 update 1 (build 61)
Library Manager: ArmAr.exe V5.06 update 1 (build 61)
Hex Converter:   FromElf.exe V5.06 update 1 (build 61)
CPU DLL:         SARMCM3.DLL V5.17
Dialog DLL:      DCM.DLL V1.13.4.0
Target DLL:      Segger\JL2CM3.dll V2.99.16.0
Dialog DLL:      TCM.DLL V1.14.6.0
 
<h2>Project:</h2>
E:\CodesCircuits\AEBS\SensorFusion\MDK-ARM\SensorFusion.uvprojx
Project File Date:  07/20/2018

<h2>Output:</h2>
*** Using Compiler 'V5.06 update 1 (build 61)', folder: 'C:\Keil_v5\ARM\ARMCC\Bin'
Build target 'SensorFusion'
compiling InternalFlash.c...
compiling ADAS.c...
compiling WTN6040.c...
compiling ARS408.c...
..\Drivers\UserDriver\ARS408\ARS408.c(231): warning:  #186-D: pointless comparison of unsigned integer with zero
    if(VehicleSpeed < 0)
..\Drivers\UserDriver\ARS408\ARS408.c: 1 warning, 0 errors
compiling cmd.c...
compiling delay.c...
compiling freertos.c...
compiling MPU6050.c...
compiling EMRR.c...
compiling stm32f4xx_it.c...
../Src/stm32f4xx_it.c(264): warning:  #550-D: variable "temp" was set but never used
  	uint32_t temp = 0;
../Src/stm32f4xx_it.c(301): warning:  #550-D: variable "temp" was set but never used
  	uint32_t temp;
../Src/stm32f4xx_it.c: 2 warnings, 0 errors
compiling stm32f4xx_hal_msp.c...
compiling stm32f4xx_hal_timebase_TIM.c...
compiling heap_4.c...
compiling queue.c...
compiling main.c...
compiling croutine.c...
compiling timers.c...
compiling event_groups.c...
compiling cmsis_os.c...
compiling list.c...
compiling port.c...
compiling tasks.c...
compiling stm32f4xx_hal_flash.c...
compiling stm32f4xx_hal.c...
compiling stm32f4xx_hal_pwr.c...
compiling stm32f4xx_hal_flash_ex.c...
compiling stm32f4xx_hal_cortex.c...
compiling stm32f4xx_hal_tim.c...
compiling stm32f4xx_hal_dma_ex.c...
compiling stm32f4xx_hal_uart.c...
compiling stm32f4xx_hal_rcc_ex.c...
compiling stm32f4xx_hal_crc.c...
compiling stm32f4xx_hal_gpio.c...
compiling stm32f4xx_hal_dma.c...
compiling stm32f4xx_hal_can.c...
compiling stm32f4xx_hal_pwr_ex.c...
compiling stm32f4xx_hal_tim_ex.c...
compiling stm32f4xx_hal_flash_ramfunc.c...
compiling stm32f4xx_hal_adc.c...
compiling stm32f4xx_hal_rcc.c...
compiling system_stm32f4xx.c...
compiling stm32f4xx_hal_adc_ex.c...
linking...
Program Size: Code=28932 RO-data=1180 RW-data=388 ZI-data=19652  
"SensorFusion\SensorFusion.axf" - 0 Error(s), 3 Warning(s).

<h2>Software Packages used:</h2>

Package Vendor: ARM
                http://www.keil.com/pack/ARM.CMSIS.5.3.0.pack
                ARM::CMSIS:CORE:5.1.1
                CMSIS (Cortex Microcontroller Software Interface Standard)
   * Component: CORE Version: 5.1.1

<h2>Collection of Component include folders:</h2>
  E:\CodesCircuits\AEBS\SensorFusion\MDK-ARM\RTE
  C:\Keil_v5\ARM\PACK\ARM\CMSIS\5.3.0\CMSIS\Include
  C:\Keil_v5\ARM\PACK\Keil\STM32F4xx_DFP\2.13.0\Drivers\CMSIS\Device\ST\STM32F4xx\Include

<h2>Collection of Component Files used:</h2>

   * Component: ARM::CMSIS:CORE:5.1.1
Build Time Elapsed:  00:01:06
</pre>
</body>
</html>
