<html>
<body>
<pre>
<h1>礦ision Build Log</h1>
<h2>Tool Versions:</h2>
IDE-Version: μVision V5.22.0.0
Copyright (C) 2016 ARM Ltd and ARM Germany GmbH. All rights reserved.
License Information: adsf asdf, dasaf, LIC=W9663-AYQHN-C11PU-SGSEH-7YGS0-1HVN3
 
Tool Versions:
Toolchain:       MDK-ARM Professional  Version: 5.22
Toolchain Path:  C:\Keil_v5\ARM\ARMCC\Bin
C Compiler:      Armcc.exe V5.06 update 4 (build 422)
Assembler:       Armasm.exe V5.06 update 4 (build 422)
Linker/Locator:  ArmLink.exe V5.06 update 4 (build 422)
Library Manager: ArmAr.exe V5.06 update 4 (build 422)
Hex Converter:   FromElf.exe V5.06 update 4 (build 422)
CPU DLL:         SARMCM3.DLL V5.22
Dialog DLL:      DCM.DLL V1.13.9.0
Target DLL:      Segger\JL2CM3.dll V2.99.23.0
Dialog DLL:      TCM.DLL V1.21.0.0
 
<h2>Project:</h2>
D:\Codes\SensorFusion20181127\MDK-ARM\SensorFusion.uvprojx
Project File Date:  12/03/2018

<h2>Output:</h2>
*** Using Compiler 'V5.06 update 4 (build 422)', folder: 'C:\Keil_v5\ARM\ARMCC\Bin'
Build target 'SensorFusion'
compiling thread.c...
..\App\Src\thread.c(351): warning:  #186-D: pointless comparison of unsigned integer with zero
  			if (vehicle.speed >= 
EHICLE_SPEED_THRESHOLD && minRadarDistFlag!=0) //车速报警阈值,如果此值太大，制动后期低速时不再制动 并且是最近目标
..\App\Src\thread.c: 1 warning, 0 errors
linking...
Program Size: Code=27632 RO-data=940 RW-data=412 ZI-data=18228  
"SensorFusion\SensorFusion.axf" - 0 Error(s), 1 Warning(s).

<h2>Software Packages used:</h2>

Package Vendor: ARM
                http://www.keil.com/pack/ARM.CMSIS.5.0.0.pack
                ARM::CMSIS:CORE:5.0.0
                CMSIS (Cortex Microcontroller Software Interface Standard)
   * Component: CORE Version: 5.0.0

<h2>Collection of Component include folders:</h2>
  D:\Codes\SensorFusion20181127\MDK-ARM\RTE\_SensorFusion
  C:\Keil_v5\ARM\PACK\ARM\CMSIS\5.0.0\CMSIS\Include
  C:\Keil_v5\ARM\PACK\Keil\STM32F4xx_DFP\2.11.0\Drivers\CMSIS\Device\ST\STM32F4xx\Include

<h2>Collection of Component Files used:</h2>

   * Component: ARM::CMSIS:CORE:5.0.0
Build Time Elapsed:  00:00:02
</pre>
</body>
</html>
