Component: ARM Compiler 5.06 update 1 (build 61) Tool: armlink [4d35a8]

==============================================================================

Section Cross References

    startup_stm32f413xx.o(RESET) refers to startup_stm32f413xx.o(STACK) for __initial_sp
    startup_stm32f413xx.o(RESET) refers to startup_stm32f413xx.o(.text) for Reset_Handler
    startup_stm32f413xx.o(RESET) refers to stm32f4xx_it.o(i.NMI_Handler) for NMI_Handler
    startup_stm32f413xx.o(RESET) refers to stm32f4xx_it.o(i.HardFault_Handler) for HardFault_Handler
    startup_stm32f413xx.o(RESET) refers to stm32f4xx_it.o(i.MemManage_Handler) for MemManage_Handler
    startup_stm32f413xx.o(RESET) refers to stm32f4xx_it.o(i.BusFault_Handler) for BusFault_Handler
    startup_stm32f413xx.o(RESET) refers to stm32f4xx_it.o(i.UsageFault_Handler) for UsageFault_Handler
    startup_stm32f413xx.o(RESET) refers to port.o(.emb_text) for SVC_Handler
    startup_stm32f413xx.o(RESET) refers to stm32f4xx_it.o(i.DebugMon_Handler) for DebugMon_Handler
    startup_stm32f413xx.o(RESET) refers to stm32f4xx_it.o(i.SysTick_Handler) for SysTick_Handler
    startup_stm32f413xx.o(RESET) refers to stm32f4xx_it.o(i.DMA1_Stream0_IRQHandler) for DMA1_Stream0_IRQHandler
    startup_stm32f413xx.o(RESET) refers to stm32f4xx_it.o(i.DMA1_Stream1_IRQHandler) for DMA1_Stream1_IRQHandler
    startup_stm32f413xx.o(RESET) refers to stm32f4xx_it.o(i.DMA1_Stream5_IRQHandler) for DMA1_Stream5_IRQHandler
    startup_stm32f413xx.o(RESET) refers to stm32f4xx_it.o(i.CAN1_RX0_IRQHandler) for CAN1_RX0_IRQHandler
    startup_stm32f413xx.o(RESET) refers to stm32f4xx_it.o(i.TIM4_IRQHandler) for TIM4_IRQHandler
    startup_stm32f413xx.o(RESET) refers to stm32f4xx_it.o(i.USART1_IRQHandler) for USART1_IRQHandler
    startup_stm32f413xx.o(RESET) refers to stm32f4xx_it.o(i.USART2_IRQHandler) for USART2_IRQHandler
    startup_stm32f413xx.o(RESET) refers to stm32f4xx_it.o(i.USART3_IRQHandler) for USART3_IRQHandler
    startup_stm32f413xx.o(RESET) refers to stm32f4xx_it.o(i.UART5_IRQHandler) for UART5_IRQHandler
    startup_stm32f413xx.o(RESET) refers to stm32f4xx_it.o(i.DMA2_Stream2_IRQHandler) for DMA2_Stream2_IRQHandler
    startup_stm32f413xx.o(RESET) refers to stm32f4xx_it.o(i.CAN2_RX0_IRQHandler) for CAN2_RX0_IRQHandler
    startup_stm32f413xx.o(RESET) refers to stm32f4xx_it.o(i.CAN3_RX0_IRQHandler) for CAN3_RX0_IRQHandler
    startup_stm32f413xx.o(.text) refers to system_stm32f4xx.o(i.SystemInit) for SystemInit
    startup_stm32f413xx.o(.text) refers to entry.o(.ARM.Collect$$$$00000000) for __main
    adas.o(i.CalADASData) refers to dfltui.o(.text) for __aeabi_ui2d
    adas.o(i.CalADASData) refers to dmul.o(.text) for __aeabi_dmul
    adas.o(i.CalADASData) refers to d2f.o(.text) for __aeabi_d2f
    internalflash.o(i.FlashErase) refers to stm32f4xx_hal_flash_ex.o(i.HAL_FLASHEx_Erase) for HAL_FLASHEx_Erase
    internalflash.o(i.FlashWrite_Uint32) refers to stm32f4xx_hal_flash.o(i.HAL_FLASH_Unlock) for HAL_FLASH_Unlock
    internalflash.o(i.FlashWrite_Uint32) refers to internalflash.o(i.FlashErase) for FlashErase
    internalflash.o(i.FlashWrite_Uint32) refers to stm32f4xx_hal_flash.o(i.HAL_FLASH_Program) for HAL_FLASH_Program
    internalflash.o(i.FlashWrite_Uint32) refers to stm32f4xx_hal_flash.o(i.HAL_FLASH_Lock) for HAL_FLASH_Lock
    internalflash.o(i.GetFlashData_SingleUint32) refers to internalflash.o(i.FlashRead32bit) for FlashRead32bit
    internalflash.o(i.GetFlashData_U32) refers to internalflash.o(i.FlashRead32bit) for FlashRead32bit
    wtn6040.o(i.WTN6_Broadcast) refers to stm32f4xx_hal_gpio.o(i.HAL_GPIO_ReadPin) for HAL_GPIO_ReadPin
    wtn6040.o(i.WTN6_Broadcast) refers to stm32f4xx_hal_gpio.o(i.HAL_GPIO_WritePin) for HAL_GPIO_WritePin
    wtn6040.o(i.WTN6_Broadcast) refers to delay.o(i.delay_ms) for delay_ms
    wtn6040.o(i.WTN6_Broadcast) refers to delay.o(i.delay_us) for delay_us
    delay.o(i.delay_init) refers to stm32f4xx_hal_cortex.o(i.HAL_SYSTICK_CLKSourceConfig) for HAL_SYSTICK_CLKSourceConfig
    delay.o(i.delay_init) refers to delay.o(.data) for fac_us
    delay.o(i.delay_ms) refers to tasks.o(i.xTaskGetSchedulerState) for xTaskGetSchedulerState
    delay.o(i.delay_ms) refers to tasks.o(i.vTaskDelay) for vTaskDelay
    delay.o(i.delay_ms) refers to delay.o(i.delay_us) for delay_us
    delay.o(i.delay_ms) refers to delay.o(.data) for fac_ms
    delay.o(i.delay_us) refers to delay.o(.data) for fac_us
    delay.o(i.delay_xms) refers to delay.o(i.delay_us) for delay_us
    ars408.o(i.ARS_ConfigFilter) refers to ars408.o(i.FilterContentCfg_func) for FilterContentCfg_func
    ars408.o(i.ARS_ConfigFilter) refers to ars408.o(.bss) for FilterContent
    ars408.o(i.ARS_ConfigRadar) refers to ars408.o(i.RadarConfig_func) for RadarConfig_func
    ars408.o(i.ARS_ConfigRadar) refers to stm32f4xx_hal_can.o(i.HAL_CAN_AddTxMessage) for HAL_CAN_AddTxMessage
[...]
    i.NMI_Handler                            0x08003660   Section        0  stm32f4xx_it.o(i.NMI_Handler)
    i.NVIC_GetPriorityGrouping               0x08003664   Section        0  stm32f4xx_hal_cortex.o(i.NVIC_GetPriorityGrouping)
    NVIC_GetPriorityGrouping                 0x08003665   Thumb Code    10  stm32f4xx_hal_cortex.o(i.NVIC_GetPriorityGrouping)
    i.NVIC_SetPriority                       0x08003674   Section        0  stm32f4xx_hal_cortex.o(i.NVIC_SetPriority)
    NVIC_SetPriority                         0x08003675   Thumb Code    32  stm32f4xx_hal_cortex.o(i.NVIC_SetPriority)
    i.StartCalculateTask                     0x0800369c   Section        0  main.o(i.StartCalculateTask)
    i.StartDefaultTask                       0x080037bc   Section        0  main.o(i.StartDefaultTask)
    i.StartGyroCommTask                      0x080037c8   Section        0  main.o(i.StartGyroCommTask)
    i.StartRadarCommTask                     0x08003880   Section        0  main.o(i.StartRadarCommTask)
    i.StartSoundWarningTask                  0x080038d8   Section        0  main.o(i.StartSoundWarningTask)
    i.SysTick_Handler                        0x08003984   Section        0  stm32f4xx_it.o(i.SysTick_Handler)
    i.SystemClock_Config                     0x0800398c   Section        0  main.o(i.SystemClock_Config)
    i.SystemInit                             0x08003a6c   Section        0  system_stm32f4xx.o(i.SystemInit)
    i.TIM4_IRQHandler                        0x08003ad0   Section        0  stm32f4xx_it.o(i.TIM4_IRQHandler)
    i.TIM_Base_SetConfig                     0x08003ae0   Section        0  stm32f4xx_hal_tim.o(i.TIM_Base_SetConfig)
    i.TIM_ETR_SetConfig                      0x08003bc4   Section        0  stm32f4xx_hal_tim.o(i.TIM_ETR_SetConfig)
    TIM_ETR_SetConfig                        0x08003bc5   Thumb Code    24  stm32f4xx_hal_tim.o(i.TIM_ETR_SetConfig)
    i.TIM_ITRx_SetConfig                     0x08003bdc   Section        0  stm32f4xx_hal_tim.o(i.TIM_ITRx_SetConfig)
    TIM_ITRx_SetConfig                       0x08003bdd   Thumb Code    20  stm32f4xx_hal_tim.o(i.TIM_ITRx_SetConfig)
    i.TIM_TI1_ConfigInputStage               0x08003bf0   Section        0  stm32f4xx_hal_tim.o(i.TIM_TI1_ConfigInputStage)
    TIM_TI1_ConfigInputStage                 0x08003bf1   Thumb Code    42  stm32f4xx_hal_tim.o(i.TIM_TI1_ConfigInputStage)
    i.TIM_TI2_ConfigInputStage               0x08003c1a   Section        0  stm32f4xx_hal_tim.o(i.TIM_TI2_ConfigInputStage)
    TIM_TI2_ConfigInputStage                 0x08003c1b   Thumb Code    44  stm32f4xx_hal_tim.o(i.TIM_TI2_ConfigInputStage)
    i.UART5_IRQHandler                       0x08003c48   Section        0  stm32f4xx_it.o(i.UART5_IRQHandler)
    i.UART_DMAAbortOnError                   0x08003c58   Section        0  stm32f4xx_hal_uart.o(i.UART_DMAAbortOnError)
    UART_DMAAbortOnError                     0x08003c59   Thumb Code    20  stm32f4xx_hal_uart.o(i.UART_DMAAbortOnError)
    i.UART_EndRxTransfer                     0x08003c6c   Section        0  stm32f4xx_hal_uart.o(i.UART_EndRxTransfer)
    UART_EndRxTransfer                       0x08003c6d   Thumb Code    32  stm32f4xx_hal_uart.o(i.UART_EndRxTransfer)
    i.UART_EndTransmit_IT                    0x08003c8c   Section        0  stm32f4xx_hal_uart.o(i.UART_EndTransmit_IT)
    UART_EndTransmit_IT                      0x08003c8d   Thumb Code    32  stm32f4xx_hal_uart.o(i.UART_EndTransmit_IT)
    i.UART_EndTxTransfer                     0x08003cac   Section        0  stm32f4xx_hal_uart.o(i.UART_EndTxTransfer)
    UART_EndTxTransfer                       0x08003cad   Thumb Code    20  stm32f4xx_hal_uart.o(i.UART_EndTxTransfer)
    i.UART_Receive_IT                        0x08003cc0   Section        0  stm32f4xx_hal_uart.o(i.UART_Receive_IT)
    UART_Receive_IT                          0x08003cc1   Thumb Code   154  stm32f4xx_hal_uart.o(i.UART_Receive_IT)
    i.UART_SetConfig                         0x08003d5c   Section        0  stm32f4xx_hal_uart.o(i.UART_SetConfig)
    UART_SetConfig                           0x08003d5d   Thumb Code   864  stm32f4xx_hal_uart.o(i.UART_SetConfig)
    i.UART_Transmit_IT                       0x080040c4   Section        0  stm32f4xx_hal_uart.o(i.UART_Transmit_IT)
    UART_Transmit_IT                         0x080040c5   Thumb Code   104  stm32f4xx_hal_uart.o(i.UART_Transmit_IT)
    i.USART1_IRQHandler                      0x0800412c   Section        0  stm32f4xx_it.o(i.USART1_IRQHandler)
    i.USART2_IRQHandler                      0x08004184   Section        0  stm32f4xx_it.o(i.USART2_IRQHandler)
    i.USART3_IRQHandler                      0x08004194   Section        0  stm32f4xx_it.o(i.USART3_IRQHandler)
    i.UsageFault_Handler                     0x080041e0   Section        0  stm32f4xx_it.o(i.UsageFault_Handler)
    i.WTN6_Broadcast                         0x080041e4   Section        0  wtn6040.o(i.WTN6_Broadcast)
    i._Error_Handler                         0x08004278   Section        0  main.o(i._Error_Handler)
    i.__ARM_fpclassify                       0x0800427c   Section        0  fpclassify.o(i.__ARM_fpclassify)
    i.__hardfp_fabs                          0x080042ac   Section        0  fabs.o(i.__hardfp_fabs)
    i.__hardfp_sin                           0x080042c0   Section        0  sin.o(i.__hardfp_sin)
    i.__ieee754_rem_pio2                     0x08004388   Section        0  rred.o(i.__ieee754_rem_pio2)
    i.__kernel_cos                           0x080047c0   Section        0  cos_i.o(i.__kernel_cos)
    i.__kernel_poly                          0x08004930   Section        0  poly.o(i.__kernel_poly)
    i.__kernel_sin                           0x08004a28   Section        0  sin_i.o(i.__kernel_sin)
    i.__mathlib_dbl_infnan                   0x08004b58   Section        0  dunder.o(i.__mathlib_dbl_infnan)
    i.__mathlib_dbl_invalid                  0x08004b70   Section        0  dunder.o(i.__mathlib_dbl_invalid)
    i.__mathlib_dbl_underflow                0x08004b90   Section        0  dunder.o(i.__mathlib_dbl_underflow)
    i.__scatterload_copy                     0x08004bb0   Section       14  handlers.o(i.__scatterload_copy)
    i.__scatterload_null                     0x08004bbe   Section        2  handlers.o(i.__scatterload_null)
    i.__scatterload_zeroinit                 0x08004bc0   Section       14  handlers.o(i.__scatterload_zeroinit)
    i.__set_errno                            0x08004bd0   Section        0  errno.o(i.__set_errno)
    i.delay_init                             0x08004bdc   Section        0  delay.o(i.delay_init)
    i.delay_ms                               0x08004c20   Section        0  delay.o(i.delay_ms)
    i.delay_us                               0x08004c60   Section        0  delay.o(i.delay_us)
    i.fabs                                   0x08004ca8   Section        0  fabs.o(i.fabs)
    i.inHandlerMode                          0x08004cc0   Section        0  cmsis_os.o(i.inHandlerMode)
    inHandlerMode                            0x08004cc1   Thumb Code    16  cmsis_os.o(i.inHandlerMode)
    i.main                                   0x08004cd0   Section        0  main.o(i.main)
    i.makeFreeRtosPriority                   0x08004e48   Section        0  cmsis_os.o(i.makeFreeRtosPriority)
    makeFreeRtosPriority                     0x08004e49   Thumb Code    14  cmsis_os.o(i.makeFreeRtosPriority)
    i.osDelay                                0x08004e56   Section        0  cmsis_os.o(i.osDelay)
    i.osKernelStart                          0x08004e6e   Section        0  cmsis_os.o(i.osKernelStart)
    i.osSemaphoreCreate                      0x08004e78   Section        0  cmsis_os.o(i.osSemaphoreCreate)
    i.osSemaphoreRelease                     0x08004ea4   Section        0  cmsis_os.o(i.osSemaphoreRelease)
    i.osSemaphoreWait                        0x08004ef4   Section        0  cmsis_os.o(i.osSemaphoreWait)
    i.osSystickHandler                       0x08004f60   Section        0  cmsis_os.o(i.osSystickHandler)
    i.osThreadCreate                         0x08004f70   Section        0  cmsis_os.o(i.osThreadCreate)
    i.prvAddCurrentTaskToDelayedList         0x08004fa0   Section        0  tasks.o(i.prvAddCurrentTaskToDelayedList)
    prvAddCurrentTaskToDelayedList           0x08004fa1   Thumb Code   124  tasks.o(i.prvAddCurrentTaskToDelayedList)
    i.prvAddNewTaskToReadyList               0x08005038   Section        0  tasks.o(i.prvAddNewTaskToReadyList)
    prvAddNewTaskToReadyList                 0x08005039   Thumb Code   150  tasks.o(i.prvAddNewTaskToReadyList)
    i.prvCheckTasksWaitingTermination        0x080050ec   Section        0  tasks.o(i.prvCheckTasksWaitingTermination)
    prvCheckTasksWaitingTermination          0x080050ed   Thumb Code    86  tasks.o(i.prvCheckTasksWaitingTermination)
    i.prvCopyDataFromQueue                   0x08005150   Section        0  queue.o(i.prvCopyDataFromQueue)
    prvCopyDataFromQueue                     0x08005151   Thumb Code    42  queue.o(i.prvCopyDataFromQueue)
    i.prvCopyDataToQueue                     0x0800517a   Section        0  queue.o(i.prvCopyDataToQueue)
    prvCopyDataToQueue                       0x0800517b   Thumb Code   124  queue.o(i.prvCopyDataToQueue)
    i.prvDeleteTCB                           0x080051f6   Section        0  tasks.o(i.prvDeleteTCB)
    prvDeleteTCB                             0x080051f7   Thumb Code    18  tasks.o(i.prvDeleteTCB)
    i.prvHeapInit                            0x08005208   Section        0  heap_4.o(i.prvHeapInit)
    prvHeapInit                              0x08005209   Thumb Code    98  heap_4.o(i.prvHeapInit)
    i.prvIdleTask                            0x08005284   Section        0  tasks.o(i.prvIdleTask)
    prvIdleTask                              0x08005285   Thumb Code    32  tasks.o(i.prvIdleTask)
    i.prvInitialiseNewQueue                  0x080052ac   Section        0  queue.o(i.prvInitialiseNewQueue)
    prvInitialiseNewQueue                    0x080052ad   Thumb Code    38  queue.o(i.prvInitialiseNewQueue)
    i.prvInitialiseNewTask                   0x080052d2   Section        0  tasks.o(i.prvInitialiseNewTask)
    prvInitialiseNewTask                     0x080052d3   Thumb Code   170  tasks.o(i.prvInitialiseNewTask)
    i.prvInitialiseTaskLists                 0x0800537c   Section        0  tasks.o(i.prvInitialiseTaskLists)
    prvInitialiseTaskLists                   0x0800537d   Thumb Code    70  tasks.o(i.prvInitialiseTaskLists)
    i.prvInsertBlockIntoFreeList             0x080053e4   Section        0  heap_4.o(i.prvInsertBlockIntoFreeList)
    prvInsertBlockIntoFreeList               0x080053e5   Thumb Code    96  heap_4.o(i.prvInsertBlockIntoFreeList)
    i.prvIsQueueEmpty                        0x0800544c   Section        0  queue.o(i.prvIsQueueEmpty)
    prvIsQueueEmpty                          0x0800544d   Thumb Code    26  queue.o(i.prvIsQueueEmpty)
    i.prvIsQueueFull                         0x08005466   Section        0  queue.o(i.prvIsQueueFull)
    prvIsQueueFull                           0x08005467   Thumb Code    30  queue.o(i.prvIsQueueFull)
    i.prvResetNextTaskUnblockTime            0x08005484   Section        0  tasks.o(i.prvResetNextTaskUnblockTime)
    prvResetNextTaskUnblockTime              0x08005485   Thumb Code    42  tasks.o(i.prvResetNextTaskUnblockTime)
    i.prvTaskExitError                       0x080054b8   Section        0  port.o(i.prvTaskExitError)
    prvTaskExitError                         0x080054b9   Thumb Code    60  port.o(i.prvTaskExitError)
    i.prvUnlockQueue                         0x080054f8   Section        0  queue.o(i.prvUnlockQueue)
    prvUnlockQueue                           0x080054f9   Thumb Code   126  queue.o(i.prvUnlockQueue)
    i.pvPortMalloc                           0x08005578   Section        0  heap_4.o(i.pvPortMalloc)
    i.pvTaskIncrementMutexHeldCount          0x080056b4   Section        0  tasks.o(i.pvTaskIncrementMutexHeldCount)
    i.pxPortInitialiseStack                  0x080056d4   Section        0  port.o(i.pxPortInitialiseStack)
    i.uxListRemove                           0x08005700   Section        0  list.o(i.uxListRemove)
    i.vListInitialise                        0x08005728   Section        0  list.o(i.vListInitialise)
    i.vListInitialiseItem                    0x08005742   Section        0  list.o(i.vListInitialiseItem)
    i.vListInsert                            0x08005748   Section        0  list.o(i.vListInsert)
    i.vListInsertEnd                         0x0800577c   Section        0  list.o(i.vListInsertEnd)
    i.vPortEnterCritical                     0x08005794   Section        0  port.o(i.vPortEnterCritical)
    i.vPortExitCritical                      0x080057e8   Section        0  port.o(i.vPortExitCritical)
    i.vPortFree                              0x08005824   Section        0  heap_4.o(i.vPortFree)
    i.vPortSetupTimerInterrupt               0x080058b8   Section        0  port.o(i.vPortSetupTimerInterrupt)
    i.vPortValidateInterruptPriority         0x080058d8   Section        0  port.o(i.vPortValidateInterruptPriority)
    i.vTaskDelay                             0x08005950   Section        0  tasks.o(i.vTaskDelay)
    i.vTaskMissedYield                       0x080059ac   Section        0  tasks.o(i.vTaskMissedYield)
    i.vTaskPlaceOnEventList                  0x080059b8   Section        0  tasks.o(i.vTaskPlaceOnEventList)
    i.vTaskPriorityInherit                   0x080059f0   Section        0  tasks.o(i.vTaskPriorityInherit)
    i.vTaskSetTimeOutState                   0x08005aa0   Section        0  tasks.o(i.vTaskSetTimeOutState)
    i.vTaskStartScheduler                    0x08005ad0   Section        0  tasks.o(i.vTaskStartScheduler)
    i.vTaskSuspendAll                        0x08005b58   Section        0  tasks.o(i.vTaskSuspendAll)
    i.vTaskSwitchContext                     0x08005b68   Section        0  tasks.o(i.vTaskSwitchContext)
    i.xPortStartScheduler                    0x08005bf4   Section        0  port.o(i.xPortStartScheduler)
    i.xPortSysTickHandler                    0x08005d30   Section        0  port.o(i.xPortSysTickHandler)
    i.xQueueGenericCreate                    0x08005d64   Section        0  queue.o(i.xQueueGenericCreate)
    i.xQueueGenericReceive                   0x08005dbc   Section        0  queue.o(i.xQueueGenericReceive)
    i.xQueueGenericReset                     0x08005f80   Section        0  queue.o(i.xQueueGenericReset)
    i.xQueueGenericSend                      0x08006018   Section        0  queue.o(i.xQueueGenericSend)
    i.xQueueGiveFromISR                      0x080061c0   Section        0  queue.o(i.xQueueGiveFromISR)
    i.xQueueReceiveFromISR                   0x080062a0   Section        0  queue.o(i.xQueueReceiveFromISR)
    i.xTaskCheckForTimeOut                   0x0800636c   Section        0  tasks.o(i.xTaskCheckForTimeOut)
    i.xTaskCreate                            0x080063f8   Section        0  tasks.o(i.xTaskCreate)
    i.xTaskGetSchedulerState                 0x08006458   Section        0  tasks.o(i.xTaskGetSchedulerState)
    i.xTaskIncrementTick                     0x08006478   Section        0  tasks.o(i.xTaskIncrementTick)
    i.xTaskPriorityDisinherit                0x080065c0   Section        0  tasks.o(i.xTaskPriorityDisinherit)
    i.xTaskRemoveFromEventList               0x08006688   Section        0  tasks.o(i.xTaskRemoveFromEventList)
    i.xTaskResumeAll                         0x08006720   Section        0  tasks.o(i.xTaskResumeAll)
    .constdata                               0x08006824   Section       40  emrr.o(.constdata)
    .constdata                               0x0800684c   Section      140  main.o(.constdata)
    .constdata                               0x080068d8   Section        8  stm32f4xx_hal_dma.o(.constdata)
    flagBitshiftOffset                       0x080068d8   Data           8  stm32f4xx_hal_dma.o(.constdata)
    .constdata                               0x080068e0   Section       24  system_stm32f4xx.o(.constdata)
    .constdata                               0x080068f8   Section       48  cos_i.o(.constdata)
    C                                        0x080068f8   Data          48  cos_i.o(.constdata)
    .constdata                               0x08006928   Section      200  rred.o(.constdata)
    pio2s                                    0x08006928   Data          48  rred.o(.constdata)
    twooverpi                                0x08006958   Data         152  rred.o(.constdata)
    .constdata                               0x080069f0   Section       40  sin_i.o(.constdata)
    S                                        0x080069f0   Data          40  sin_i.o(.constdata)
    .conststring                             0x08006a18   Section       66  main.o(.conststring)
    .data                                    0x20000000   Section        4  delay.o(.data)
    fac_us                                   0x20000000   Data           1  delay.o(.data)
    fac_ms                                   0x20000002   Data           2  delay.o(.data)
    .data                                    0x20000004   Section      108  ars408.o(.data)
    .data                                    0x20000070   Section      156  main.o(.data)
    .data                                    0x2000010c   Section       24  heap_4.o(.data)
    xStart                                   0x2000010c   Data           8  heap_4.o(.data)
    pxEnd                                    0x20000114   Data           4  heap_4.o(.data)
    xFreeBytesRemaining                      0x20000118   Data           4  heap_4.o(.data)
    xMinimumEverFreeBytesRemaining           0x2000011c   Data           4  heap_4.o(.data)
    xBlockAllocatedBit                       0x20000120   Data           4  heap_4.o(.data)
    .data                                    0x20000124   Section       12  port.o(.data)
    uxCriticalNesting                        0x20000124   Data           4  port.o(.data)
    ucMaxSysCallPriority                     0x20000128   Data           1  port.o(.data)
    ulMaxPRIGROUPValue                       0x2000012c   Data           4  port.o(.data)
    .data                                    0x20000130   Section       60  tasks.o(.data)
    pxDelayedTaskList                        0x20000134   Data           4  tasks.o(.data)
    pxOverflowDelayedTaskList                0x20000138   Data           4  tasks.o(.data)
    uxDeletedTasksWaitingCleanUp             0x2000013c   Data           4  tasks.o(.data)
    uxCurrentNumberOfTasks                   0x20000140   Data           4  tasks.o(.data)
    xTickCount                               0x20000144   Data           4  tasks.o(.data)
    uxTopReadyPriority                       0x20000148   Data           4  tasks.o(.data)
    xSchedulerRunning                        0x2000014c   Data           4  tasks.o(.data)
    uxPendedTicks                            0x20000150   Data           4  tasks.o(.data)
    xYieldPending                            0x20000154   Data           4  tasks.o(.data)
    xNumOfOverflows                          0x20000158   Data           4  tasks.o(.data)
    uxTaskNumber                             0x2000015c   Data           4  tasks.o(.data)
    xNextTaskUnblockTime                     0x20000160   Data           4  tasks.o(.data)
    xIdleTaskHandle                          0x20000164   Data           4  tasks.o(.data)
    uxSchedulerSuspended                     0x20000168   Data           4  tasks.o(.data)
    .data                                    0x2000016c   Section        9  stm32f4xx_hal.o(.data)
    .data                                    0x20000178   Section        4  system_stm32f4xx.o(.data)
    .data                                    0x2000017c   Section        4  errno.o(.data)
    _errno                                   0x2000017c   Data           4  errno.o(.data)
    .bss                                     0x20000180   Section       60  stm32f4xx_hal_timebase_tim.o(.bss)
    .bss                                     0x200001bc   Section     2799  main.o(.bss)
    .bss                                     0x20000cab   Section    15360  heap_4.o(.bss)
    ucHeap                                   0x20000cab   Data       15360  heap_4.o(.bss)
    .bss                                     0x200048ac   Section      240  tasks.o(.bss)
    pxReadyTasksLists                        0x200048ac   Data         140  tasks.o(.bss)
    xDelayedTaskList1                        0x20004938   Data          20  tasks.o(.bss)
    xDelayedTaskList2                        0x2000494c   Data          20  tasks.o(.bss)
    xPendingReadyList                        0x20004960   Data          20  tasks.o(.bss)
    xTasksWaitingTermination                 0x20004974   Data          20  tasks.o(.bss)
    xSuspendedTaskList                       0x20004988   Data          20  tasks.o(.bss)
    STACK                                    0x200049a0   Section     1024  startup_stm32f413xx.o(STACK)

    Global Symbols

    Symbol Name                              Value     Ov Type        Size  Object(Section)

    BuildAttributes$$THM_ISAv4$E$P$D$K$B$S$7EM$VFPi3$EXTD16$VFPS$VFMA$PE$A:L22UL41UL21$X:L11$S22US41US21$IEEE1$IW$USESV6$~STKCKD$USESV7$~SHL$OTIME$ROPI$IEEEX$EBA8$MICROLIB$REQ8$PRES8$EABIv2 0x00000000   Number         0  anon$$obj.o ABSOLUTE
    __ARM_use_no_argv                        0x00000000   Number         0  main.o ABSOLUTE
    __cpp_initialize__aeabi_                  - Undefined Weak Reference
    __cxa_finalize                            - Undefined Weak Reference
    _clock_init                               - Undefined Weak Reference
    _microlib_exit                            - Undefined Weak Reference
    __Vectors_Size                           0x000001d8   Number         0  startup_stm32f413xx.o ABSOLUTE
    __Vectors                                0x08000000   Data           4  startup_stm32f413xx.o(RESET)
    __Vectors_End                            0x080001d8   Data           0  startup_stm32f413xx.o(RESET)
    __main                                   0x080001d9   Thumb Code     0  entry.o(.ARM.Collect$$$$00000000)
    _main_stk                                0x080001d9   Thumb Code     0  entry2.o(.ARM.Collect$$$$00000001)
    _main_scatterload                        0x080001dd   Thumb Code     0  entry5.o(.ARM.Collect$$$$00000004)
    __main_after_scatterload                 0x080001e1   Thumb Code     0  entry5.o(.ARM.Collect$$$$00000004)
    _main_clock                              0x080001e1   Thumb Code     0  entry7b.o(.ARM.Collect$$$$00000008)
    _main_cpp_init                           0x080001e1   Thumb Code     0  entry8b.o(.ARM.Collect$$$$0000000A)
    _main_init                               0x080001e1   Thumb Code     0  entry9a.o(.ARM.Collect$$$$0000000B)
    __rt_final_cpp                           0x080001e9   Thumb Code     0  entry10a.o(.ARM.Collect$$$$0000000D)
    __rt_final_exit                          0x080001e9   Thumb Code     0  entry11a.o(.ARM.Collect$$$$0000000F)
    SVC_Handler                              0x080001ed   Thumb Code    28  port.o(.emb_text)
    __asm___6_port_c_39a90d8d__prvStartFirstTask 0x0800020d   Thumb Code    28  port.o(.emb_text)
    __asm___6_port_c_39a90d8d__prvEnableVFP  0x0800022d   Thumb Code    16  port.o(.emb_text)
    PendSV_Handler                           0x08000241   Thumb Code    92  port.o(.emb_text)
    vPortGetIPSR                             0x080002a1   Thumb Code     6  port.o(.emb_text)
    Reset_Handler                            0x080002a9   Thumb Code     8  startup_stm32f413xx.o(.text)
    ADC_IRQHandler                           0x080002c3   Thumb Code     0  startup_stm32f413xx.o(.text)
    CAN1_RX1_IRQHandler                      0x080002c3   Thumb Code     0  startup_stm32f413xx.o(.text)
    CAN1_SCE_IRQHandler                      0x080002c3   Thumb Code     0  startup_stm32f413xx.o(.text)
    CAN1_TX_IRQHandler                       0x080002c3   Thumb Code     0  startup_stm32f413xx.o(.text)
    CAN2_RX1_IRQHandler                      0x080002c3   Thumb Code     0  startup_stm32f413xx.o(.text)
    CAN2_SCE_IRQHandler                      0x080002c3   Thumb Code     0  startup_stm32f413xx.o(.text)
    CAN2_TX_IRQHandler                       0x080002c3   Thumb Code     0  startup_stm32f413xx.o(.text)
    CAN3_RX1_IRQHandler                      0x080002c3   Thumb Code     0  startup_stm32f413xx.o(.text)
    CAN3_SCE_IRQHandler                      0x080002c3   Thumb Code     0  startup_stm32f413xx.o(.text)
    CAN3_TX_IRQHandler                       0x080002c3   Thumb Code     0  startup_stm32f413xx.o(.text)
    DFSDM1_FLT0_IRQHandler                   0x080002c3   Thumb Code     0  startup_stm32f413xx.o(.text)
    DFSDM1_FLT1_IRQHandler                   0x080002c3   Thumb Code     0  startup_stm32f413xx.o(.text)
    DFSDM2_FLT0_IRQHandler                   0x080002c3   Thumb Code     0  startup_stm32f413xx.o(.text)
    DFSDM2_FLT1_IRQHandler                   0x080002c3   Thumb Code     0  startup_stm32f413xx.o(.text)
    DFSDM2_FLT2_IRQHandler                   0x080002c3   Thumb Code     0  startup_stm32f413xx.o(.text)
    DFSDM2_FLT3_IRQHandler                   0x080002c3   Thumb Code     0  startup_stm32f413xx.o(.text)
    DMA1_Stream2_IRQHandler                  0x080002c3   Thumb Code     0  startup_stm32f413xx.o(.text)
    DMA1_Stream3_IRQHandler                  0x080002c3   Thumb Code     0  startup_stm32f413xx.o(.text)
    DMA1_Stream4_IRQHandler                  0x080002c3   Thumb Code     0  startup_stm32f413xx.o(.text)
    DMA1_Stream6_IRQHandler                  0x080002c3   Thumb Code     0  startup_stm32f413xx.o(.text)
    DMA1_Stream7_IRQHandler                  0x080002c3   Thumb Code     0  startup_stm32f413xx.o(.text)
    DMA2_Stream0_IRQHandler                  0x080002c3   Thumb Code     0  startup_stm32f413xx.o(.text)
    DMA2_Stream1_IRQHandler                  0x080002c3   Thumb Code     0  startup_stm32f413xx.o(.text)
    DMA2_Stream3_IRQHandler                  0x080002c3   Thumb Code     0  startup_stm32f413xx.o(.text)
    DMA2_Stream4_IRQHandler                  0x080002c3   Thumb Code     0  startup_stm32f413xx.o(.text)
    DMA2_Stream5_IRQHandler                  0x080002c3   Thumb Code     0  startup_stm32f413xx.o(.text)
    DMA2_Stream6_IRQHandler                  0x080002c3   Thumb Code     0  startup_stm32f413xx.o(.text)
    DMA2_Stream7_IRQHandler                  0x080002c3   Thumb Code     0  startup_stm32f413xx.o(.text)
    EXTI0_IRQHandler                         0x080002c3   Thumb Code     0  startup_stm32f413xx.o(.text)
    EXTI15_10_IRQHandler                     0x080002c3   Thumb Code     0  startup_stm32f413xx.o(.text)
    EXTI1_IRQHandler                         0x080002c3   Thumb Code     0  startup_stm32f413xx.o(.text)
    EXTI2_IRQHandler                         0x080002c3   Thumb Code     0  startup_stm32f413xx.o(.text)
    EXTI3_IRQHandler                         0x080002c3   Thumb Code     0  startup_stm32f413xx.o(.text)
    EXTI4_IRQHandler                         0x080002c3   Thumb Code     0  startup_stm32f413xx.o(.text)
    EXTI9_5_IRQHandler                       0x080002c3   Thumb Code     0  startup_stm32f413xx.o(.text)
    FLASH_IRQHandler                         0x080002c3   Thumb Code     0  startup_stm32f413xx.o(.text)
    FMPI2C1_ER_IRQHandler                    0x080002c3   Thumb Code     0  startup_stm32f413xx.o(.text)
    FMPI2C1_EV_IRQHandler                    0x080002c3   Thumb Code     0  startup_stm32f413xx.o(.text)
    FPU_IRQHandler                           0x080002c3   Thumb Code     0  startup_stm32f413xx.o(.text)
    FSMC_IRQHandler                          0x080002c3   Thumb Code     0  startup_stm32f413xx.o(.text)
    I2C1_ER_IRQHandler                       0x080002c3   Thumb Code     0  startup_stm32f413xx.o(.text)
    I2C1_EV_IRQHandler                       0x080002c3   Thumb Code     0  startup_stm32f413xx.o(.text)
    I2C2_ER_IRQHandler                       0x080002c3   Thumb Code     0  startup_stm32f413xx.o(.text)
    I2C2_EV_IRQHandler                       0x080002c3   Thumb Code     0  startup_stm32f413xx.o(.text)
    I2C3_ER_IRQHandler                       0x080002c3   Thumb Code     0  startup_stm32f413xx.o(.text)
    I2C3_EV_IRQHandler                       0x080002c3   Thumb Code     0  startup_stm32f413xx.o(.text)
    LPTIM1_IRQHandler                        0x080002c3   Thumb Code     0  startup_stm32f413xx.o(.text)
    OTG_FS_IRQHandler                        0x080002c3   Thumb Code     0  startup_stm32f413xx.o(.text)
    OTG_FS_WKUP_IRQHandler                   0x080002c3   Thumb Code     0  startup_stm32f413xx.o(.text)
    PVD_IRQHandler                           0x080002c3   Thumb Code     0  startup_stm32f413xx.o(.text)
    QUADSPI_IRQHandler                       0x080002c3   Thumb Code     0  startup_stm32f413xx.o(.text)
    RCC_IRQHandler                           0x080002c3   Thumb Code     0  startup_stm32f413xx.o(.text)
    RNG_IRQHandler                           0x080002c3   Thumb Code     0  startup_stm32f413xx.o(.text)
    RTC_Alarm_IRQHandler                     0x080002c3   Thumb Code     0  startup_stm32f413xx.o(.text)
    RTC_WKUP_IRQHandler                      0x080002c3   Thumb Code     0  startup_stm32f413xx.o(.text)
    SAI1_IRQHandler                          0x080002c3   Thumb Code     0  startup_stm32f413xx.o(.text)
    SDIO_IRQHandler                          0x080002c3   Thumb Code     0  startup_stm32f413xx.o(.text)
    SPI1_IRQHandler                          0x080002c3   Thumb Code     0  startup_stm32f413xx.o(.text)
    SPI2_IRQHandler                          0x080002c3   Thumb Code     0  startup_stm32f413xx.o(.text)
    SPI3_IRQHandler                          0x080002c3   Thumb Code     0  startup_stm32f413xx.o(.text)
    SPI4_IRQHandler                          0x080002c3   Thumb Code     0  startup_stm32f413xx.o(.text)
    SPI5_IRQHandler                          0x080002c3   Thumb Code     0  startup_stm32f413xx.o(.text)
    TAMP_STAMP_IRQHandler                    0x080002c3   Thumb Code     0  startup_stm32f413xx.o(.text)
    TIM1_BRK_TIM9_IRQHandler                 0x080002c3   Thumb Code     0  startup_stm32f413xx.o(.text)
    TIM1_CC_IRQHandler                       0x080002c3   Thumb Code     0  startup_stm32f413xx.o(.text)
    TIM1_TRG_COM_TIM11_IRQHandler            0x080002c3   Thumb Code     0  startup_stm32f413xx.o(.text)
    TIM1_UP_TIM10_IRQHandler                 0x080002c3   Thumb Code     0  startup_stm32f413xx.o(.text)
    TIM2_IRQHandler                          0x080002c3   Thumb Code     0  startup_stm32f413xx.o(.text)
    TIM3_IRQHandler                          0x080002c3   Thumb Code     0  startup_stm32f413xx.o(.text)
    TIM5_IRQHandler                          0x080002c3   Thumb Code     0  startup_stm32f413xx.o(.text)
    TIM6_DAC_IRQHandler                      0x080002c3   Thumb Code     0  startup_stm32f413xx.o(.text)
    TIM7_IRQHandler                          0x080002c3   Thumb Code     0  startup_stm32f413xx.o(.text)
    TIM8_BRK_TIM12_IRQHandler                0x080002c3   Thumb Code     0  startup_stm32f413xx.o(.text)
    TIM8_CC_IRQHandler                       0x080002c3   Thumb Code     0  startup_stm32f413xx.o(.text)
    TIM8_TRG_COM_TIM14_IRQHandler            0x080002c3   Thumb Code     0  startup_stm32f413xx.o(.text)
    TIM8_UP_TIM13_IRQHandler                 0x080002c3   Thumb Code     0  startup_stm32f413xx.o(.text)
    UART10_IRQHandler                        0x080002c3   Thumb Code     0  startup_stm32f413xx.o(.text)
    UART4_IRQHandler                         0x080002c3   Thumb Code     0  startup_stm32f413xx.o(.text)
    UART7_IRQHandler                         0x080002c3   Thumb Code     0  startup_stm32f413xx.o(.text)
    UART8_IRQHandler                         0x080002c3   Thumb Code     0  startup_stm32f413xx.o(.text)
    UART9_IRQHandler                         0x080002c3   Thumb Code     0  startup_stm32f413xx.o(.text)
    USART6_IRQHandler                        0x080002c3   Thumb Code     0  startup_stm32f413xx.o(.text)
    WWDG_IRQHandler                          0x080002c3   Thumb Code     0  startup_stm32f413xx.o(.text)
    __aeabi_uldivmod                         0x080002cd   Thumb Code    98  uldiv.o(.text)
    __aeabi_memcpy                           0x0800032f   Thumb Code    36  memcpya.o(.text)
    __aeabi_memcpy4                          0x0800032f   Thumb Code     0  memcpya.o(.text)
    __aeabi_memcpy8                          0x0800032f   Thumb Code     0  memcpya.o(.text)
    __aeabi_dmul                             0x08000353   Thumb Code   228  dmul.o(.text)
    __aeabi_ddiv                             0x08000437   Thumb Code   222  ddiv.o(.text)
    __aeabi_ui2d                             0x08000515   Thumb Code    26  dfltui.o(.text)
    __aeabi_f2d                              0x0800052f   Thumb Code    38  f2d.o(.text)
    __aeabi_d2f                              0x08000555   Thumb Code    56  d2f.o(.text)
    __aeabi_llsl                             0x0800058d   Thumb Code    30  llshl.o(.text)
    _ll_shift_l                              0x0800058d   Thumb Code     0  llshl.o(.text)
    __aeabi_llsr                             0x080005ab   Thumb Code    32  llushr.o(.text)
    _ll_ushift_r                             0x080005ab   Thumb Code     0  llushr.o(.text)
    __I$use$fp                               0x080005cb   Thumb Code     0  iusefp.o(.text)
    _float_round                             0x080005cb   Thumb Code    18  fepilogue.o(.text)
    _float_epilogue                          0x080005dd   Thumb Code    92  fepilogue.o(.text)
    _double_round                            0x08000639   Thumb Code    30  depilogue.o(.text)
    _double_epilogue                         0x08000657   Thumb Code   156  depilogue.o(.text)
    __scatterload                            0x080006f5   Thumb Code    28  init.o(.text)
    __scatterload_rt2                        0x080006f5   Thumb Code     0  init.o(.text)
    __aeabi_dadd                             0x08000719   Thumb Code   322  dadd.o(.text)
    __aeabi_dsub                             0x0800085b   Thumb Code     6  dadd.o(.text)
    __aeabi_drsub                            0x08000861   Thumb Code     6  dadd.o(.text)
    __aeabi_i2d                              0x08000867   Thumb Code    34  dflti.o(.text)
    __aeabi_d2iz                             0x08000889   Thumb Code    62  dfixi.o(.text)
    __aeabi_lasr                             0x080008c7   Thumb Code    36  llsshr.o(.text)
    _ll_sshift_r                             0x080008c7   Thumb Code     0  llsshr.o(.text)
    __decompress                             0x080008eb   Thumb Code     0  __dczerorl.o(.text)
    __decompress0                            0x080008eb   Thumb Code    58  __dczerorl.o(.text)
    ARS_SendVehicleYaw                       0x08000925   Thumb Code    80  ars408.o(i.ARS_SendVehicleYaw)
    BusFault_Handler                         0x08000981   Thumb Code     4  stm32f4xx_it.o(i.BusFault_Handler)
    CAN1_RX0_IRQHandler                      0x08000985   Thumb Code    10  stm32f4xx_it.o(i.CAN1_RX0_IRQHandler)
    CAN2_RX0_IRQHandler                      0x08000995   Thumb Code    10  stm32f4xx_it.o(i.CAN2_RX0_IRQHandler)
    CAN3_RX0_IRQHandler                      0x080009a5   Thumb Code    10  stm32f4xx_it.o(i.CAN3_RX0_IRQHandler)
    DBC_Init                                 0x080009b5   Thumb Code    14  main.o(i.DBC_Init)
    DMA1_Stream0_IRQHandler                  0x080009c5   Thumb Code    10  stm32f4xx_it.o(i.DMA1_Stream0_IRQHandler)
    DMA1_Stream1_IRQHandler                  0x080009d5   Thumb Code    10  stm32f4xx_it.o(i.DMA1_Stream1_IRQHandler)
    DMA1_Stream5_IRQHandler                  0x080009e5   Thumb Code    10  stm32f4xx_it.o(i.DMA1_Stream5_IRQHandler)
    DMA2_Stream2_IRQHandler                  0x080009f5   Thumb Code    10  stm32f4xx_it.o(i.DMA2_Stream2_IRQHandler)
    DebugMon_Handler                         0x08000ae3   Thumb Code     2  stm32f4xx_it.o(i.DebugMon_Handler)
    EMRR_GetRaderObjCloset                   0x08000ae5   Thumb Code   478  emrr.o(i.EMRR_GetRaderObjCloset)
    EMRR_Init                                0x08000ce5   Thumb Code    44  emrr.o(i.EMRR_Init)
    GetRadarObjGeneral_func                  0x08000d15   Thumb Code   264  emrr.o(i.GetRadarObjGeneral_func)
    HAL_CAN_ActivateNotification             0x08000e31   Thumb Code    44  stm32f4xx_hal_can.o(i.HAL_CAN_ActivateNotification)
    HAL_CAN_AddTxMessage                     0x08000e5d   Thumb Code   298  stm32f4xx_hal_can.o(i.HAL_CAN_AddTxMessage)
    HAL_CAN_ConfigFilter                     0x08000f89   Thumb Code   314  stm32f4xx_hal_can.o(i.HAL_CAN_ConfigFilter)
    HAL_CAN_ErrorCallback                    0x080010cd   Thumb Code     2  stm32f4xx_hal_can.o(i.HAL_CAN_ErrorCallback)
    HAL_CAN_GetRxMessage                     0x080010cf   Thumb Code   392  stm32f4xx_hal_can.o(i.HAL_CAN_GetRxMessage)
    HAL_CAN_IRQHandler                       0x08001257   Thumb Code   590  stm32f4xx_hal_can.o(i.HAL_CAN_IRQHandler)
    HAL_CAN_Init                             0x080014a5   Thumb Code   374  stm32f4xx_hal_can.o(i.HAL_CAN_Init)
    HAL_CAN_MspInit                          0x0800161d   Thumb Code   272  stm32f4xx_hal_msp.o(i.HAL_CAN_MspInit)
    HAL_CAN_RxFifo0FullCallback              0x08001745   Thumb Code     2  stm32f4xx_hal_can.o(i.HAL_CAN_RxFifo0FullCallback)
    HAL_CAN_RxFifo0MsgPendingCallback        0x08001749   Thumb Code    42  main.o(i.HAL_CAN_RxFifo0MsgPendingCallback)
    HAL_CAN_RxFifo1FullCallback              0x08001789   Thumb Code     2  stm32f4xx_hal_can.o(i.HAL_CAN_RxFifo1FullCallback)
    HAL_CAN_RxFifo1MsgPendingCallback        0x0800178b   Thumb Code     2  stm32f4xx_hal_can.o(i.HAL_CAN_RxFifo1MsgPendingCallback)
    HAL_CAN_SleepCallback                    0x0800178d   Thumb Code     2  stm32f4xx_hal_can.o(i.HAL_CAN_SleepCallback)
    HAL_CAN_Start                            0x0800178f   Thumb Code    96  stm32f4xx_hal_can.o(i.HAL_CAN_Start)
    HAL_CAN_TxMailbox0AbortCallback          0x080017ef   Thumb Code     2  stm32f4xx_hal_can.o(i.HAL_CAN_TxMailbox0AbortCallback)
    HAL_CAN_TxMailbox0CompleteCallback       0x080017f1   Thumb Code     2  stm32f4xx_hal_can.o(i.HAL_CAN_TxMailbox0CompleteCallback)
    HAL_CAN_TxMailbox1AbortCallback          0x080017f3   Thumb Code     2  stm32f4xx_hal_can.o(i.HAL_CAN_TxMailbox1AbortCallback)
    HAL_CAN_TxMailbox1CompleteCallback       0x080017f5   Thumb Code     2  stm32f4xx_hal_can.o(i.HAL_CAN_TxMailbox1CompleteCallback)
    HAL_CAN_TxMailbox2AbortCallback          0x080017f7   Thumb Code     2  stm32f4xx_hal_can.o(i.HAL_CAN_TxMailbox2AbortCallback)
    HAL_CAN_TxMailbox2CompleteCallback       0x080017f9   Thumb Code     2  stm32f4xx_hal_can.o(i.HAL_CAN_TxMailbox2CompleteCallback)
    HAL_CAN_WakeUpFromRxMsgCallback          0x080017fb   Thumb Code     2  stm32f4xx_hal_can.o(i.HAL_CAN_WakeUpFromRxMsgCallback)
    HAL_CRC_Init                             0x080017fd   Thumb Code    36  stm32f4xx_hal_crc.o(i.HAL_CRC_Init)
    HAL_CRC_MspInit                          0x08001821   Thumb Code    44  stm32f4xx_hal_msp.o(i.HAL_CRC_MspInit)
    HAL_DMA_Abort                            0x08001855   Thumb Code   170  stm32f4xx_hal_dma.o(i.HAL_DMA_Abort)
    HAL_DMA_Abort_IT                         0x080018ff   Thumb Code    40  stm32f4xx_hal_dma.o(i.HAL_DMA_Abort_IT)
    HAL_DMA_IRQHandler                       0x08001929   Thumb Code   570  stm32f4xx_hal_dma.o(i.HAL_DMA_IRQHandler)
    HAL_DMA_Init                             0x08001b69   Thumb Code   232  stm32f4xx_hal_dma.o(i.HAL_DMA_Init)
    HAL_GPIO_Init                            0x08001c55   Thumb Code   456  stm32f4xx_hal_gpio.o(i.HAL_GPIO_Init)
    HAL_GPIO_ReadPin                         0x08001e45   Thumb Code    16  stm32f4xx_hal_gpio.o(i.HAL_GPIO_ReadPin)
    HAL_GPIO_TogglePin                       0x08001e55   Thumb Code     8  stm32f4xx_hal_gpio.o(i.HAL_GPIO_TogglePin)
    HAL_GPIO_WritePin                        0x08001e5d   Thumb Code    12  stm32f4xx_hal_gpio.o(i.HAL_GPIO_WritePin)
    HAL_GetTick                              0x08001e69   Thumb Code     6  stm32f4xx_hal.o(i.HAL_GetTick)
    HAL_IncTick                              0x08001e75   Thumb Code    16  stm32f4xx_hal.o(i.HAL_IncTick)
    HAL_Init                                 0x08001e8d   Thumb Code    54  stm32f4xx_hal.o(i.HAL_Init)
    HAL_InitTick                             0x08001ec9   Thumb Code   122  stm32f4xx_hal_timebase_tim.o(i.HAL_InitTick)
    HAL_MspInit                              0x08001f55   Thumb Code   118  stm32f4xx_hal_msp.o(i.HAL_MspInit)
    HAL_NVIC_EnableIRQ                       0x08001fd1   Thumb Code    26  stm32f4xx_hal_cortex.o(i.HAL_NVIC_EnableIRQ)
    HAL_NVIC_SetPriority                     0x08001feb   Thumb Code   124  stm32f4xx_hal_cortex.o(i.HAL_NVIC_SetPriority)
    HAL_NVIC_SetPriorityGrouping             0x08002069   Thumb Code    32  stm32f4xx_hal_cortex.o(i.HAL_NVIC_SetPriorityGrouping)
    HAL_RCC_ClockConfig                      0x08002091   Thumb Code   366  stm32f4xx_hal_rcc.o(i.HAL_RCC_ClockConfig)
    HAL_RCC_GetClockConfig                   0x08002211   Thumb Code    58  stm32f4xx_hal_rcc.o(i.HAL_RCC_GetClockConfig)
    HAL_RCC_GetHCLKFreq                      0x08002255   Thumb Code     6  stm32f4xx_hal_rcc.o(i.HAL_RCC_GetHCLKFreq)
    HAL_RCC_GetPCLK1Freq                     0x08002261   Thumb Code    22  stm32f4xx_hal_rcc.o(i.HAL_RCC_GetPCLK1Freq)
    HAL_RCC_GetPCLK2Freq                     0x08002281   Thumb Code    22  stm32f4xx_hal_rcc.o(i.HAL_RCC_GetPCLK2Freq)
    HAL_RCC_GetSysClockFreq                  0x080022a1   Thumb Code   162  stm32f4xx_hal_rcc.o(i.HAL_RCC_GetSysClockFreq)
    HAL_RCC_OscConfig                        0x08002351   Thumb Code  1088  stm32f4xx_hal_rcc_ex.o(i.HAL_RCC_OscConfig)
    HAL_SYSTICK_CLKSourceConfig              0x08002799   Thumb Code    40  stm32f4xx_hal_cortex.o(i.HAL_SYSTICK_CLKSourceConfig)
    HAL_SYSTICK_Config                       0x080027c1   Thumb Code    52  stm32f4xx_hal_cortex.o(i.HAL_SYSTICK_Config)
    HAL_TIMEx_BreakCallback                  0x080027f5   Thumb Code     2  stm32f4xx_hal_tim_ex.o(i.HAL_TIMEx_BreakCallback)
    HAL_TIMEx_CommutationCallback            0x080027f7   Thumb Code     2  stm32f4xx_hal_tim_ex.o(i.HAL_TIMEx_CommutationCallback)
    HAL_TIMEx_MasterConfigSynchronization    0x080027f9   Thumb Code    98  stm32f4xx_hal_tim_ex.o(i.HAL_TIMEx_MasterConfigSynchronization)
    HAL_TIM_Base_Init                        0x0800285b   Thumb Code    52  stm32f4xx_hal_tim.o(i.HAL_TIM_Base_Init)
    HAL_TIM_Base_MspInit                     0x08002891   Thumb Code    84  stm32f4xx_hal_msp.o(i.HAL_TIM_Base_MspInit)
    HAL_TIM_Base_Start_IT                    0x080028ed   Thumb Code    30  stm32f4xx_hal_tim.o(i.HAL_TIM_Base_Start_IT)
    HAL_TIM_ConfigClockSource                0x0800290b   Thumb Code   306  stm32f4xx_hal_tim.o(i.HAL_TIM_ConfigClockSource)
    HAL_TIM_IC_CaptureCallback               0x08002a3d   Thumb Code     2  stm32f4xx_hal_tim.o(i.HAL_TIM_IC_CaptureCallback)
    HAL_TIM_IRQHandler                       0x08002a3f   Thumb Code   406  stm32f4xx_hal_tim.o(i.HAL_TIM_IRQHandler)
    HAL_TIM_OC_DelayElapsedCallback          0x08002bd5   Thumb Code     2  stm32f4xx_hal_tim.o(i.HAL_TIM_OC_DelayElapsedCallback)
    HAL_TIM_PWM_PulseFinishedCallback        0x08002bd7   Thumb Code     2  stm32f4xx_hal_tim.o(i.HAL_TIM_PWM_PulseFinishedCallback)
    HAL_TIM_PeriodElapsedCallback            0x08002bd9   Thumb Code    18  main.o(i.HAL_TIM_PeriodElapsedCallback)
    HAL_TIM_TriggerCallback                  0x08002bf1   Thumb Code     2  stm32f4xx_hal_tim.o(i.HAL_TIM_TriggerCallback)
    HAL_UART_DMAStop                         0x08002bf3   Thumb Code   102  stm32f4xx_hal_uart.o(i.HAL_UART_DMAStop)
    HAL_UART_ErrorCallback                   0x08002c59   Thumb Code     2  stm32f4xx_hal_uart.o(i.HAL_UART_ErrorCallback)
    HAL_UART_IRQHandler                      0x08002c5d   Thumb Code   326  stm32f4xx_hal_uart.o(i.HAL_UART_IRQHandler)
    HAL_UART_Init                            0x08002da9   Thumb Code   114  stm32f4xx_hal_uart.o(i.HAL_UART_Init)
    HAL_UART_MspInit                         0x08002e1d   Thumb Code   674  stm32f4xx_hal_msp.o(i.HAL_UART_MspInit)
    HAL_UART_RxCpltCallback                  0x08003119   Thumb Code     2  stm32f4xx_hal_uart.o(i.HAL_UART_RxCpltCallback)
    HAL_UART_TxCpltCallback                  0x0800311b   Thumb Code     2  stm32f4xx_hal_uart.o(i.HAL_UART_TxCpltCallback)
    HardFault_Handler                        0x0800311d   Thumb Code     4  stm32f4xx_it.o(i.HardFault_Handler)
    MemManage_Handler                        0x0800365d   Thumb Code     4  stm32f4xx_it.o(i.MemManage_Handler)
    NMI_Handler                              0x08003661   Thumb Code     2  stm32f4xx_it.o(i.NMI_Handler)
    StartCalculateTask                       0x0800369d   Thumb Code   254  main.o(i.StartCalculateTask)
    StartDefaultTask                         0x080037bd   Thumb Code    10  main.o(i.StartDefaultTask)
    StartGyroCommTask                        0x080037c9   Thumb Code   152  main.o(i.StartGyroCommTask)
    StartRadarCommTask                       0x08003881   Thumb Code    64  main.o(i.StartRadarCommTask)
    StartSoundWarningTask                    0x080038d9   Thumb Code   158  main.o(i.StartSoundWarningTask)
    SysTick_Handler                          0x08003985   Thumb Code     8  stm32f4xx_it.o(i.SysTick_Handler)
    SystemClock_Config                       0x0800398d   Thumb Code   198  main.o(i.SystemClock_Config)
    SystemInit                               0x08003a6d   Thumb Code    82  system_stm32f4xx.o(i.SystemInit)
    TIM4_IRQHandler                          0x08003ad1   Thumb Code    10  stm32f4xx_it.o(i.TIM4_IRQHandler)
    TIM_Base_SetConfig                       0x08003ae1   Thumb Code   184  stm32f4xx_hal_tim.o(i.TIM_Base_SetConfig)
    UART5_IRQHandler                         0x08003c49   Thumb Code    10  stm32f4xx_it.o(i.UART5_IRQHandler)
    USART1_IRQHandler                        0x0800412d   Thumb Code    76  stm32f4xx_it.o(i.USART1_IRQHandler)
    USART2_IRQHandler                        0x08004185   Thumb Code    10  stm32f4xx_it.o(i.USART2_IRQHandler)
    USART3_IRQHandler                        0x08004195   Thumb Code    68  stm32f4xx_it.o(i.USART3_IRQHandler)
    UsageFault_Handler                       0x080041e1   Thumb Code     4  stm32f4xx_it.o(i.UsageFault_Handler)
    WTN6_Broadcast                           0x080041e5   Thumb Code   140  wtn6040.o(i.WTN6_Broadcast)
    _Error_Handler                           0x08004279   Thumb Code     4  main.o(i._Error_Handler)
    __ARM_fpclassify                         0x0800427d   Thumb Code    48  fpclassify.o(i.__ARM_fpclassify)
    __hardfp_fabs                            0x080042ad   Thumb Code    20  fabs.o(i.__hardfp_fabs)
    __hardfp_sin                             0x080042c1   Thumb Code   180  sin.o(i.__hardfp_sin)
    __ieee754_rem_pio2                       0x08004389   Thumb Code   938  rred.o(i.__ieee754_rem_pio2)
    __kernel_cos                             0x080047c1   Thumb Code   322  cos_i.o(i.__kernel_cos)
    __kernel_poly                            0x08004931   Thumb Code   248  poly.o(i.__kernel_poly)
    __kernel_sin                             0x08004a29   Thumb Code   280  sin_i.o(i.__kernel_sin)
    __mathlib_dbl_infnan                     0x08004b59   Thumb Code    20  dunder.o(i.__mathlib_dbl_infnan)
    __mathlib_dbl_invalid                    0x08004b71   Thumb Code    24  dunder.o(i.__mathlib_dbl_invalid)
    __mathlib_dbl_underflow                  0x08004b91   Thumb Code    24  dunder.o(i.__mathlib_dbl_underflow)
    __scatterload_copy                       0x08004bb1   Thumb Code    14  handlers.o(i.__scatterload_copy)
    __scatterload_null                       0x08004bbf   Thumb Code     2  handlers.o(i.__scatterload_null)
    __scatterload_zeroinit                   0x08004bc1   Thumb Code    14  handlers.o(i.__scatterload_zeroinit)
    __set_errno                              0x08004bd1   Thumb Code     6  errno.o(i.__set_errno)
    delay_init                               0x08004bdd   Thumb Code    58  delay.o(i.delay_init)
    delay_ms                                 0x08004c21   Thumb Code    60  delay.o(i.delay_ms)
    delay_us                                 0x08004c61   Thumb Code    68  delay.o(i.delay_us)
    fabs                                     0x08004ca9   Thumb Code    24  fabs.o(i.fabs)
    main                                     0x08004cd1   Thumb Code   328  main.o(i.main)
    osDelay                                  0x08004e57   Thumb Code    24  cmsis_os.o(i.osDelay)
    osKernelStart                            0x08004e6f   Thumb Code    10  cmsis_os.o(i.osKernelStart)
    osSemaphoreCreate                        0x08004e79   Thumb Code    44  cmsis_os.o(i.osSemaphoreCreate)
    osSemaphoreRelease                       0x08004ea5   Thumb Code    76  cmsis_os.o(i.osSemaphoreRelease)
    osSemaphoreWait                          0x08004ef5   Thumb Code   104  cmsis_os.o(i.osSemaphoreWait)
    osSystickHandler                         0x08004f61   Thumb Code    16  cmsis_os.o(i.osSystickHandler)
    osThreadCreate                           0x08004f71   Thumb Code    48  cmsis_os.o(i.osThreadCreate)
    pvPortMalloc                             0x08005579   Thumb Code   296  heap_4.o(i.pvPortMalloc)
    pvTaskIncrementMutexHeldCount            0x080056b5   Thumb Code    26  tasks.o(i.pvTaskIncrementMutexHeldCount)
    pxPortInitialiseStack                    0x080056d5   Thumb Code    38  port.o(i.pxPortInitialiseStack)
    uxListRemove                             0x08005701   Thumb Code    40  list.o(i.uxListRemove)
    vListInitialise                          0x08005729   Thumb Code    26  list.o(i.vListInitialise)
    vListInitialiseItem                      0x08005743   Thumb Code     6  list.o(i.vListInitialiseItem)
    vListInsert                              0x08005749   Thumb Code    52  list.o(i.vListInsert)
    vListInsertEnd                           0x0800577d   Thumb Code    24  list.o(i.vListInsertEnd)
    vPortEnterCritical                       0x08005795   Thumb Code    76  port.o(i.vPortEnterCritical)
    vPortExitCritical                        0x080057e9   Thumb Code    56  port.o(i.vPortExitCritical)
    vPortFree                                0x08005825   Thumb Code   140  heap_4.o(i.vPortFree)
    vPortSetupTimerInterrupt                 0x080058b9   Thumb Code    26  port.o(i.vPortSetupTimerInterrupt)
    vPortValidateInterruptPriority           0x080058d9   Thumb Code   106  port.o(i.vPortValidateInterruptPriority)
    vTaskDelay                               0x08005951   Thumb Code    82  tasks.o(i.vTaskDelay)
    vTaskMissedYield                         0x080059ad   Thumb Code     8  tasks.o(i.vTaskMissedYield)
    vTaskPlaceOnEventList                    0x080059b9   Thumb Code    52  tasks.o(i.vTaskPlaceOnEventList)
    vTaskPriorityInherit                     0x080059f1   Thumb Code   164  tasks.o(i.vTaskPriorityInherit)
    vTaskSetTimeOutState                     0x08005aa1   Thumb Code    38  tasks.o(i.vTaskSetTimeOutState)
    vTaskStartScheduler                      0x08005ad1   Thumb Code   108  tasks.o(i.vTaskStartScheduler)
    vTaskSuspendAll                          0x08005b59   Thumb Code    12  tasks.o(i.vTaskSuspendAll)
    vTaskSwitchContext                       0x08005b69   Thumb Code   118  tasks.o(i.vTaskSwitchContext)
    xPortStartScheduler                      0x08005bf5   Thumb Code   288  port.o(i.xPortStartScheduler)
    xPortSysTickHandler                      0x08005d31   Thumb Code    46  port.o(i.xPortSysTickHandler)
    xQueueGenericCreate                      0x08005d65   Thumb Code    88  queue.o(i.xQueueGenericCreate)
    xQueueGenericReceive                     0x08005dbd   Thumb Code   446  queue.o(i.xQueueGenericReceive)
    xQueueGenericReset                       0x08005f81   Thumb Code   146  queue.o(i.xQueueGenericReset)
    xQueueGenericSend                        0x08006019   Thumb Code   420  queue.o(i.xQueueGenericSend)
    xQueueGiveFromISR                        0x080061c1   Thumb Code   224  queue.o(i.xQueueGiveFromISR)
    xQueueReceiveFromISR                     0x080062a1   Thumb Code   202  queue.o(i.xQueueReceiveFromISR)
    xTaskCheckForTimeOut                     0x0800636d   Thumb Code   132  tasks.o(i.xTaskCheckForTimeOut)
    xTaskCreate                              0x080063f9   Thumb Code    96  tasks.o(i.xTaskCreate)
    xTaskGetSchedulerState                   0x08006459   Thumb Code    24  tasks.o(i.xTaskGetSchedulerState)
    xTaskIncrementTick                       0x08006479   Thumb Code   282  tasks.o(i.xTaskIncrementTick)
    xTaskPriorityDisinherit                  0x080065c1   Thumb Code   188  tasks.o(i.xTaskPriorityDisinherit)
    xTaskRemoveFromEventList                 0x08006689   Thumb Code   128  tasks.o(i.xTaskRemoveFromEventList)
    xTaskResumeAll                           0x08006721   Thumb Code   224  tasks.o(i.xTaskResumeAll)
    AHBPrescTable                            0x080068e0   Data          16  system_stm32f4xx.o(.constdata)
    APBPrescTable                            0x080068f0   Data           8  system_stm32f4xx.o(.constdata)
    Region$$Table$$Base                      0x08006a5c   Number         0  anon$$obj.o(Region$$Table)
    Region$$Table$$Limit                     0x08006a7c   Number         0  anon$$obj.o(Region$$Table)
    CAN_TxConfigRadarHeader                  0x20000004   Data          24  ars408.o(.data)
    CAN_TxConfigFilterHeader                 0x2000001c   Data          24  ars408.o(.data)
    CAN_TxYawHeader                          0x20000034   Data          24  ars408.o(.data)
    CAN_TxSpeedHeader                        0x2000004c   Data          24  ars408.o(.data)
    RadarFilterConfig                        0x20000064   Data           8  ars408.o(.data)
    RadarSpeed                               0x2000006c   Data           4  ars408.o(.data)
    hcrc                                     0x20000070   Data           8  main.o(.data)
    defaultTaskHandle                        0x20000078   Data           4  main.o(.data)
    RadarCommHandle                          0x2000007c   Data           4  main.o(.data)
    ADASCommHandle                           0x20000080   Data           4  main.o(.data)
    SoundWarningHandle                       0x20000084   Data           4  main.o(.data)
    GyroCommHandle                           0x20000088   Data           4  main.o(.data)
    CANSpeedReadHandle                       0x2000008c   Data           4  main.o(.data)
    StartCalculateHandle                     0x20000090   Data           4  main.o(.data)
    UART1RxHandle                            0x20000094   Data           4  main.o(.data)
    RadarDataTxHandle                        0x20000098   Data           4  main.o(.data)
    bSemRadarCANRxSigHandle                  0x2000009c   Data           4  main.o(.data)
    bSemADASRxSigHandle                      0x200000a0   Data           4  main.o(.data)
    bSemSoundWarningSigHandle                0x200000a4   Data           4  main.o(.data)
    bSemGyroCommSigHandle                    0x200000a8   Data           4  main.o(.data)
    bSemSpeedRxSigHandle                     0x200000ac   Data           4  main.o(.data)
    bSemCalculateSigHandle                   0x200000b0   Data           4  main.o(.data)
    bSemUART1RxSigHandle                     0x200000b4   Data           4  main.o(.data)
    bSemRadarDataTxSigHandle                 0x200000b8   Data           4  main.o(.data)
    RadarObjStatus                           0x200000bc   Data           6  main.o(.data)
    CAN_TxDBCHeader                          0x200000c4   Data          24  main.o(.data)
    MW_RadarRxComplete                       0x200000dc   Data           1  main.o(.data)
    EMRR_RadarRxComplete                     0x200000dd   Data           1  main.o(.data)
    ADASRxComplete                           0x200000de   Data           1  main.o(.data)
    UART1RxComplete                          0x200000df   Data           1  main.o(.data)
    SpeedRxComplete                          0x200000e0   Data           1  main.o(.data)
    CmdRxComplete                            0x200000e1   Data           1  main.o(.data)
    CmdRxBuf                                 0x200000e2   Data           4  main.o(.data)
    RadarCANRxBuf                            0x200000e6   Data           8  main.o(.data)
    VehicleCANRxBuf                          0x200000ee   Data           6  main.o(.data)
    CrashWarningLv                           0x200000f4   Data           1  main.o(.data)
    VehicleSpeed                             0x200000f5   Data           1  main.o(.data)
    yaw                                      0x200000f8   Data           4  main.o(.data)
    yawRate                                  0x200000fc   Data           4  main.o(.data)
    VrelLong                                 0x20000100   Data           4  main.o(.data)
    MinRangeLong                             0x20000104   Data           4  main.o(.data)
    TimetoCrash                              0x20000108   Data           4  main.o(.data)
    pxCurrentTCB                             0x20000130   Data           4  tasks.o(.data)
    uwTick                                   0x2000016c   Data           4  stm32f4xx_hal.o(.data)
    uwTickPrio                               0x20000170   Data           4  stm32f4xx_hal.o(.data)
    uwTickFreq                               0x20000174   Data           1  stm32f4xx_hal.o(.data)
    SystemCoreClock                          0x20000178   Data           4  system_stm32f4xx.o(.data)
    htim4                                    0x20000180   Data          60  stm32f4xx_hal_timebase_tim.o(.bss)
    hcan1                                    0x200001bc   Data          40  main.o(.bss)
    hcan2                                    0x200001e4   Data          40  main.o(.bss)
    hcan3                                    0x2000020c   Data          40  main.o(.bss)
    htim2                                    0x20000234   Data          60  main.o(.bss)
    htim3                                    0x20000270   Data          60  main.o(.bss)
    huart5                                   0x200002ac   Data          64  main.o(.bss)
    huart1                                   0x200002ec   Data          64  main.o(.bss)
    huart2                                   0x2000032c   Data          64  main.o(.bss)
    huart3                                   0x2000036c   Data          64  main.o(.bss)
    hdma_uart5_rx                            0x200003ac   Data          96  main.o(.bss)
    hdma_usart1_rx                           0x2000040c   Data          96  main.o(.bss)
    hdma_usart2_rx                           0x2000046c   Data          96  main.o(.bss)
    hdma_usart3_rx                           0x200004cc   Data          96  main.o(.bss)
    RadarGeneral                             0x2000052c   Data         224  main.o(.bss)
    aRadarGeneral                            0x2000060c   Data        1536  main.o(.bss)
    RadarGeneral_closet                      0x20000c0c   Data          24  main.o(.bss)
    RadarData                                0x20000c24   Data          12  main.o(.bss)
    RadarCANRxHeader                         0x20000c30   Data          28  main.o(.bss)
    VehicleCANRxHeader                       0x20000c4c   Data          28  main.o(.bss)
    ADAS_dev                                 0x20000c68   Data          24  main.o(.bss)
    ADASRxBuf                                0x20000c80   Data          32  main.o(.bss)
    CmdRadarDataTxBuf                        0x20000ca0   Data          11  main.o(.bss)
    __initial_sp                             0x20004da0   Data           0  startup_stm32f413xx.o(STACK)



==============================================================================

Memory Map of the image

  Image Entry point : 0x080001d9

  Load Region LR_IROM1 (Base: 0x08000000, Size: 0x00006bfc, Max: 0x00180000, ABSOLUTE, COMPRESSED[0x00006aa4])

    Execution Region ER_IROM1 (Base: 0x08000000, Size: 0x00006a7c, Max: 0x00180000, ABSOLUTE)

    Base Addr    Size         Type   Attr      Idx    E Section Name        Object

    0x08000000   0x000001d8   Data   RO            3    RESET               startup_stm32f413xx.o
    0x080001d8   0x00000000   Code   RO         5040  * .ARM.Collect$$$$00000000  mc_w.l(entry.o)
    0x080001d8   0x00000004   Code   RO         5087    .ARM.Collect$$$$00000001  mc_w.l(entry2.o)
    0x080001dc   0x00000004   Code   RO         5090    .ARM.Collect$$$$00000004  mc_w.l(entry5.o)
    0x080001e0   0x00000000   Code   RO         5092    .ARM.Collect$$$$00000008  mc_w.l(entry7b.o)
    0x080001e0   0x00000000   Code   RO         5094    .ARM.Collect$$$$0000000A  mc_w.l(entry8b.o)
    0x080001e0   0x00000008   Code   RO         5095    .ARM.Collect$$$$0000000B  mc_w.l(entry9a.o)
    0x080001e8   0x00000000   Code   RO         5097    .ARM.Collect$$$$0000000D  mc_w.l(entry10a.o)
    0x080001e8   0x00000000   Code   RO         5099    .ARM.Collect$$$$0000000F  mc_w.l(entry11a.o)
    0x080001e8   0x00000004   Code   RO         5088    .ARM.Collect$$$$00002712  mc_w.l(entry2.o)
    0x080001ec   0x000000ba   Code   RO         1635    .emb_text           port.o
    0x080002a6   0x00000002   PAD
    0x080002a8   0x00000024   Code   RO            4    .text               startup_stm32f413xx.o
    0x080002cc   0x00000062   Code   RO         5043    .text               mc_w.l(uldiv.o)
    0x0800032e   0x00000024   Code   RO         5045    .text               mc_w.l(memcpya.o)
    0x08000352   0x000000e4   Code   RO         5049    .text               mf_w.l(dmul.o)
    0x08000436   0x000000de   Code   RO         5051    .text               mf_w.l(ddiv.o)
    0x08000514   0x0000001a   Code   RO         5053    .text               mf_w.l(dfltui.o)
    0x0800052e   0x00000026   Code   RO         5055    .text               mf_w.l(f2d.o)
    0x08000554   0x00000038   Code   RO         5057    .text               mf_w.l(d2f.o)
    0x0800058c   0x0000001e   Code   RO         5101    .text               mc_w.l(llshl.o)
    0x080005aa   0x00000020   Code   RO         5103    .text               mc_w.l(llushr.o)
    0x080005ca   0x00000000   Code   RO         5112    .text               mc_w.l(iusefp.o)
    0x080005ca   0x0000006e   Code   RO         5113    .text               mf_w.l(fepilogue.o)
    0x08000638   0x000000ba   Code   RO         5115    .text               mf_w.l(depilogue.o)
    0x080006f2   0x00000002   PAD
    0x080006f4   0x00000024   Code   RO         5123    .text               mc_w.l(init.o)
    0x08000718   0x0000014e   Code   RO         5125    .text               mf_w.l(dadd.o)
    0x08000866   0x00000022   Code   RO         5127    .text               mf_w.l(dflti.o)
    0x08000888   0x0000003e   Code   RO         5129    .text               mf_w.l(dfixi.o)
    0x080008c6   0x00000024   Code   RO         5131    .text               mc_w.l(llsshr.o)
    0x080008ea   0x0000003a   Code   RO         5141    .text               mc_w.l(__dczerorl.o)
    0x08000924   0x0000005c   Code   RO          321    i.ARS_SendVehicleYaw  ars408.o
    0x08000980   0x00000004   Code   RO          496    i.BusFault_Handler  stm32f4xx_it.o
    0x08000984   0x00000010   Code   RO          497    i.CAN1_RX0_IRQHandler  stm32f4xx_it.o
    0x08000994   0x00000010   Code   RO          498    i.CAN2_RX0_IRQHandler  stm32f4xx_it.o
    0x080009a4   0x00000010   Code   RO          499    i.CAN3_RX0_IRQHandler  stm32f4xx_it.o
    0x080009b4   0x0000000e   Code   RO          745    i.DBC_Init          main.o
    0x080009c2   0x00000002   PAD
    0x080009c4   0x00000010   Code   RO          500    i.DMA1_Stream0_IRQHandler  stm32f4xx_it.o
    0x080009d4   0x00000010   Code   RO          501    i.DMA1_Stream1_IRQHandler  stm32f4xx_it.o
    0x080009e4   0x00000010   Code   RO          502    i.DMA1_Stream5_IRQHandler  stm32f4xx_it.o
    0x080009f4   0x00000010   Code   RO          503    i.DMA2_Stream2_IRQHandler  stm32f4xx_it.o
    0x08000a04   0x00000034   Code   RO         3936    i.DMA_CalcBaseAndBitshift  stm32f4xx_hal_dma.o
    0x08000a38   0x000000aa   Code   RO         3937    i.DMA_CheckFifoParam  stm32f4xx_hal_dma.o
    0x08000ae2   0x00000002   Code   RO          504    i.DebugMon_Handler  stm32f4xx_it.o
    0x08000ae4   0x00000200   Code   RO          435    i.EMRR_GetRaderObjCloset  emrr.o
    0x08000ce4   0x00000030   Code   RO          436    i.EMRR_Init         emrr.o
    0x08000d14   0x0000011c   Code   RO          437    i.GetRadarObjGeneral_func  emrr.o
    0x08000e30   0x0000002c   Code   RO         4043    i.HAL_CAN_ActivateNotification  stm32f4xx_hal_can.o
    0x08000e5c   0x0000012a   Code   RO         4044    i.HAL_CAN_AddTxMessage  stm32f4xx_hal_can.o
    0x08000f86   0x00000002   PAD
    0x08000f88   0x00000144   Code   RO         4045    i.HAL_CAN_ConfigFilter  stm32f4xx_hal_can.o
    0x080010cc   0x00000002   Code   RO         4048    i.HAL_CAN_ErrorCallback  stm32f4xx_hal_can.o
    0x080010ce   0x00000188   Code   RO         4051    i.HAL_CAN_GetRxMessage  stm32f4xx_hal_can.o
    0x08001256   0x0000024e   Code   RO         4055    i.HAL_CAN_IRQHandler  stm32f4xx_hal_can.o
    0x080014a4   0x00000176   Code   RO         4056    i.HAL_CAN_Init      stm32f4xx_hal_can.o
    0x0800161a   0x00000002   PAD
    0x0800161c   0x00000128   Code   RO          673    i.HAL_CAN_MspInit   stm32f4xx_hal_msp.o
    0x08001744   0x00000002   Code   RO         4063    i.HAL_CAN_RxFifo0FullCallback  stm32f4xx_hal_can.o
    0x08001746   0x00000002   PAD
    0x08001748   0x00000040   Code   RO          747    i.HAL_CAN_RxFifo0MsgPendingCallback  main.o
    0x08001788   0x00000002   Code   RO         4065    i.HAL_CAN_RxFifo1FullCallback  stm32f4xx_hal_can.o
    0x0800178a   0x00000002   Code   RO         4066    i.HAL_CAN_RxFifo1MsgPendingCallback  stm32f4xx_hal_can.o
    0x0800178c   0x00000002   Code   RO         4067    i.HAL_CAN_SleepCallback  stm32f4xx_hal_can.o
    0x0800178e   0x00000060   Code   RO         4068    i.HAL_CAN_Start     stm32f4xx_hal_can.o
    0x080017ee   0x00000002   Code   RO         4070    i.HAL_CAN_TxMailbox0AbortCallback  stm32f4xx_hal_can.o
    0x080017f0   0x00000002   Code   RO         4071    i.HAL_CAN_TxMailbox0CompleteCallback  stm32f4xx_hal_can.o
    0x080017f2   0x00000002   Code   RO         4072    i.HAL_CAN_TxMailbox1AbortCallback  stm32f4xx_hal_can.o
    0x080017f4   0x00000002   Code   RO         4073    i.HAL_CAN_TxMailbox1CompleteCallback  stm32f4xx_hal_can.o
    0x080017f6   0x00000002   Code   RO         4074    i.HAL_CAN_TxMailbox2AbortCallback  stm32f4xx_hal_can.o
    0x080017f8   0x00000002   Code   RO         4075    i.HAL_CAN_TxMailbox2CompleteCallback  stm32f4xx_hal_can.o
    0x080017fa   0x00000002   Code   RO         4077    i.HAL_CAN_WakeUpFromRxMsgCallback  stm32f4xx_hal_can.o
    0x080017fc   0x00000024   Code   RO         3814    i.HAL_CRC_Init      stm32f4xx_hal_crc.o
    0x08001820   0x00000034   Code   RO          675    i.HAL_CRC_MspInit   stm32f4xx_hal_msp.o
    0x08001854   0x000000aa   Code   RO         3939    i.HAL_DMA_Abort     stm32f4xx_hal_dma.o
    0x080018fe   0x00000028   Code   RO         3940    i.HAL_DMA_Abort_IT  stm32f4xx_hal_dma.o
    0x08001926   0x00000002   PAD
    0x08001928   0x00000240   Code   RO         3944    i.HAL_DMA_IRQHandler  stm32f4xx_hal_dma.o
    0x08001b68   0x000000ec   Code   RO         3945    i.HAL_DMA_Init      stm32f4xx_hal_dma.o
    0x08001c54   0x000001f0   Code   RO         3873    i.HAL_GPIO_Init     stm32f4xx_hal_gpio.o
    0x08001e44   0x00000010   Code   RO         3875    i.HAL_GPIO_ReadPin  stm32f4xx_hal_gpio.o
    0x08001e54   0x00000008   Code   RO         3876    i.HAL_GPIO_TogglePin  stm32f4xx_hal_gpio.o
    0x08001e5c   0x0000000c   Code   RO         3877    i.HAL_GPIO_WritePin  stm32f4xx_hal_gpio.o
    0x08001e68   0x0000000c   Code   RO         2168    i.HAL_GetTick       stm32f4xx_hal.o
    0x08001e74   0x00000018   Code   RO         2172    i.HAL_IncTick       stm32f4xx_hal.o
    0x08001e8c   0x0000003c   Code   RO         2173    i.HAL_Init          stm32f4xx_hal.o
    0x08001ec8   0x0000008c   Code   RO          632    i.HAL_InitTick      stm32f4xx_hal_timebase_tim.o
    0x08001f54   0x0000007c   Code   RO          676    i.HAL_MspInit       stm32f4xx_hal_msp.o
    0x08001fd0   0x0000001a   Code   RO         2451    i.HAL_NVIC_EnableIRQ  stm32f4xx_hal_cortex.o
    0x08001fea   0x0000007c   Code   RO         2457    i.HAL_NVIC_SetPriority  stm32f4xx_hal_cortex.o
    0x08002066   0x00000002   PAD
    0x08002068   0x00000028   Code   RO         2458    i.HAL_NVIC_SetPriorityGrouping  stm32f4xx_hal_cortex.o
    0x08002090   0x00000180   Code   RO         4612    i.HAL_RCC_ClockConfig  stm32f4xx_hal_rcc.o
    0x08002210   0x00000044   Code   RO         4616    i.HAL_RCC_GetClockConfig  stm32f4xx_hal_rcc.o
    0x08002254   0x0000000c   Code   RO         4617    i.HAL_RCC_GetHCLKFreq  stm32f4xx_hal_rcc.o
    0x08002260   0x00000020   Code   RO         4619    i.HAL_RCC_GetPCLK1Freq  stm32f4xx_hal_rcc.o
    0x08002280   0x00000020   Code   RO         4620    i.HAL_RCC_GetPCLK2Freq  stm32f4xx_hal_rcc.o
    0x080022a0   0x000000b0   Code   RO         4621    i.HAL_RCC_GetSysClockFreq  stm32f4xx_hal_rcc.o
    0x08002350   0x00000448   Code   RO         3415    i.HAL_RCC_OscConfig  stm32f4xx_hal_rcc_ex.o
    0x08002798   0x00000028   Code   RO         2460    i.HAL_SYSTICK_CLKSourceConfig  stm32f4xx_hal_cortex.o
    0x080027c0   0x00000034   Code   RO         2462    i.HAL_SYSTICK_Config  stm32f4xx_hal_cortex.o
    0x080027f4   0x00000002   Code   RO         4354    i.HAL_TIMEx_BreakCallback  stm32f4xx_hal_tim_ex.o
    0x080027f6   0x00000002   Code   RO         4355    i.HAL_TIMEx_CommutationCallback  stm32f4xx_hal_tim_ex.o
    0x080027f8   0x00000062   Code   RO         4371    i.HAL_TIMEx_MasterConfigSynchronization  stm32f4xx_hal_tim_ex.o
    0x0800285a   0x00000034   Code   RO         2588    i.HAL_TIM_Base_Init  stm32f4xx_hal_tim.o
    0x0800288e   0x00000002   PAD
    0x08002890   0x0000005c   Code   RO          678    i.HAL_TIM_Base_MspInit  stm32f4xx_hal_msp.o
    0x080028ec   0x0000001e   Code   RO         2593    i.HAL_TIM_Base_Start_IT  stm32f4xx_hal_tim.o
    0x0800290a   0x00000132   Code   RO         2597    i.HAL_TIM_ConfigClockSource  stm32f4xx_hal_tim.o
    0x08002a3c   0x00000002   Code   RO         2617    i.HAL_TIM_IC_CaptureCallback  stm32f4xx_hal_tim.o
    0x08002a3e   0x00000196   Code   RO         2630    i.HAL_TIM_IRQHandler  stm32f4xx_hal_tim.o
    0x08002bd4   0x00000002   Code   RO         2633    i.HAL_TIM_OC_DelayElapsedCallback  stm32f4xx_hal_tim.o
    0x08002bd6   0x00000002   Code   RO         2660    i.HAL_TIM_PWM_PulseFinishedCallback  stm32f4xx_hal_tim.o
    0x08002bd8   0x00000018   Code   RO          748    i.HAL_TIM_PeriodElapsedCallback  main.o
    0x08002bf0   0x00000002   Code   RO         2671    i.HAL_TIM_TriggerCallback  stm32f4xx_hal_tim.o
    0x08002bf2   0x00000066   Code   RO         3498    i.HAL_UART_DMAStop  stm32f4xx_hal_uart.o
    0x08002c58   0x00000002   Code   RO         3500    i.HAL_UART_ErrorCallback  stm32f4xx_hal_uart.o
    0x08002c5a   0x00000002   PAD
    0x08002c5c   0x0000014c   Code   RO         3503    i.HAL_UART_IRQHandler  stm32f4xx_hal_uart.o
    0x08002da8   0x00000072   Code   RO         3504    i.HAL_UART_Init     stm32f4xx_hal_uart.o
    0x08002e1a   0x00000002   PAD
    0x08002e1c   0x000002fc   Code   RO          680    i.HAL_UART_MspInit  stm32f4xx_hal_msp.o
    0x08003118   0x00000002   Code   RO         3510    i.HAL_UART_RxCpltCallback  stm32f4xx_hal_uart.o
    0x0800311a   0x00000002   Code   RO         3515    i.HAL_UART_TxCpltCallback  stm32f4xx_hal_uart.o
    0x0800311c   0x00000004   Code   RO          505    i.HardFault_Handler  stm32f4xx_it.o
    0x08003120   0x00000058   Code   RO          749    i.MX_CAN1_Init      main.o
    0x08003178   0x00000058   Code   RO          750    i.MX_CAN2_Init      main.o
    0x080031d0   0x0000005c   Code   RO          751    i.MX_CAN3_Init      main.o
    0x0800322c   0x00000034   Code   RO          752    i.MX_CRC_Init       main.o
    0x08003260   0x00000088   Code   RO          753    i.MX_DMA_Init       main.o
    0x080032e8   0x00000154   Code   RO          754    i.MX_GPIO_Init      main.o
    0x0800343c   0x00000078   Code   RO          755    i.MX_TIM2_Init      main.o
    0x080034b4   0x00000078   Code   RO          756    i.MX_TIM3_Init      main.o
    0x0800352c   0x0000004c   Code   RO          757    i.MX_UART5_Init     main.o
    0x08003578   0x0000004c   Code   RO          758    i.MX_USART1_UART_Init  main.o
    0x080035c4   0x0000004c   Code   RO          759    i.MX_USART2_UART_Init  main.o
    0x08003610   0x0000004c   Code   RO          760    i.MX_USART3_UART_Init  main.o
    0x0800365c   0x00000004   Code   RO          506    i.MemManage_Handler  stm32f4xx_it.o
    0x08003660   0x00000002   Code   RO          507    i.NMI_Handler       stm32f4xx_it.o
    0x08003662   0x00000002   PAD
    0x08003664   0x00000010   Code   RO         2464    i.NVIC_GetPriorityGrouping  stm32f4xx_hal_cortex.o
    0x08003674   0x00000028   Code   RO         2465    i.NVIC_SetPriority  stm32f4xx_hal_cortex.o
    0x0800369c   0x00000120   Code   RO          763    i.StartCalculateTask  main.o
    0x080037bc   0x0000000a   Code   RO          764    i.StartDefaultTask  main.o
    0x080037c6   0x00000002   PAD
    0x080037c8   0x000000b8   Code   RO          765    i.StartGyroCommTask  main.o
    0x08003880   0x00000058   Code   RO          766    i.StartRadarCommTask  main.o
    0x080038d8   0x000000ac   Code   RO          768    i.StartSoundWarningTask  main.o
    0x08003984   0x00000008   Code   RO          508    i.SysTick_Handler   stm32f4xx_it.o
    0x0800398c   0x000000e0   Code   RO          770    i.SystemClock_Config  main.o
    0x08003a6c   0x00000064   Code   RO         4989    i.SystemInit        system_stm32f4xx.o
    0x08003ad0   0x00000010   Code   RO          509    i.TIM4_IRQHandler   stm32f4xx_it.o
    0x08003ae0   0x000000e4   Code   RO         2672    i.TIM_Base_SetConfig  stm32f4xx_hal_tim.o
    0x08003bc4   0x00000018   Code   RO         2679    i.TIM_ETR_SetConfig  stm32f4xx_hal_tim.o
    0x08003bdc   0x00000014   Code   RO         2680    i.TIM_ITRx_SetConfig  stm32f4xx_hal_tim.o
    0x08003bf0   0x0000002a   Code   RO         2686    i.TIM_TI1_ConfigInputStage  stm32f4xx_hal_tim.o
    0x08003c1a   0x0000002c   Code   RO         2688    i.TIM_TI2_ConfigInputStage  stm32f4xx_hal_tim.o
    0x08003c46   0x00000002   PAD
    0x08003c48   0x00000010   Code   RO          510    i.UART5_IRQHandler  stm32f4xx_it.o
    0x08003c58   0x00000014   Code   RO         3517    i.UART_DMAAbortOnError  stm32f4xx_hal_uart.o
    0x08003c6c   0x00000020   Code   RO         3527    i.UART_EndRxTransfer  stm32f4xx_hal_uart.o
    0x08003c8c   0x00000020   Code   RO         3528    i.UART_EndTransmit_IT  stm32f4xx_hal_uart.o
    0x08003cac   0x00000014   Code   RO         3529    i.UART_EndTxTransfer  stm32f4xx_hal_uart.o
    0x08003cc0   0x0000009a   Code   RO         3530    i.UART_Receive_IT   stm32f4xx_hal_uart.o
    0x08003d5a   0x00000002   PAD
    0x08003d5c   0x00000368   Code   RO         3531    i.UART_SetConfig    stm32f4xx_hal_uart.o
    0x080040c4   0x00000068   Code   RO         3532    i.UART_Transmit_IT  stm32f4xx_hal_uart.o
    0x0800412c   0x00000058   Code   RO          511    i.USART1_IRQHandler  stm32f4xx_it.o
    0x08004184   0x00000010   Code   RO          512    i.USART2_IRQHandler  stm32f4xx_it.o
    0x08004194   0x0000004c   Code   RO          513    i.USART3_IRQHandler  stm32f4xx_it.o
    0x080041e0   0x00000004   Code   RO          514    i.UsageFault_Handler  stm32f4xx_it.o
    0x080041e4   0x00000094   Code   RO          202    i.WTN6_Broadcast    wtn6040.o
    0x08004278   0x00000004   Code   RO          772    i._Error_Handler    main.o
    0x0800427c   0x00000030   Code   RO         5119    i.__ARM_fpclassify  m_wm.l(fpclassify.o)
    0x080042ac   0x00000014   Code   RO         5022    i.__hardfp_fabs     m_wm.l(fabs.o)
    0x080042c0   0x000000c8   Code   RO         5028    i.__hardfp_sin      m_wm.l(sin.o)
    0x08004388   0x00000438   Code   RO         5076    i.__ieee754_rem_pio2  m_wm.l(rred.o)
    0x080047c0   0x00000170   Code   RO         5059    i.__kernel_cos      m_wm.l(cos_i.o)
    0x08004930   0x000000f8   Code   RO         5121    i.__kernel_poly     m_wm.l(poly.o)
    0x08004a28   0x00000130   Code   RO         5081    i.__kernel_sin      m_wm.l(sin_i.o)
    0x08004b58   0x00000014   Code   RO         5063    i.__mathlib_dbl_infnan  m_wm.l(dunder.o)
    0x08004b6c   0x00000004   PAD
    0x08004b70   0x00000020   Code   RO         5065    i.__mathlib_dbl_invalid  m_wm.l(dunder.o)
    0x08004b90   0x00000020   Code   RO         5068    i.__mathlib_dbl_underflow  m_wm.l(dunder.o)
    0x08004bb0   0x0000000e   Code   RO         5135    i.__scatterload_copy  mc_w.l(handlers.o)
    0x08004bbe   0x00000002   Code   RO         5136    i.__scatterload_null  mc_w.l(handlers.o)
    0x08004bc0   0x0000000e   Code   RO         5137    i.__scatterload_zeroinit  mc_w.l(handlers.o)
    0x08004bce   0x00000002   PAD
    0x08004bd0   0x0000000c   Code   RO         5107    i.__set_errno       mc_w.l(errno.o)
    0x08004bdc   0x00000044   Code   RO          271    i.delay_init        delay.o
    0x08004c20   0x00000040   Code   RO          272    i.delay_ms          delay.o
    0x08004c60   0x00000048   Code   RO          273    i.delay_us          delay.o
    0x08004ca8   0x00000018   Code   RO         5024    i.fabs              m_wm.l(fabs.o)
    0x08004cc0   0x00000010   Code   RO         1180    i.inHandlerMode     cmsis_os.o
    0x08004cd0   0x00000178   Code   RO          773    i.main              main.o
    0x08004e48   0x0000000e   Code   RO         1182    i.makeFreeRtosPriority  cmsis_os.o
    0x08004e56   0x00000018   Code   RO         1184    i.osDelay           cmsis_os.o
    0x08004e6e   0x0000000a   Code   RO         1188    i.osKernelStart     cmsis_os.o
    0x08004e78   0x0000002c   Code   RO         1214    i.osSemaphoreCreate  cmsis_os.o
    0x08004ea4   0x00000050   Code   RO         1217    i.osSemaphoreRelease  cmsis_os.o
    0x08004ef4   0x0000006c   Code   RO         1218    i.osSemaphoreWait   cmsis_os.o
    0x08004f60   0x00000010   Code   RO         1221    i.osSystickHandler  cmsis_os.o
    0x08004f70   0x00000030   Code   RO         1222    i.osThreadCreate    cmsis_os.o
    0x08004fa0   0x00000098   Code   RO         1713    i.prvAddCurrentTaskToDelayedList  tasks.o
    0x08005038   0x000000b4   Code   RO         1714    i.prvAddNewTaskToReadyList  tasks.o
    0x080050ec   0x00000064   Code   RO         1715    i.prvCheckTasksWaitingTermination  tasks.o
    0x08005150   0x0000002a   Code   RO         1003    i.prvCopyDataFromQueue  queue.o
    0x0800517a   0x0000007c   Code   RO         1004    i.prvCopyDataToQueue  queue.o
    0x080051f6   0x00000012   Code   RO         1716    i.prvDeleteTCB      tasks.o
    0x08005208   0x0000007c   Code   RO          932    i.prvHeapInit       heap_4.o
    0x08005284   0x00000028   Code   RO         1717    i.prvIdleTask       tasks.o
    0x080052ac   0x00000026   Code   RO         1006    i.prvInitialiseNewQueue  queue.o
    0x080052d2   0x000000aa   Code   RO         1718    i.prvInitialiseNewTask  tasks.o
    0x0800537c   0x00000068   Code   RO         1719    i.prvInitialiseTaskLists  tasks.o
    0x080053e4   0x00000068   Code   RO          933    i.prvInsertBlockIntoFreeList  heap_4.o
    0x0800544c   0x0000001a   Code   RO         1007    i.prvIsQueueEmpty   queue.o
    0x08005466   0x0000001e   Code   RO         1008    i.prvIsQueueFull    queue.o
    0x08005484   0x00000034   Code   RO         1720    i.prvResetNextTaskUnblockTime  tasks.o
    0x080054b8   0x00000040   Code   RO         1636    i.prvTaskExitError  port.o
    0x080054f8   0x0000007e   Code   RO         1009    i.prvUnlockQueue    queue.o
    0x08005576   0x00000002   PAD
    0x08005578   0x0000013c   Code   RO          934    i.pvPortMalloc      heap_4.o
    0x080056b4   0x00000020   Code   RO         1722    i.pvTaskIncrementMutexHeldCount  tasks.o
    0x080056d4   0x0000002c   Code   RO         1637    i.pxPortInitialiseStack  port.o
    0x08005700   0x00000028   Code   RO         1998    i.uxListRemove      list.o
    0x08005728   0x0000001a   Code   RO         1999    i.vListInitialise   list.o
    0x08005742   0x00000006   Code   RO         2000    i.vListInitialiseItem  list.o
    0x08005748   0x00000034   Code   RO         2001    i.vListInsert       list.o
    0x0800577c   0x00000018   Code   RO         2002    i.vListInsertEnd    list.o
    0x08005794   0x00000054   Code   RO         1639    i.vPortEnterCritical  port.o
    0x080057e8   0x0000003c   Code   RO         1640    i.vPortExitCritical  port.o
    0x08005824   0x00000094   Code   RO          935    i.vPortFree         heap_4.o
    0x080058b8   0x00000020   Code   RO         1641    i.vPortSetupTimerInterrupt  port.o
    0x080058d8   0x00000078   Code   RO         1642    i.vPortValidateInterruptPriority  port.o
    0x08005950   0x0000005c   Code   RO         1728    i.vTaskDelay        tasks.o
    0x080059ac   0x0000000c   Code   RO         1731    i.vTaskMissedYield  tasks.o
    0x080059b8   0x00000038   Code   RO         1733    i.vTaskPlaceOnEventList  tasks.o
    0x080059f0   0x000000b0   Code   RO         1735    i.vTaskPriorityInherit  tasks.o
    0x08005aa0   0x00000030   Code   RO         1738    i.vTaskSetTimeOutState  tasks.o
    0x08005ad0   0x00000088   Code   RO         1739    i.vTaskStartScheduler  tasks.o
    0x08005b58   0x00000010   Code   RO         1741    i.vTaskSuspendAll   tasks.o
    0x08005b68   0x0000008c   Code   RO         1742    i.vTaskSwitchContext  tasks.o
    0x08005bf4   0x0000013c   Code   RO         1643    i.xPortStartScheduler  port.o
    0x08005d30   0x00000034   Code   RO         1644    i.xPortSysTickHandler  port.o
    0x08005d64   0x00000058   Code   RO         1017    i.xQueueGenericCreate  queue.o
    0x08005dbc   0x000001c4   Code   RO         1018    i.xQueueGenericReceive  queue.o
    0x08005f80   0x00000098   Code   RO         1019    i.xQueueGenericReset  queue.o
    0x08006018   0x000001a8   Code   RO         1020    i.xQueueGenericSend  queue.o
    0x080061c0   0x000000e0   Code   RO         1022    i.xQueueGiveFromISR  queue.o
    0x080062a0   0x000000ca   Code   RO         1026    i.xQueueReceiveFromISR  queue.o
    0x0800636a   0x00000002   PAD
    0x0800636c   0x0000008c   Code   RO         1743    i.xTaskCheckForTimeOut  tasks.o
    0x080063f8   0x00000060   Code   RO         1744    i.xTaskCreate       tasks.o
    0x08006458   0x00000020   Code   RO         1748    i.xTaskGetSchedulerState  tasks.o
    0x08006478   0x00000148   Code   RO         1751    i.xTaskIncrementTick  tasks.o
    0x080065c0   0x000000c8   Code   RO         1754    i.xTaskPriorityDisinherit  tasks.o
    0x08006688   0x00000098   Code   RO         1755    i.xTaskRemoveFromEventList  tasks.o
    0x08006720   0x00000104   Code   RO         1757    i.xTaskResumeAll    tasks.o
    0x08006824   0x00000028   Data   RO          438    .constdata          emrr.o
    0x0800684c   0x0000008c   Data   RO          775    .constdata          main.o
    0x080068d8   0x00000008   Data   RO         3951    .constdata          stm32f4xx_hal_dma.o
    0x080068e0   0x00000018   Data   RO         4990    .constdata          system_stm32f4xx.o
    0x080068f8   0x00000030   Data   RO         5060    .constdata          m_wm.l(cos_i.o)
    0x08006928   0x000000c8   Data   RO         5078    .constdata          m_wm.l(rred.o)
    0x080069f0   0x00000028   Data   RO         5082    .constdata          m_wm.l(sin_i.o)
    0x08006a18   0x00000042   Data   RO          776    .conststring        main.o
    0x08006a5a   0x00000002   PAD
    0x08006a5c   0x00000020   Data   RO         5133    Region$$Table       anon$$obj.o


    Execution Region RW_IRAM1 (Base: 0x20000000, Size: 0x00004da0, Max: 0x00050000, ABSOLUTE, COMPRESSED[0x00000028])

    Base Addr    Size         Type   Attr      Idx    E Section Name        Object

    0x20000000   0x00000004   Data   RW          275    .data               delay.o
    0x20000004   0x0000006c   Data   RW          327    .data               ars408.o
    0x20000070   0x0000009c   Data   RW          777    .data               main.o
    0x2000010c   0x00000018   Data   RW          940    .data               heap_4.o
    0x20000124   0x0000000c   Data   RW         1645    .data               port.o
    0x20000130   0x0000003c   Data   RW         1760    .data               tasks.o
    0x2000016c   0x00000009   Data   RW         2180    .data               stm32f4xx_hal.o
    0x20000175   0x00000003   PAD
    0x20000178   0x00000004   Data   RW         4991    .data               system_stm32f4xx.o
    0x2000017c   0x00000004   Data   RW         5108    .data               mc_w.l(errno.o)
    0x20000180   0x0000003c   Zero   RW          635    .bss                stm32f4xx_hal_timebase_tim.o
    0x200001bc   0x00000aef   Zero   RW          774    .bss                main.o
    0x20000cab   0x00003c00   Zero   RW          939    .bss                heap_4.o
    0x200048ab   0x00000001   PAD
    0x200048ac   0x000000f0   Zero   RW         1759    .bss                tasks.o
    0x2000499c   0x00000004   PAD
    0x200049a0   0x00000400   Zero   RW            1    STACK               startup_stm32f413xx.o


==============================================================================

Image component sizes


      Code (inc. data)   RO Data    RW Data    ZI Data      Debug   Object Name

         0          0          0          0          0     687388   adas.o
        92         12          0        108          0       7101   ars408.o
       360          8          0          0          0      17613   cmsis_os.o
       204         18          0          4          0       2051   delay.o
       844         58         40          0          0       3387   emrr.o
       692         62          0         24      15360       8851   heap_4.o
       148          0          0          0          0       3542   list.o
      2788        470        206        156       2799      17219   main.o
       958         92          0         12          0      12009   port.o
      1928         16          0          0          0      22105   queue.o
        36          8        472          0       1024        832   startup_stm32f413xx.o
        96         20          0          9          0       3234   stm32f4xx_hal.o
      2142         10          0          0          0      13999   stm32f4xx_hal_can.o
       338         22          0          0          0      31481   stm32f4xx_hal_cortex.o
        36          0          0          0          0       1035   stm32f4xx_hal_crc.o
      1244         16          8          0          0       5347   stm32f4xx_hal_dma.o
       532         40          0          0          0       3572   stm32f4xx_hal_gpio.o
      1328        136          0          0          0       4265   stm32f4xx_hal_msp.o
       704         68          0          0          0       4669   stm32f4xx_hal_rcc.o
      1096         24          0          0          0       1852   stm32f4xx_hal_rcc_ex.o
      1160         44          0          0          0       9415   stm32f4xx_hal_tim.o
       102          0          0          0          0       2326   stm32f4xx_hal_tim_ex.o
       140         18          0          0         60       1484   stm32f4xx_hal_timebase_tim.o
      1788         14          0          0          0       9018   stm32f4xx_hal_uart.o
       352         80          0          0          0      10262   stm32f4xx_it.o
       100         18         24          4          0       1143   system_stm32f4xx.o
      2732        358          0         60        240      22487   tasks.o
       148          8          0          0          0      21349   wtn6040.o

    ----------------------------------------------------------------------
     22120       1620        784        380      19488     929036   Object Totals
         0          0         32          0          0          0   (incl. Generated)
        32          0          2          3          5          0   (incl. Padding)

    ----------------------------------------------------------------------

      Code (inc. data)   RO Data    RW Data    ZI Data      Debug   Library Member Name

       368         46         48          0          0        200   cos_i.o
        84         16          0          0          0        372   dunder.o
        44          0          0          0          0        248   fabs.o
        48          0          0          0          0        124   fpclassify.o
       248          0          0          0          0        152   poly.o
      1080        142        200          0          0        188   rred.o
       200         20          0          0          0        164   sin.o
       304         24         40          0          0        208   sin_i.o
        58          0          0          0          0          0   __dczerorl.o
         0          0          0          0          0          0   entry.o
         0          0          0          0          0          0   entry10a.o
         0          0          0          0          0          0   entry11a.o
         8          4          0          0          0          0   entry2.o
         4          0          0          0          0          0   entry5.o
         0          0          0          0          0          0   entry7b.o
         0          0          0          0          0          0   entry8b.o
         8          4          0          0          0          0   entry9a.o
        12          6          0          4          0         68   errno.o
        30          0          0          0          0          0   handlers.o
        36          8          0          0          0         68   init.o
         0          0          0          0          0          0   iusefp.o
        30          0          0          0          0         68   llshl.o
        36          0          0          0          0         68   llsshr.o
        32          0          0          0          0         68   llushr.o
        36          0          0          0          0         68   memcpya.o
        98          0          0          0          0         92   uldiv.o
        56          0          0          0          0         88   d2f.o
       334          0          0          0          0        148   dadd.o
       222          0          0          0          0        100   ddiv.o
       186          0          0          0          0        176   depilogue.o
        62          0          0          0          0         80   dfixi.o
        34          0          0          0          0         76   dflti.o
        26          0          0          0          0         76   dfltui.o
       228          0          0          0          0         96   dmul.o
        38          0          0          0          0         68   f2d.o
       110          0          0          0          0        168   fepilogue.o

    ----------------------------------------------------------------------
      4068        270        288          4          0       3232   Library Totals
         8          0          0          0          0          0   (incl. Padding)

    ----------------------------------------------------------------------

      Code (inc. data)   RO Data    RW Data    ZI Data      Debug   Library Name

      2376        248        288          0          0       1656   m_wm.l
       388         22          0          4          0        500   mc_w.l
      1296          0          0          0          0       1076   mf_w.l

    ----------------------------------------------------------------------
      4068        270        288          4          0       3232   Library Totals

    ----------------------------------------------------------------------

==============================================================================


      Code (inc. data)   RO Data    RW Data    ZI Data      Debug   

     26188       1890       1072        384      19488     911824   Grand Totals
     26188       1890       1072         40      19488     911824   ELF Image Totals (compressed)
     26188       1890       1072         40          0          0   ROM Totals

==============================================================================

    Total RO  Size (Code + RO Data)                27260 (  26.62kB)
    Total RW  Size (RW Data + ZI Data)             19872 (  19.41kB)
    Total ROM Size (Code + RO Data + RW Data)      27300 (  26.66kB)

==============================================================================

